Archive member included to satisfy reference by file (symbol)

D:/STM32_Tools/gcc/bin/../lib/gcc/arm-none-eabi/15.2.1/thumb/v7e-m+fp/hard\libgcc.a(_aeabi_uldivmod.o)
                              cmake/stm32cubemx/CMakeFiles/STM32_Drivers.dir/__/__/Drivers/STM32F4xx_HAL_Driver/Src/stm32f4xx_hal_rcc.c.obj (__aeabi_uldivmod)
D:/STM32_Tools/gcc/bin/../lib/gcc/arm-none-eabi/15.2.1/thumb/v7e-m+fp/hard\libgcc.a(_udivmoddi4.o)
                              D:/STM32_Tools/gcc/bin/../lib/gcc/arm-none-eabi/15.2.1/thumb/v7e-m+fp/hard\libgcc.a(_aeabi_uldivmod.o) (__udivmoddi4)
D:/STM32_Tools/gcc/bin/../lib/gcc/arm-none-eabi/15.2.1/thumb/v7e-m+fp/hard\libgcc.a(_dvmd_tls.o)
                              D:/STM32_Tools/gcc/bin/../lib/gcc/arm-none-eabi/15.2.1/thumb/v7e-m+fp/hard\libgcc.a(_aeabi_uldivmod.o) (__aeabi_ldiv0)
D:/STM32_Tools/gcc/bin/../lib/gcc/arm-none-eabi/15.2.1/../../../../arm-none-eabi/lib/thumb/v7e-m+fp/hard\libg_nano.a(libc_a-exit.o)
                              D:/STM32_Tools/gcc/bin/../lib/gcc/arm-none-eabi/15.2.1/../../../../arm-none-eabi/lib/thumb/v7e-m+fp/hard/crt0.o (exit)
D:/STM32_Tools/gcc/bin/../lib/gcc/arm-none-eabi/15.2.1/../../../../arm-none-eabi/lib/thumb/v7e-m+fp/hard\libg_nano.a(libc_a-findfp.o)
                              D:/STM32_Tools/gcc/bin/../lib/gcc/arm-none-eabi/15.2.1/../../../../arm-none-eabi/lib/thumb/v7e-m+fp/hard\libg_nano.a(libc_a-exit.o) (__stdio_exit_handler)
D:/STM32_Tools/gcc/bin/../lib/gcc/arm-none-eabi/15.2.1/../../../../arm-none-eabi/lib/thumb/v7e-m+fp/hard\libg_nano.a(libc_a-fwalk.o)
                              D:/STM32_Tools/gcc/bin/../lib/gcc/arm-none-eabi/15.2.1/../../../../arm-none-eabi/lib/thumb/v7e-m+fp/hard\libg_nano.a(libc_a-findfp.o) (_fwalk_sglue)
D:/STM32_Tools/gcc/bin/../lib/gcc/arm-none-eabi/15.2.1/../../../../arm-none-eabi/lib/thumb/v7e-m+fp/hard\libg_nano.a(libc_a-stdio.o)
                              D:/STM32_Tools/gcc/bin/../lib/gcc/arm-none-eabi/15.2.1/../../../../arm-none-eabi/lib/thumb/v7e-m+fp/hard\libg_nano.a(libc_a-findfp.o) (__sread)
D:/STM32_Tools/gcc/bin/../lib/gcc/arm-none-eabi/15.2.1/../../../../arm-none-eabi/lib/thumb/v7e-m+fp/hard\libg_nano.a(libc_a-memset.o)
                              D:/STM32_Tools/gcc/bin/../lib/gcc/arm-none-eabi/15.2.1/../../../../arm-none-eabi/lib/thumb/v7e-m+fp/hard/crt0.o (memset)
D:/STM32_Tools/gcc/bin/../lib/gcc/arm-none-eabi/15.2.1/../../../../arm-none-eabi/lib/thumb/v7e-m+fp/hard\libg_nano.a(libc_a-closer.o)
                              D:/STM32_Tools/gcc/bin/../lib/gcc/arm-none-eabi/15.2.1/../../../../arm-none-eabi/lib/thumb/v7e-m+fp/hard\libg_nano.a(libc_a-stdio.o) (_close_r)
D:/STM32_Tools/gcc/bin/../lib/gcc/arm-none-eabi/15.2.1/../../../../arm-none-eabi/lib/thumb/v7e-m+fp/hard\libg_nano.a(libc_a-reent.o)
                              D:/STM32_Tools/gcc/bin/../lib/gcc/arm-none-eabi/15.2.1/../../../../arm-none-eabi/lib/thumb/v7e-m+fp/hard\libg_nano.a(libc_a-closer.o) (errno)
D:/STM32_Tools/gcc/bin/../lib/gcc/arm-none-eabi/15.2.1/../../../../arm-none-eabi/lib/thumb/v7e-m+fp/hard\libg_nano.a(libc_a-impure.o)
                              D:/STM32_Tools/gcc/bin/../lib/gcc/arm-none-eabi/15.2.1/../../../../arm-none-eabi/lib/thumb/v7e-m+fp/hard\libg_nano.a(libc_a-reent.o) (_impure_ptr)
D:/STM32_Tools/gcc/bin/../lib/gcc/arm-none-eabi/15.2.1/../../../../arm-none-eabi/lib/thumb/v7e-m+fp/hard\libg_nano.a(libc_a-lseekr.o)
                              D:/STM32_Tools/gcc/bin/../lib/gcc/arm-none-eabi/15.2.1/../../../../arm-none-eabi/lib/thumb/v7e-m+fp/hard\libg_nano.a(libc_a-stdio.o) (_lseek_r)
D:/STM32_Tools/gcc/bin/../lib/gcc/arm-none-eabi/15.2.1/../../../../arm-none-eabi/lib/thumb/v7e-m+fp/hard\libg_nano.a(libc_a-readr.o)
                              D:/STM32_Tools/gcc/bin/../lib/gcc/arm-none-eabi/15.2.1/../../../../arm-none-eabi/lib/thumb/v7e-m+fp/hard\libg_nano.a(libc_a-stdio.o) (_read_r)
D:/STM32_Tools/gcc/bin/../lib/gcc/arm-none-eabi/15.2.1/../../../../arm-none-eabi/lib/thumb/v7e-m+fp/hard\libg_nano.a(libc_a-writer.o)
                              D:/STM32_Tools/gcc/bin/../lib/gcc/arm-none-eabi/15.2.1/../../../../arm-none-eabi/lib/thumb/v7e-m+fp/hard\libg_nano.a(libc_a-stdio.o) (_write_r)
D:/STM32_Tools/gcc/bin/../lib/gcc/arm-none-eabi/15.2.1/../../../../arm-none-eabi/lib/thumb/v7e-m+fp/hard\libg_nano.a(libc_a-errno.o)
                              CMakeFiles/test.dir/Core/Src/sysmem.c.obj (__errno)
D:/STM32_Tools/gcc/bin/../lib/gcc/arm-none-eabi/15.2.1/../../../../arm-none-eabi/lib/thumb/v7e-m+fp/hard\libg_nano.a(libc_a-init.o)
                              D:/STM32_Tools/gcc/bin/../lib/gcc/arm-none-eabi/15.2.1/../../../../arm-none-eabi/lib/thumb/v7e-m+fp/hard/crt0.o (__libc_init_array)
D:/STM32_Tools/gcc/bin/../lib/gcc/arm-none-eabi/15.2.1/../../../../arm-none-eabi/lib/thumb/v7e-m+fp/hard\libg_nano.a(libc_a-lock.o)
[...]
Memory Configuration

Name             Origin             Length             Attributes
RAM              0x20000000         0x00020000         xrw
CCMRAM           0x10000000         0x00010000         xrw
FLASH            0x08000000         0x00100000         xr
*default*        0x00000000         0xffffffff

Linker script and memory map

LOAD D:/STM32_Tools/gcc/bin/../lib/gcc/arm-none-eabi/15.2.1/thumb/v7e-m+fp/hard/crti.o
LOAD D:/STM32_Tools/gcc/bin/../lib/gcc/arm-none-eabi/15.2.1/thumb/v7e-m+fp/hard/crtbegin.o
LOAD D:/STM32_Tools/gcc/bin/../lib/gcc/arm-none-eabi/15.2.1/../../../../arm-none-eabi/lib/thumb/v7e-m+fp/hard/crt0.o
LOAD cmake/stm32cubemx/CMakeFiles/STM32_Drivers.dir/__/__/Core/Src/system_stm32f4xx.c.obj
LOAD cmake/stm32cubemx/CMakeFiles/STM32_Drivers.dir/__/__/Drivers/STM32F4xx_HAL_Driver/Src/stm32f4xx_hal_rcc.c.obj
LOAD cmake/stm32cubemx/CMakeFiles/STM32_Drivers.dir/__/__/Drivers/STM32F4xx_HAL_Driver/Src/stm32f4xx_hal_rcc_ex.c.obj
LOAD cmake/stm32cubemx/CMakeFiles/STM32_Drivers.dir/__/__/Drivers/STM32F4xx_HAL_Driver/Src/stm32f4xx_hal_flash.c.obj
LOAD cmake/stm32cubemx/CMakeFiles/STM32_Drivers.dir/__/__/Drivers/STM32F4xx_HAL_Driver/Src/stm32f4xx_hal_flash_ex.c.obj
LOAD cmake/stm32cubemx/CMakeFiles/STM32_Drivers.dir/__/__/Drivers/STM32F4xx_HAL_Driver/Src/stm32f4xx_hal_flash_ramfunc.c.obj
LOAD cmake/stm32cubemx/CMakeFiles/STM32_Drivers.dir/__/__/Drivers/STM32F4xx_HAL_Driver/Src/stm32f4xx_hal_gpio.c.obj
LOAD cmake/stm32cubemx/CMakeFiles/STM32_Drivers.dir/__/__/Drivers/STM32F4xx_HAL_Driver/Src/stm32f4xx_hal_dma_ex.c.obj
LOAD cmake/stm32cubemx/CMakeFiles/STM32_Drivers.dir/__/__/Drivers/STM32F4xx_HAL_Driver/Src/stm32f4xx_hal_dma.c.obj
LOAD cmake/stm32cubemx/CMakeFiles/STM32_Drivers.dir/__/__/Drivers/STM32F4xx_HAL_Driver/Src/stm32f4xx_hal_pwr.c.obj
LOAD cmake/stm32cubemx/CMakeFiles/STM32_Drivers.dir/__/__/Drivers/STM32F4xx_HAL_Driver/Src/stm32f4xx_hal_pwr_ex.c.obj
LOAD cmake/stm32cubemx/CMakeFiles/STM32_Drivers.dir/__/__/Drivers/STM32F4xx_HAL_Driver/Src/stm32f4xx_hal_cortex.c.obj
LOAD cmake/stm32cubemx/CMakeFiles/STM32_Drivers.dir/__/__/Drivers/STM32F4xx_HAL_Driver/Src/stm32f4xx_hal.c.obj
LOAD cmake/stm32cubemx/CMakeFiles/STM32_Drivers.dir/__/__/Drivers/STM32F4xx_HAL_Driver/Src/stm32f4xx_hal_exti.c.obj
LOAD CMakeFiles/test.dir/Core/Src/main.c.obj
LOAD CMakeFiles/test.dir/Core/Src/gpio.c.obj
LOAD CMakeFiles/test.dir/Core/Src/stm32f4xx_it.c.obj
LOAD CMakeFiles/test.dir/Core/Src/stm32f4xx_hal_msp.c.obj
LOAD CMakeFiles/test.dir/Core/Src/sysmem.c.obj
LOAD CMakeFiles/test.dir/Core/Src/syscalls.c.obj
LOAD CMakeFiles/test.dir/startup_stm32f407xx.s.obj
LOAD CMakeFiles/test.dir/led_wzw/led.c.obj
LOAD D:/STM32_Tools/gcc/bin/../lib/gcc/arm-none-eabi/15.2.1/../../../../arm-none-eabi/lib/thumb/v7e-m+fp/hard\libm.a
START GROUP
LOAD D:/STM32_Tools/gcc/bin/../lib/gcc/arm-none-eabi/15.2.1/thumb/v7e-m+fp/hard\libgcc.a
LOAD D:/STM32_Tools/gcc/bin/../lib/gcc/arm-none-eabi/15.2.1/../../../../arm-none-eabi/lib/thumb/v7e-m+fp/hard\libg_nano.a
LOAD D:/STM32_Tools/gcc/bin/../lib/gcc/arm-none-eabi/15.2.1/../../../../arm-none-eabi/lib/thumb/v7e-m+fp/hard\libc_nano.a
END GROUP
START GROUP
LOAD D:/STM32_Tools/gcc/bin/../lib/gcc/arm-none-eabi/15.2.1/thumb/v7e-m+fp/hard\libgcc.a
LOAD D:/STM32_Tools/gcc/bin/../lib/gcc/arm-none-eabi/15.2.1/../../../../arm-none-eabi/lib/thumb/v7e-m+fp/hard\libc_nano.a
END GROUP
LOAD D:/STM32_Tools/gcc/bin/../lib/gcc/arm-none-eabi/15.2.1/thumb/v7e-m+fp/hard/crtend.o
LOAD D:/STM32_Tools/gcc/bin/../lib/gcc/arm-none-eabi/15.2.1/thumb/v7e-m+fp/hard/crtn.o
                0x20020000                        _estack = (ORIGIN (RAM) + LENGTH (RAM))
                0x00000200                        _Min_Heap_Size = 0x200
                0x00000400                        _Min_Stack_Size = 0x400

.isr_vector     0x08000000      0x188
                0x08000000                        . = ALIGN (0x4)
 *(.isr_vector)
 .isr_vector    0x08000000      0x188 CMakeFiles/test.dir/startup_stm32f407xx.s.obj
                0x08000000                g_pfnVectors
                0x08000188                        . = ALIGN (0x4)

.text           0x08000188     0x1240
                0x08000188                        . = ALIGN (0x4)
 *(.text)
 .text          0x08000188       0x30 D:/STM32_Tools/gcc/bin/../lib/gcc/arm-none-eabi/15.2.1/thumb/v7e-m+fp/hard\libgcc.a(_aeabi_uldivmod.o)
                0x08000188                __aeabi_uldivmod
 .text          0x080001b8        0x4 D:/STM32_Tools/gcc/bin/../lib/gcc/arm-none-eabi/15.2.1/thumb/v7e-m+fp/hard\libgcc.a(_dvmd_tls.o)
                0x080001b8                __aeabi_idiv0
                0x080001b8                __aeabi_ldiv0
 *(.text*)
 .text.deregister_tm_clones
                0x080001bc       0x1c D:/STM32_Tools/gcc/bin/../lib/gcc/arm-none-eabi/15.2.1/thumb/v7e-m+fp/hard/crtbegin.o
 .text.register_tm_clones
                0x080001d8       0x24 D:/STM32_Tools/gcc/bin/../lib/gcc/arm-none-eabi/15.2.1/thumb/v7e-m+fp/hard/crtbegin.o
 .text.__do_global_dtors_aux
                0x080001fc       0x28 D:/STM32_Tools/gcc/bin/../lib/gcc/arm-none-eabi/15.2.1/thumb/v7e-m+fp/hard/crtbegin.o
 .text.frame_dummy
                0x08000224       0x24 D:/STM32_Tools/gcc/bin/../lib/gcc/arm-none-eabi/15.2.1/thumb/v7e-m+fp/hard/crtbegin.o
 .text.SystemInit
                0x08000248       0x20 cmake/stm32cubemx/CMakeFiles/STM32_Drivers.dir/__/__/Core/Src/system_stm32f4xx.c.obj
                0x08000248                SystemInit
 .text.HAL_RCC_OscConfig
                0x08000268      0x4f0 cmake/stm32cubemx/CMakeFiles/STM32_Drivers.dir/__/__/Drivers/STM32F4xx_HAL_Driver/Src/stm32f4xx_hal_rcc.c.obj
                0x08000268                HAL_RCC_OscConfig
 .text.HAL_RCC_ClockConfig
                0x08000758      0x1cc cmake/stm32cubemx/CMakeFiles/STM32_Drivers.dir/__/__/Drivers/STM32F4xx_HAL_Driver/Src/stm32f4xx_hal_rcc.c.obj
                0x08000758                HAL_RCC_ClockConfig
 .text.HAL_RCC_GetSysClockFreq
                0x08000924      0x188 cmake/stm32cubemx/CMakeFiles/STM32_Drivers.dir/__/__/Drivers/STM32F4xx_HAL_Driver/Src/stm32f4xx_hal_rcc.c.obj
                0x08000924                HAL_RCC_GetSysClockFreq
 .text.HAL_GPIO_WritePin
                0x08000aac       0x30 cmake/stm32cubemx/CMakeFiles/STM32_Drivers.dir/__/__/Drivers/STM32F4xx_HAL_Driver/Src/stm32f4xx_hal_gpio.c.obj
                0x08000aac                HAL_GPIO_WritePin
 .text.__NVIC_SetPriorityGrouping
                0x08000adc       0x48 cmake/stm32cubemx/CMakeFiles/STM32_Drivers.dir/__/__/Drivers/STM32F4xx_HAL_Driver/Src/stm32f4xx_hal_cortex.c.obj
 .text.__NVIC_GetPriorityGrouping
                0x08000b24       0x1c cmake/stm32cubemx/CMakeFiles/STM32_Drivers.dir/__/__/Drivers/STM32F4xx_HAL_Driver/Src/stm32f4xx_hal_cortex.c.obj
 .text.__NVIC_SetPriority
                0x08000b40       0x54 cmake/stm32cubemx/CMakeFiles/STM32_Drivers.dir/__/__/Drivers/STM32F4xx_HAL_Driver/Src/stm32f4xx_hal_cortex.c.obj
 .text.NVIC_EncodePriority
                0x08000b94       0x6e cmake/stm32cubemx/CMakeFiles/STM32_Drivers.dir/__/__/Drivers/STM32F4xx_HAL_Driver/Src/stm32f4xx_hal_cortex.c.obj
 *fill*         0x08000c02        0x2 
 .text.SysTick_Config
                0x08000c04       0x44 cmake/stm32cubemx/CMakeFiles/STM32_Drivers.dir/__/__/Drivers/STM32F4xx_HAL_Driver/Src/stm32f4xx_hal_cortex.c.obj
 .text.HAL_NVIC_SetPriorityGrouping
                0x08000c48       0x16 cmake/stm32cubemx/CMakeFiles/STM32_Drivers.dir/__/__/Drivers/STM32F4xx_HAL_Driver/Src/stm32f4xx_hal_cortex.c.obj
                0x08000c48                HAL_NVIC_SetPriorityGrouping
 .text.HAL_NVIC_SetPriority
                0x08000c5e       0x38 cmake/stm32cubemx/CMakeFiles/STM32_Drivers.dir/__/__/Drivers/STM32F4xx_HAL_Driver/Src/stm32f4xx_hal_cortex.c.obj
                0x08000c5e                HAL_NVIC_SetPriority
 .text.HAL_SYSTICK_Config
                0x08000c96       0x18 cmake/stm32cubemx/CMakeFiles/STM32_Drivers.dir/__/__/Drivers/STM32F4xx_HAL_Driver/Src/stm32f4xx_hal_cortex.c.obj
                0x08000c96                HAL_SYSTICK_Config
 *fill*         0x08000cae        0x2 
 .text.HAL_Init
                0x08000cb0       0x44 cmake/stm32cubemx/CMakeFiles/STM32_Drivers.dir/__/__/Drivers/STM32F4xx_HAL_Driver/Src/stm32f4xx_hal.c.obj
                0x08000cb0                HAL_Init
 .text.HAL_InitTick
                0x08000cf4       0x60 cmake/stm32cubemx/CMakeFiles/STM32_Drivers.dir/__/__/Drivers/STM32F4xx_HAL_Driver/Src/stm32f4xx_hal.c.obj
                0x08000cf4                HAL_InitTick
 .text.HAL_IncTick
                0x08000d54       0x24 cmake/stm32cubemx/CMakeFiles/STM32_Drivers.dir/__/__/Drivers/STM32F4xx_HAL_Driver/Src/stm32f4xx_hal.c.obj
                0x08000d54                HAL_IncTick
 .text.HAL_GetTick
                0x08000d78       0x14 cmake/stm32cubemx/CMakeFiles/STM32_Drivers.dir/__/__/Drivers/STM32F4xx_HAL_Driver/Src/stm32f4xx_hal.c.obj
                0x08000d78                HAL_GetTick
 .text.main     0x08000d8c       0x30 CMakeFiles/test.dir/Core/Src/main.c.obj
                0x08000d8c                main
 .text.SystemClock_Config
                0x08000dbc       0xbc CMakeFiles/test.dir/Core/Src/main.c.obj
                0x08000dbc                SystemClock_Config
 .text.Error_Handler
                0x08000e78        0xc CMakeFiles/test.dir/Core/Src/main.c.obj
                0x08000e78                Error_Handler
 .text.MX_GPIO_Init
                0x08000e84       0x4c CMakeFiles/test.dir/Core/Src/gpio.c.obj
                0x08000e84                MX_GPIO_Init
 .text.NMI_Handler
                0x08000ed0        0x8 CMakeFiles/test.dir/Core/Src/stm32f4xx_it.c.obj
                0x08000ed0                NMI_Handler
 .text.HardFault_Handler
                0x08000ed8        0x8 CMakeFiles/test.dir/Core/Src/stm32f4xx_it.c.obj
                0x08000ed8                HardFault_Handler
 .text.MemManage_Handler
                0x08000ee0        0x8 CMakeFiles/test.dir/Core/Src/stm32f4xx_it.c.obj
                0x08000ee0                MemManage_Handler
 .text.BusFault_Handler
                0x08000ee8        0x8 CMakeFiles/test.dir/Core/Src/stm32f4xx_it.c.obj
                0x08000ee8                BusFault_Handler
 .text.UsageFault_Handler
                0x08000ef0        0x8 CMakeFiles/test.dir/Core/Src/stm32f4xx_it.c.obj
                0x08000ef0                UsageFault_Handler
 .text.SVC_Handler
                0x08000ef8        0xc CMakeFiles/test.dir/Core/Src/stm32f4xx_it.c.obj
                0x08000ef8                SVC_Handler
 .text.DebugMon_Handler
                0x08000f04        0xc CMakeFiles/test.dir/Core/Src/stm32f4xx_it.c.obj
                0x08000f04                DebugMon_Handler
 .text.PendSV_Handler
                0x08000f10        0xc CMakeFiles/test.dir/Core/Src/stm32f4xx_it.c.obj
                0x08000f10                PendSV_Handler
 .text.SysTick_Handler
                0x08000f1c        0xc CMakeFiles/test.dir/Core/Src/stm32f4xx_it.c.obj
                0x08000f1c                SysTick_Handler
 .text.HAL_MspInit
                0x08000f28       0x4c CMakeFiles/test.dir/Core/Src/stm32f4xx_hal_msp.c.obj
                0x08000f28                HAL_MspInit
 .text.Reset_Handler
                0x08000f74       0x50 CMakeFiles/test.dir/startup_stm32f407xx.s.obj
                0x08000f74                Reset_Handler
 .text.Default_Handler
                0x08000fc4        0x2 CMakeFiles/test.dir/startup_stm32f407xx.s.obj
                0x08000fc4                RTC_Alarm_IRQHandler
                0x08000fc4                HASH_RNG_IRQHandler
                0x08000fc4                EXTI2_IRQHandler
                0x08000fc4                TIM8_CC_IRQHandler
                0x08000fc4                TIM1_CC_IRQHandler
                0x08000fc4                DMA2_Stream5_IRQHandler
                0x08000fc4                DMA1_Stream5_IRQHandler
                0x08000fc4                PVD_IRQHandler
                0x08000fc4                SDIO_IRQHandler
                0x08000fc4                TAMP_STAMP_IRQHandler
                0x08000fc4                CAN2_RX1_IRQHandler
                0x08000fc4                EXTI3_IRQHandler
                0x08000fc4                TIM8_TRG_COM_TIM14_IRQHandler
                0x08000fc4                TIM1_UP_TIM10_IRQHandler
                0x08000fc4                TIM8_UP_TIM13_IRQHandler
                0x08000fc4                I2C3_ER_IRQHandler
                0x08000fc4                EXTI0_IRQHandler
                0x08000fc4                I2C2_EV_IRQHandler
                0x08000fc4                DMA1_Stream2_IRQHandler
                0x08000fc4                CAN1_RX0_IRQHandler
                0x08000fc4                FPU_IRQHandler
                0x08000fc4                OTG_HS_WKUP_IRQHandler
                0x08000fc4                CAN2_SCE_IRQHandler
                0x08000fc4                DMA2_Stream2_IRQHandler
                0x08000fc4                SPI1_IRQHandler
                0x08000fc4                TIM6_DAC_IRQHandler
                0x08000fc4                TIM1_BRK_TIM9_IRQHandler
                0x08000fc4                DCMI_IRQHandler
                0x08000fc4                CAN2_RX0_IRQHandler
                0x08000fc4                DMA2_Stream3_IRQHandler
                0x08000fc4                USART6_IRQHandler
                0x08000fc4                USART3_IRQHandler
                0x08000fc4                CAN1_RX1_IRQHandler
                0x08000fc4                UART5_IRQHandler
                0x08000fc4                DMA2_Stream0_IRQHandler
                0x08000fc4                TIM4_IRQHandler
                0x08000fc4                I2C1_EV_IRQHandler
                0x08000fc4                DMA1_Stream6_IRQHandler
                0x08000fc4                DMA1_Stream1_IRQHandler
                0x08000fc4                UART4_IRQHandler
                0x08000fc4                TIM3_IRQHandler
                0x08000fc4                RCC_IRQHandler
                0x08000fc4                TIM8_BRK_TIM12_IRQHandler
                0x08000fc4                Default_Handler
                0x08000fc4                EXTI15_10_IRQHandler
                0x08000fc4                ADC_IRQHandler
                0x08000fc4                DMA1_Stream7_IRQHandler
                0x08000fc4                TIM7_IRQHandler
                0x08000fc4                CAN2_TX_IRQHandler
                0x08000fc4                TIM5_IRQHandler
                0x08000fc4                DMA2_Stream7_IRQHandler
                0x08000fc4                I2C3_EV_IRQHandler
                0x08000fc4                EXTI9_5_IRQHandler
                0x08000fc4                RTC_WKUP_IRQHandler
                0x08000fc4                ETH_WKUP_IRQHandler
                0x08000fc4                SPI2_IRQHandler
                0x08000fc4                OTG_HS_EP1_IN_IRQHandler
                0x08000fc4                DMA1_Stream0_IRQHandler
                0x08000fc4                CAN1_TX_IRQHandler
                0x08000fc4                EXTI4_IRQHandler
                0x08000fc4                FSMC_IRQHandler
                0x08000fc4                ETH_IRQHandler
                0x08000fc4                OTG_HS_EP1_OUT_IRQHandler
                0x08000fc4                WWDG_IRQHandler
                0x08000fc4                TIM2_IRQHandler
                0x08000fc4                OTG_FS_WKUP_IRQHandler
                0x08000fc4                TIM1_TRG_COM_TIM11_IRQHandler
                0x08000fc4                OTG_HS_IRQHandler
                0x08000fc4                EXTI1_IRQHandler
                0x08000fc4                USART2_IRQHandler
                0x08000fc4                I2C2_ER_IRQHandler
                0x08000fc4                DMA2_Stream1_IRQHandler
                0x08000fc4                CAN1_SCE_IRQHandler
                0x08000fc4                FLASH_IRQHandler
                0x08000fc4                DMA2_Stream4_IRQHandler
                0x08000fc4                USART1_IRQHandler
                0x08000fc4                OTG_FS_IRQHandler
                0x08000fc4                SPI3_IRQHandler
                0x08000fc4                DMA1_Stream4_IRQHandler
                0x08000fc4                I2C1_ER_IRQHandler
                0x08000fc4                DMA2_Stream6_IRQHandler
                0x08000fc4                DMA1_Stream3_IRQHandler
 .text.LED_Open
                0x08000fc6       0x20 CMakeFiles/test.dir/led_wzw/led.c.obj
                0x08000fc6                LED_Open
 .text.LED_Close
                0x08000fe6       0x20 CMakeFiles/test.dir/led_wzw/led.c.obj
                0x08000fe6                LED_Close
 .text.Judge    0x08001006       0x32 CMakeFiles/test.dir/led_wzw/led.c.obj
                0x08001006                Judge
 .text.__udivmoddi4
                0x08001038      0x320 D:/STM32_Tools/gcc/bin/../lib/gcc/arm-none-eabi/15.2.1/thumb/v7e-m+fp/hard\libgcc.a(_udivmoddi4.o)
                0x08001038                __udivmoddi4
 .text.memset   0x08001358       0x10 D:/STM32_Tools/gcc/bin/../lib/gcc/arm-none-eabi/15.2.1/../../../../arm-none-eabi/lib/thumb/v7e-m+fp/hard\libg_nano.a(libc_a-memset.o)
                0x08001358                memset
 .text.__libc_init_array
                0x08001368       0x48 D:/STM32_Tools/gcc/bin/../lib/gcc/arm-none-eabi/15.2.1/../../../../arm-none-eabi/lib/thumb/v7e-m+fp/hard\libg_nano.a(libc_a-init.o)
                0x08001368                __libc_init_array
 *(.glue_7)
 .glue_7        0x080013b0        0x0 linker stubs
 *(.glue_7t)
 .glue_7t       0x080013b0        0x0 linker stubs
 *(.eh_frame)
 .eh_frame      0x080013b0        0x0 D:/STM32_Tools/gcc/bin/../lib/gcc/arm-none-eabi/15.2.1/thumb/v7e-m+fp/hard/crtbegin.o
 *(.init)
 .init          0x080013b0        0x4 D:/STM32_Tools/gcc/bin/../lib/gcc/arm-none-eabi/15.2.1/thumb/v7e-m+fp/hard/crti.o
                0x080013b0                _init
 .init          0x080013b4        0x8 D:/STM32_Tools/gcc/bin/../lib/gcc/arm-none-eabi/15.2.1/thumb/v7e-m+fp/hard/crtn.o
 *(.fini)
 .fini          0x080013bc        0x4 D:/STM32_Tools/gcc/bin/../lib/gcc/arm-none-eabi/15.2.1/thumb/v7e-m+fp/hard/crti.o
                0x080013bc                _fini
 .fini          0x080013c0        0x8 D:/STM32_Tools/gcc/bin/../lib/gcc/arm-none-eabi/15.2.1/thumb/v7e-m+fp/hard/crtn.o
                0x080013c8                        . = ALIGN (0x4)
                0x080013c8                        _etext = .

.vfp11_veneer   0x080013c8        0x0
 .vfp11_veneer  0x080013c8        0x0 linker stubs

.v4_bx          0x080013c8        0x0
 .v4_bx         0x080013c8        0x0 linker stubs

.iplt           0x080013c8        0x0
 .iplt          0x080013c8        0x0 D:/STM32_Tools/gcc/bin/../lib/gcc/arm-none-eabi/15.2.1/thumb/v7e-m+fp/hard/crtbegin.o

.rodata         0x080013c8       0x10
                0x080013c8                        . = ALIGN (0x4)
 *(.rodata)
 *(.rodata*)
 .rodata.AHBPrescTable
                0x080013c8       0x10 cmake/stm32cubemx/CMakeFiles/STM32_Drivers.dir/__/__/Core/Src/system_stm32f4xx.c.obj
                0x080013c8                AHBPrescTable
                0x080013d8                        . = ALIGN (0x4)

.ARM.extab      0x080013d8        0x0
                0x080013d8                        . = ALIGN (0x4)
 *(.ARM.extab* .gnu.linkonce.armextab.*)
                0x080013d8                        . = ALIGN (0x4)

.ARM            0x080013d8        0x8
                0x080013d8                        . = ALIGN (0x4)
                0x080013d8                        __exidx_start = .
 *(.ARM.exidx*)
 .ARM.exidx.text.__udivmoddi4
                0x080013d8        0x8 D:/STM32_Tools/gcc/bin/../lib/gcc/arm-none-eabi/15.2.1/thumb/v7e-m+fp/hard\libgcc.a(_udivmoddi4.o)
                0x080013e0                        __exidx_end = .
                0x080013e0                        . = ALIGN (0x4)

.preinit_array  0x080013e0        0x0
                0x080013e0                        . = ALIGN (0x4)
                0x080013e0                        PROVIDE (__preinit_array_start = .)
 *(.preinit_array*)
                0x080013e0                        PROVIDE (__preinit_array_end = .)
                0x080013e0                        . = ALIGN (0x4)

.init_array     0x080013e0        0x4
                0x080013e0                        . = ALIGN (0x4)
                0x080013e0                        PROVIDE (__init_array_start = .)
 *(SORT_BY_NAME(.init_array.*))
 *(.init_array*)
 .init_array    0x080013e0        0x4 D:/STM32_Tools/gcc/bin/../lib/gcc/arm-none-eabi/15.2.1/thumb/v7e-m+fp/hard/crtbegin.o
                0x080013e4                        PROVIDE (__init_array_end = .)
                0x080013e4                        . = ALIGN (0x4)

.fini_array     0x080013e4        0x4
                0x080013e4                        . = ALIGN (0x4)
                [!provide]                        PROVIDE (__fini_array_start = .)
 *(SORT_BY_NAME(.fini_array.*))
 *(.fini_array*)
 .fini_array    0x080013e4        0x4 D:/STM32_Tools/gcc/bin/../lib/gcc/arm-none-eabi/15.2.1/thumb/v7e-m+fp/hard/crtbegin.o
                [!provide]                        PROVIDE (__fini_array_end = .)
                0x080013e8                        . = ALIGN (0x4)
                0x080013e8                        _siccmram = LOADADDR (.ccmram)

.rel.dyn        0x080013e8        0x0
 .rel.iplt      0x080013e8        0x0 D:/STM32_Tools/gcc/bin/../lib/gcc/arm-none-eabi/15.2.1/thumb/v7e-m+fp/hard/crtbegin.o

.ccmram         0x10000000        0x0 load address 0x080013e8
                0x10000000                        . = ALIGN (0x4)
                0x10000000                        _sccmram = .
 *(.ccmram)
 *(.ccmram*)
                0x10000000                        . = ALIGN (0x4)
                0x10000000                        _eccmram = .
                0x080013e8                        _sidata = LOADADDR (.data)

.data           0x20000000        0xc load address 0x080013e8
                0x20000000                        . = ALIGN (0x4)
                0x20000000                        _sdata = .
 *(.data)
 *(.data*)
 .data.SystemCoreClock
                0x20000000        0x4 cmake/stm32cubemx/CMakeFiles/STM32_Drivers.dir/__/__/Core/Src/system_stm32f4xx.c.obj
                0x20000000                SystemCoreClock
 .data.uwTickPrio
                0x20000004        0x4 cmake/stm32cubemx/CMakeFiles/STM32_Drivers.dir/__/__/Drivers/STM32F4xx_HAL_Driver/Src/stm32f4xx_hal.c.obj
                0x20000004                uwTickPrio
 .data.uwTickFreq
                0x20000008        0x1 cmake/stm32cubemx/CMakeFiles/STM32_Drivers.dir/__/__/Drivers/STM32F4xx_HAL_Driver/Src/stm32f4xx_hal.c.obj
                0x20000008                uwTickFreq
 *(.RamFunc)
 *(.RamFunc*)
                0x2000000c                        . = ALIGN (0x4)
 *fill*         0x20000009        0x3 

.tm_clone_table
                0x2000000c        0x0 load address 0x080013f4
 .tm_clone_table
                0x2000000c        0x0 D:/STM32_Tools/gcc/bin/../lib/gcc/arm-none-eabi/15.2.1/thumb/v7e-m+fp/hard/crtbegin.o
 .tm_clone_table
                0x2000000c        0x0 D:/STM32_Tools/gcc/bin/../lib/gcc/arm-none-eabi/15.2.1/thumb/v7e-m+fp/hard/crtend.o

.igot.plt       0x2000000c        0x0 load address 0x080013f4
 .igot.plt      0x2000000c        0x0 D:/STM32_Tools/gcc/bin/../lib/gcc/arm-none-eabi/15.2.1/thumb/v7e-m+fp/hard/crtbegin.o

.tdata          0x2000000c        0x0 load address 0x080013f4
 *(.tdata .tdata.* .gnu.linkonce.td.*)
                0x2000000c                        . = ALIGN (0x4)
                0x2000000c                        _edata = .
                [!provide]                        PROVIDE (__data_end = .)
                [!provide]                        PROVIDE (__tdata_end = .)
                [!provide]                        PROVIDE (__tdata_start = ADDR (.tdata))
                [!provide]                        PROVIDE (__tdata_size = (__tdata_end - __tdata_start))
                [!provide]                        PROVIDE (__data_start = ADDR (.data))
                [!provide]                        PROVIDE (__data_size = (__data_end - __data_start))
                [!provide]                        PROVIDE (__tdata_source = LOADADDR (.tdata))
                [!provide]                        PROVIDE (__tdata_source_end = (LOADADDR (.tdata) + SIZEOF (.tdata)))
                [!provide]                        PROVIDE (__tdata_source_size = (__tdata_source_end - __tdata_source))
                [!provide]                        PROVIDE (__data_source = LOADADDR (.data))
                [!provide]                        PROVIDE (__data_source_end = __tdata_source_end)
                [!provide]                        PROVIDE (__data_source_size = (__data_source_end - __data_source))

.tbss           0x2000000c        0x0 load address 0x080013f4
                0x2000000c                        _sbss = .
                0x2000000c                        __bss_start__ = _sbss
 *(.tbss .tbss.*)
                0x2000000c                        . = ALIGN (0x4)
                [!provide]                        PROVIDE (__tbss_end = .)
                [!provide]                        PROVIDE (__tbss_start = ADDR (.tbss))
                [!provide]                        PROVIDE (__tbss_size = (__tbss_end - __tbss_start))
                [!provide]                        PROVIDE (__tbss_offset = (ADDR (.tbss) - ADDR (.tdata)))
                [!provide]                        PROVIDE (__tls_base = __tdata_start)
                [!provide]                        PROVIDE (__tls_end = __tbss_end)
                [!provide]                        PROVIDE (__tls_size = (__tls_end - __tls_base))
                [!provide]                        PROVIDE (__tls_align = MAX (ALIGNOF (.tdata), ALIGNOF (.tbss)))
                [!provide]                        PROVIDE (__tls_size_align = (((__tls_size + __tls_align) - 0x1) & ~ ((__tls_align - 0x1))))
                [!provide]                        PROVIDE (__arm32_tls_tcb_offset = MAX (0x8, __tls_align))
                [!provide]                        PROVIDE (__arm64_tls_tcb_offset = MAX (0x10, __tls_align))

.bss            0x2000000c       0x2c load address 0x080013f4
 *(.bss)
 *(.bss*)
 .bss.completed.1
                0x2000000c        0x1 D:/STM32_Tools/gcc/bin/../lib/gcc/arm-none-eabi/15.2.1/thumb/v7e-m+fp/hard/crtbegin.o
 *fill*         0x2000000d        0x3 
 .bss.object.0  0x20000010       0x18 D:/STM32_Tools/gcc/bin/../lib/gcc/arm-none-eabi/15.2.1/thumb/v7e-m+fp/hard/crtbegin.o
 .bss.uwTick    0x20000028        0x4 cmake/stm32cubemx/CMakeFiles/STM32_Drivers.dir/__/__/Drivers/STM32F4xx_HAL_Driver/Src/stm32f4xx_hal.c.obj
                0x20000028                uwTick
 .bss.P         0x2000002c        0x4 CMakeFiles/test.dir/Core/Src/main.c.obj
                0x2000002c                P
 .bss.GPIOx     0x20000030        0x4 CMakeFiles/test.dir/Core/Src/main.c.obj
                0x20000030                GPIOx
 .bss.GPIO_Pin  0x20000034        0x2 CMakeFiles/test.dir/Core/Src/main.c.obj
                0x20000034                GPIO_Pin
 *(COMMON)
                0x20000038                        . = ALIGN (0x4)
 *fill*         0x20000036        0x2 
                0x20000038                        _ebss = .
                0x20000038                        __bss_end__ = _ebss
                [!provide]                        PROVIDE (__bss_end = .)
                [!provide]                        PROVIDE (__non_tls_bss_start = ADDR (.bss))
                [!provide]                        PROVIDE (__bss_start = __tbss_start)
                [!provide]                        PROVIDE (__bss_size = (__bss_end - __bss_start))

._user_heap_stack
                0x20000038      0x600 load address 0x080013f4
                0x20000038                        . = ALIGN (0x8)
                [!provide]                        PROVIDE (end = .)
                0x20000038                        PROVIDE (_end = .)
                0x20000238                        . = (. + _Min_Heap_Size)
 *fill*         0x20000038      0x200 
                0x20000638                        . = (. + _Min_Stack_Size)
 *fill*         0x20000238      0x400 
                0x20000638                        . = ALIGN (0x8)

/DISCARD/
 libc.a:*(*)
 libm.a:*(*)
 libgcc.a:*(*)
OUTPUT(test.elf elf32-littlearm)
LOAD linker stubs

.ARM.attributes
                0x00000000       0x30
 .ARM.attributes
                0x00000000       0x22 D:/STM32_Tools/gcc/bin/../lib/gcc/arm-none-eabi/15.2.1/thumb/v7e-m+fp/hard/crti.o
 .ARM.attributes
                0x00000022       0x34 D:/STM32_Tools/gcc/bin/../lib/gcc/arm-none-eabi/15.2.1/thumb/v7e-m+fp/hard/crtbegin.o
 .ARM.attributes
                0x00000056       0x34 cmake/stm32cubemx/CMakeFiles/STM32_Drivers.dir/__/__/Core/Src/system_stm32f4xx.c.obj
 .ARM.attributes
                0x0000008a       0x34 cmake/stm32cubemx/CMakeFiles/STM32_Drivers.dir/__/__/Drivers/STM32F4xx_HAL_Driver/Src/stm32f4xx_hal_rcc.c.obj
 .ARM.attributes
                0x000000be       0x34 cmake/stm32cubemx/CMakeFiles/STM32_Drivers.dir/__/__/Drivers/STM32F4xx_HAL_Driver/Src/stm32f4xx_hal_gpio.c.obj
 .ARM.attributes
                0x000000f2       0x34 cmake/stm32cubemx/CMakeFiles/STM32_Drivers.dir/__/__/Drivers/STM32F4xx_HAL_Driver/Src/stm32f4xx_hal_cortex.c.obj
 .ARM.attributes
                0x00000126       0x34 cmake/stm32cubemx/CMakeFiles/STM32_Drivers.dir/__/__/Drivers/STM32F4xx_HAL_Driver/Src/stm32f4xx_hal.c.obj
 .ARM.attributes
                0x0000015a       0x34 CMakeFiles/test.dir/Core/Src/main.c.obj
 .ARM.attributes
                0x0000018e       0x34 CMakeFiles/test.dir/Core/Src/gpio.c.obj
 .ARM.attributes
                0x000001c2       0x34 CMakeFiles/test.dir/Core/Src/stm32f4xx_it.c.obj
 .ARM.attributes
                0x000001f6       0x34 CMakeFiles/test.dir/Core/Src/stm32f4xx_hal_msp.c.obj
 .ARM.attributes
                0x0000022a       0x21 CMakeFiles/test.dir/startup_stm32f407xx.s.obj
 .ARM.attributes
                0x0000024b       0x34 CMakeFiles/test.dir/led_wzw/led.c.obj
 .ARM.attributes
                0x0000027f       0x22 D:/STM32_Tools/gcc/bin/../lib/gcc/arm-none-eabi/15.2.1/thumb/v7e-m+fp/hard\libgcc.a(_aeabi_uldivmod.o)
 .ARM.attributes
                0x000002a1       0x34 D:/STM32_Tools/gcc/bin/../lib/gcc/arm-none-eabi/15.2.1/thumb/v7e-m+fp/hard\libgcc.a(_udivmoddi4.o)
 .ARM.attributes
                0x000002d5       0x22 D:/STM32_Tools/gcc/bin/../lib/gcc/arm-none-eabi/15.2.1/thumb/v7e-m+fp/hard\libgcc.a(_dvmd_tls.o)
 .ARM.attributes
                0x000002f7       0x34 D:/STM32_Tools/gcc/bin/../lib/gcc/arm-none-eabi/15.2.1/../../../../arm-none-eabi/lib/thumb/v7e-m+fp/hard\libg_nano.a(libc_a-memset.o)
 .ARM.attributes
                0x0000032b       0x34 D:/STM32_Tools/gcc/bin/../lib/gcc/arm-none-eabi/15.2.1/../../../../arm-none-eabi/lib/thumb/v7e-m+fp/hard\libg_nano.a(libc_a-init.o)
 .ARM.attributes
                0x0000035f       0x34 D:/STM32_Tools/gcc/bin/../lib/gcc/arm-none-eabi/15.2.1/thumb/v7e-m+fp/hard/crtend.o
 .ARM.attributes
                0x00000393       0x22 D:/STM32_Tools/gcc/bin/../lib/gcc/arm-none-eabi/15.2.1/thumb/v7e-m+fp/hard/crtn.o

.comment        0x00000000       0x45
 .comment       0x00000000       0x45 cmake/stm32cubemx/CMakeFiles/STM32_Drivers.dir/__/__/Core/Src/system_stm32f4xx.c.obj
                                 0x46 (size before relaxing)
 .comment       0x00000045        0x0 cmake/stm32cubemx/CMakeFiles/STM32_Drivers.dir/__/__/Drivers/STM32F4xx_HAL_Driver/Src/stm32f4xx_hal_rcc.c.obj
                                 0x46 (size before relaxing)
 .comment       0x00000045        0x0 cmake/stm32cubemx/CMakeFiles/STM32_Drivers.dir/__/__/Drivers/STM32F4xx_HAL_Driver/Src/stm32f4xx_hal_gpio.c.obj
                                 0x46 (size before relaxing)
 .comment       0x00000045        0x0 cmake/stm32cubemx/CMakeFiles/STM32_Drivers.dir/__/__/Drivers/STM32F4xx_HAL_Driver/Src/stm32f4xx_hal_cortex.c.obj
                                 0x46 (size before relaxing)
 .comment       0x00000045        0x0 cmake/stm32cubemx/CMakeFiles/STM32_Drivers.dir/__/__/Drivers/STM32F4xx_HAL_Driver/Src/stm32f4xx_hal.c.obj
                                 0x46 (size before relaxing)
 .comment       0x00000045        0x0 CMakeFiles/test.dir/Core/Src/main.c.obj
                                 0x46 (size before relaxing)
 .comment       0x00000045        0x0 CMakeFiles/test.dir/Core/Src/gpio.c.obj
                                 0x46 (size before relaxing)
 .comment       0x00000045        0x0 CMakeFiles/test.dir/Core/Src/stm32f4xx_it.c.obj
                                 0x46 (size before relaxing)
 .comment       0x00000045        0x0 CMakeFiles/test.dir/Core/Src/stm32f4xx_hal_msp.c.obj
                                 0x46 (size before relaxing)
 .comment       0x00000045        0x0 CMakeFiles/test.dir/led_wzw/led.c.obj
                                 0x46 (size before relaxing)

.debug_info     0x00000000     0x395d
 .debug_info    0x00000000      0x512 cmake/stm32cubemx/CMakeFiles/STM32_Drivers.dir/__/__/Core/Src/system_stm32f4xx.c.obj
 .debug_info    0x00000512      0x8c3 cmake/stm32cubemx/CMakeFiles/STM32_Drivers.dir/__/__/Drivers/STM32F4xx_HAL_Driver/Src/stm32f4xx_hal_rcc.c.obj
 .debug_info    0x00000dd5      0x6c3 cmake/stm32cubemx/CMakeFiles/STM32_Drivers.dir/__/__/Drivers/STM32F4xx_HAL_Driver/Src/stm32f4xx_hal_gpio.c.obj
 .debug_info    0x00001498      0xd8c cmake/stm32cubemx/CMakeFiles/STM32_Drivers.dir/__/__/Drivers/STM32F4xx_HAL_Driver/Src/stm32f4xx_hal_cortex.c.obj
 .debug_info    0x00002224      0x944 cmake/stm32cubemx/CMakeFiles/STM32_Drivers.dir/__/__/Drivers/STM32F4xx_HAL_Driver/Src/stm32f4xx_hal.c.obj
 .debug_info    0x00002b68      0x5b4 CMakeFiles/test.dir/Core/Src/main.c.obj
 .debug_info    0x0000311c      0x269 CMakeFiles/test.dir/Core/Src/gpio.c.obj
 .debug_info    0x00003385      0x112 CMakeFiles/test.dir/Core/Src/stm32f4xx_it.c.obj
 .debug_info    0x00003497      0x269 CMakeFiles/test.dir/Core/Src/stm32f4xx_hal_msp.c.obj
 .debug_info    0x00003700       0x30 CMakeFiles/test.dir/startup_stm32f407xx.s.obj
 .debug_info    0x00003730      0x22d CMakeFiles/test.dir/led_wzw/led.c.obj

.debug_abbrev   0x00000000     0x1069
 .debug_abbrev  0x00000000      0x11a cmake/stm32cubemx/CMakeFiles/STM32_Drivers.dir/__/__/Core/Src/system_stm32f4xx.c.obj
 .debug_abbrev  0x0000011a      0x2b7 cmake/stm32cubemx/CMakeFiles/STM32_Drivers.dir/__/__/Drivers/STM32F4xx_HAL_Driver/Src/stm32f4xx_hal_rcc.c.obj
 .debug_abbrev  0x000003d1      0x1d4 cmake/stm32cubemx/CMakeFiles/STM32_Drivers.dir/__/__/Drivers/STM32F4xx_HAL_Driver/Src/stm32f4xx_hal_gpio.c.obj
 .debug_abbrev  0x000005a5      0x31d cmake/stm32cubemx/CMakeFiles/STM32_Drivers.dir/__/__/Drivers/STM32F4xx_HAL_Driver/Src/stm32f4xx_hal_cortex.c.obj
 .debug_abbrev  0x000008c2      0x214 cmake/stm32cubemx/CMakeFiles/STM32_Drivers.dir/__/__/Drivers/STM32F4xx_HAL_Driver/Src/stm32f4xx_hal.c.obj
 .debug_abbrev  0x00000ad6      0x21a CMakeFiles/test.dir/Core/Src/main.c.obj
 .debug_abbrev  0x00000cf0       0xd8 CMakeFiles/test.dir/Core/Src/gpio.c.obj
 .debug_abbrev  0x00000dc8       0x73 CMakeFiles/test.dir/Core/Src/stm32f4xx_it.c.obj
 .debug_abbrev  0x00000e3b       0xd8 CMakeFiles/test.dir/Core/Src/stm32f4xx_hal_msp.c.obj
 .debug_abbrev  0x00000f13       0x24 CMakeFiles/test.dir/startup_stm32f407xx.s.obj
 .debug_abbrev  0x00000f37      0x132 CMakeFiles/test.dir/led_wzw/led.c.obj

.debug_aranges  0x00000000      0x450
 .debug_aranges
                0x00000000       0x28 cmake/stm32cubemx/CMakeFiles/STM32_Drivers.dir/__/__/Core/Src/system_stm32f4xx.c.obj
 .debug_aranges
                0x00000028       0x88 cmake/stm32cubemx/CMakeFiles/STM32_Drivers.dir/__/__/Drivers/STM32F4xx_HAL_Driver/Src/stm32f4xx_hal_rcc.c.obj
 .debug_aranges
                0x000000b0       0x58 cmake/stm32cubemx/CMakeFiles/STM32_Drivers.dir/__/__/Drivers/STM32F4xx_HAL_Driver/Src/stm32f4xx_hal_gpio.c.obj
 .debug_aranges
                0x00000108      0x130 cmake/stm32cubemx/CMakeFiles/STM32_Drivers.dir/__/__/Drivers/STM32F4xx_HAL_Driver/Src/stm32f4xx_hal_cortex.c.obj
 .debug_aranges
                0x00000238       0xf0 cmake/stm32cubemx/CMakeFiles/STM32_Drivers.dir/__/__/Drivers/STM32F4xx_HAL_Driver/Src/stm32f4xx_hal.c.obj
 .debug_aranges
                0x00000328       0x30 CMakeFiles/test.dir/Core/Src/main.c.obj
 .debug_aranges
                0x00000358       0x20 CMakeFiles/test.dir/Core/Src/gpio.c.obj
 .debug_aranges
                0x00000378       0x60 CMakeFiles/test.dir/Core/Src/stm32f4xx_it.c.obj
 .debug_aranges
                0x000003d8       0x20 CMakeFiles/test.dir/Core/Src/stm32f4xx_hal_msp.c.obj
 .debug_aranges
                0x000003f8       0x28 CMakeFiles/test.dir/startup_stm32f407xx.s.obj
 .debug_aranges
                0x00000420       0x30 CMakeFiles/test.dir/led_wzw/led.c.obj

.debug_rnglists
                0x00000000      0x30e
 .debug_rnglists
                0x00000000       0x1a cmake/stm32cubemx/CMakeFiles/STM32_Drivers.dir/__/__/Core/Src/system_stm32f4xx.c.obj
 .debug_rnglists
                0x0000001a       0x66 cmake/stm32cubemx/CMakeFiles/STM32_Drivers.dir/__/__/Drivers/STM32F4xx_HAL_Driver/Src/stm32f4xx_hal_rcc.c.obj
 .debug_rnglists
                0x00000080       0x3f cmake/stm32cubemx/CMakeFiles/STM32_Drivers.dir/__/__/Drivers/STM32F4xx_HAL_Driver/Src/stm32f4xx_hal_gpio.c.obj
 .debug_rnglists
                0x000000bf       0xdf cmake/stm32cubemx/CMakeFiles/STM32_Drivers.dir/__/__/Drivers/STM32F4xx_HAL_Driver/Src/stm32f4xx_hal_cortex.c.obj
 .debug_rnglists
                0x0000019e       0xaf cmake/stm32cubemx/CMakeFiles/STM32_Drivers.dir/__/__/Drivers/STM32F4xx_HAL_Driver/Src/stm32f4xx_hal.c.obj
 .debug_rnglists
                0x0000024d       0x20 CMakeFiles/test.dir/Core/Src/main.c.obj
 .debug_rnglists
                0x0000026d       0x13 CMakeFiles/test.dir/Core/Src/gpio.c.obj
 .debug_rnglists
                0x00000280       0x43 CMakeFiles/test.dir/Core/Src/stm32f4xx_it.c.obj
 .debug_rnglists
                0x000002c3       0x13 CMakeFiles/test.dir/Core/Src/stm32f4xx_hal_msp.c.obj
 .debug_rnglists
                0x000002d6       0x19 CMakeFiles/test.dir/startup_stm32f407xx.s.obj
 .debug_rnglists
                0x000002ef       0x1f CMakeFiles/test.dir/led_wzw/led.c.obj

.debug_macro    0x00000000    0x1f1b3
 .debug_macro   0x00000000      0x1b0 cmake/stm32cubemx/CMakeFiles/STM32_Drivers.dir/__/__/Core/Src/system_stm32f4xx.c.obj
 .debug_macro   0x000001b0      0xaea cmake/stm32cubemx/CMakeFiles/STM32_Drivers.dir/__/__/Core/Src/system_stm32f4xx.c.obj
 .debug_macro   0x00000c9a       0x2e cmake/stm32cubemx/CMakeFiles/STM32_Drivers.dir/__/__/Core/Src/system_stm32f4xx.c.obj
 .debug_macro   0x00000cc8       0x2f cmake/stm32cubemx/CMakeFiles/STM32_Drivers.dir/__/__/Core/Src/system_stm32f4xx.c.obj
 .debug_macro   0x00000cf7       0x22 cmake/stm32cubemx/CMakeFiles/STM32_Drivers.dir/__/__/Core/Src/system_stm32f4xx.c.obj
 .debug_macro   0x00000d19       0x8e cmake/stm32cubemx/CMakeFiles/STM32_Drivers.dir/__/__/Core/Src/system_stm32f4xx.c.obj
 .debug_macro   0x00000da7       0x51 cmake/stm32cubemx/CMakeFiles/STM32_Drivers.dir/__/__/Core/Src/system_stm32f4xx.c.obj
 .debug_macro   0x00000df8      0x103 cmake/stm32cubemx/CMakeFiles/STM32_Drivers.dir/__/__/Core/Src/system_stm32f4xx.c.obj
 .debug_macro   0x00000efb       0x6a cmake/stm32cubemx/CMakeFiles/STM32_Drivers.dir/__/__/Core/Src/system_stm32f4xx.c.obj
 .debug_macro   0x00000f65      0x1df cmake/stm32cubemx/CMakeFiles/STM32_Drivers.dir/__/__/Core/Src/system_stm32f4xx.c.obj
 .debug_macro   0x00001144       0x1c cmake/stm32cubemx/CMakeFiles/STM32_Drivers.dir/__/__/Core/Src/system_stm32f4xx.c.obj
 .debug_macro   0x00001160       0x22 cmake/stm32cubemx/CMakeFiles/STM32_Drivers.dir/__/__/Core/Src/system_stm32f4xx.c.obj
 .debug_macro   0x00001182       0xfb cmake/stm32cubemx/CMakeFiles/STM32_Drivers.dir/__/__/Core/Src/system_stm32f4xx.c.obj
 .debug_macro   0x0000127d     0x1011 cmake/stm32cubemx/CMakeFiles/STM32_Drivers.dir/__/__/Core/Src/system_stm32f4xx.c.obj
 .debug_macro   0x0000228e      0x11f cmake/stm32cubemx/CMakeFiles/STM32_Drivers.dir/__/__/Core/Src/system_stm32f4xx.c.obj
 .debug_macro   0x000023ad    0x15ea5 cmake/stm32cubemx/CMakeFiles/STM32_Drivers.dir/__/__/Core/Src/system_stm32f4xx.c.obj
 .debug_macro   0x00018252       0x6d cmake/stm32cubemx/CMakeFiles/STM32_Drivers.dir/__/__/Core/Src/system_stm32f4xx.c.obj
 .debug_macro   0x000182bf      0x28f cmake/stm32cubemx/CMakeFiles/STM32_Drivers.dir/__/__/Core/Src/system_stm32f4xx.c.obj
 .debug_macro   0x0001854e     0x3693 cmake/stm32cubemx/CMakeFiles/STM32_Drivers.dir/__/__/Core/Src/system_stm32f4xx.c.obj
 .debug_macro   0x0001bbe1      0x190 cmake/stm32cubemx/CMakeFiles/STM32_Drivers.dir/__/__/Core/Src/system_stm32f4xx.c.obj
 .debug_macro   0x0001bd71       0x5c cmake/stm32cubemx/CMakeFiles/STM32_Drivers.dir/__/__/Core/Src/system_stm32f4xx.c.obj
 .debug_macro   0x0001bdcd      0x980 cmake/stm32cubemx/CMakeFiles/STM32_Drivers.dir/__/__/Core/Src/system_stm32f4xx.c.obj
 .debug_macro   0x0001c74d      0x9e9 cmake/stm32cubemx/CMakeFiles/STM32_Drivers.dir/__/__/Core/Src/system_stm32f4xx.c.obj
 .debug_macro   0x0001d136      0x115 cmake/stm32cubemx/CMakeFiles/STM32_Drivers.dir/__/__/Core/Src/system_stm32f4xx.c.obj
 .debug_macro   0x0001d24b      0x13e cmake/stm32cubemx/CMakeFiles/STM32_Drivers.dir/__/__/Core/Src/system_stm32f4xx.c.obj
 .debug_macro   0x0001d389       0xa5 cmake/stm32cubemx/CMakeFiles/STM32_Drivers.dir/__/__/Core/Src/system_stm32f4xx.c.obj
 .debug_macro   0x0001d42e      0x174 cmake/stm32cubemx/CMakeFiles/STM32_Drivers.dir/__/__/Core/Src/system_stm32f4xx.c.obj
 .debug_macro   0x0001d5a2      0x287 cmake/stm32cubemx/CMakeFiles/STM32_Drivers.dir/__/__/Core/Src/system_stm32f4xx.c.obj
 .debug_macro   0x0001d829       0x5f cmake/stm32cubemx/CMakeFiles/STM32_Drivers.dir/__/__/Core/Src/system_stm32f4xx.c.obj
 .debug_macro   0x0001d888      0x236 cmake/stm32cubemx/CMakeFiles/STM32_Drivers.dir/__/__/Core/Src/system_stm32f4xx.c.obj
 .debug_macro   0x0001dabe      0x12c cmake/stm32cubemx/CMakeFiles/STM32_Drivers.dir/__/__/Core/Src/system_stm32f4xx.c.obj
 .debug_macro   0x0001dbea      0x21e cmake/stm32cubemx/CMakeFiles/STM32_Drivers.dir/__/__/Core/Src/system_stm32f4xx.c.obj
 .debug_macro   0x0001de08       0x2e cmake/stm32cubemx/CMakeFiles/STM32_Drivers.dir/__/__/Core/Src/system_stm32f4xx.c.obj
 .debug_macro   0x0001de36      0x127 cmake/stm32cubemx/CMakeFiles/STM32_Drivers.dir/__/__/Core/Src/system_stm32f4xx.c.obj
 .debug_macro   0x0001df5d       0x7e cmake/stm32cubemx/CMakeFiles/STM32_Drivers.dir/__/__/Core/Src/system_stm32f4xx.c.obj
 .debug_macro   0x0001dfdb       0x89 cmake/stm32cubemx/CMakeFiles/STM32_Drivers.dir/__/__/Core/Src/system_stm32f4xx.c.obj
 .debug_macro   0x0001e064      0x12d cmake/stm32cubemx/CMakeFiles/STM32_Drivers.dir/__/__/Core/Src/system_stm32f4xx.c.obj
 .debug_macro   0x0001e191      0x1d4 cmake/stm32cubemx/CMakeFiles/STM32_Drivers.dir/__/__/Drivers/STM32F4xx_HAL_Driver/Src/stm32f4xx_hal_rcc.c.obj
 .debug_macro   0x0001e365      0x1b6 cmake/stm32cubemx/CMakeFiles/STM32_Drivers.dir/__/__/Drivers/STM32F4xx_HAL_Driver/Src/stm32f4xx_hal_gpio.c.obj
 .debug_macro   0x0001e51b      0x1b0 cmake/stm32cubemx/CMakeFiles/STM32_Drivers.dir/__/__/Drivers/STM32F4xx_HAL_Driver/Src/stm32f4xx_hal_cortex.c.obj
 .debug_macro   0x0001e6cb      0x210 cmake/stm32cubemx/CMakeFiles/STM32_Drivers.dir/__/__/Drivers/STM32F4xx_HAL_Driver/Src/stm32f4xx_hal.c.obj
 .debug_macro   0x0001e8db      0x1d2 CMakeFiles/test.dir/Core/Src/main.c.obj
 .debug_macro   0x0001eaad      0x1c4 CMakeFiles/test.dir/Core/Src/gpio.c.obj
 .debug_macro   0x0001ec71      0x1c4 CMakeFiles/test.dir/Core/Src/stm32f4xx_it.c.obj
 .debug_macro   0x0001ee35      0x1ba CMakeFiles/test.dir/Core/Src/stm32f4xx_hal_msp.c.obj
 .debug_macro   0x0001efef      0x1c4 CMakeFiles/test.dir/led_wzw/led.c.obj

.debug_line     0x00000000     0x4e8a
 .debug_line    0x00000000      0x60e cmake/stm32cubemx/CMakeFiles/STM32_Drivers.dir/__/__/Core/Src/system_stm32f4xx.c.obj
 .debug_line    0x0000060e      0xc97 cmake/stm32cubemx/CMakeFiles/STM32_Drivers.dir/__/__/Drivers/STM32F4xx_HAL_Driver/Src/stm32f4xx_hal_rcc.c.obj
 .debug_line    0x000012a5      0x9e3 cmake/stm32cubemx/CMakeFiles/STM32_Drivers.dir/__/__/Drivers/STM32F4xx_HAL_Driver/Src/stm32f4xx_hal_gpio.c.obj
 .debug_line    0x00001c88      0xb6c cmake/stm32cubemx/CMakeFiles/STM32_Drivers.dir/__/__/Drivers/STM32F4xx_HAL_Driver/Src/stm32f4xx_hal_cortex.c.obj
 .debug_line    0x000027f4      0x88d cmake/stm32cubemx/CMakeFiles/STM32_Drivers.dir/__/__/Drivers/STM32F4xx_HAL_Driver/Src/stm32f4xx_hal.c.obj
 .debug_line    0x00003081      0x65b CMakeFiles/test.dir/Core/Src/main.c.obj
 .debug_line    0x000036dc      0x595 CMakeFiles/test.dir/Core/Src/gpio.c.obj
 .debug_line    0x00003c71      0x647 CMakeFiles/test.dir/Core/Src/stm32f4xx_it.c.obj
 .debug_line    0x000042b8      0x598 CMakeFiles/test.dir/Core/Src/stm32f4xx_hal_msp.c.obj
 .debug_line    0x00004850       0x7a CMakeFiles/test.dir/startup_stm32f407xx.s.obj
 .debug_line    0x000048ca      0x5c0 CMakeFiles/test.dir/led_wzw/led.c.obj

.debug_str      0x00000000    0xbc731
 .debug_str     0x00000000    0xbc731 cmake/stm32cubemx/CMakeFiles/STM32_Drivers.dir/__/__/Core/Src/system_stm32f4xx.c.obj
                              0xbb17c (size before relaxing)
 .debug_str     0x000bc731        0x0 cmake/stm32cubemx/CMakeFiles/STM32_Drivers.dir/__/__/Drivers/STM32F4xx_HAL_Driver/Src/stm32f4xx_hal_rcc.c.obj
                              0xbb5b0 (size before relaxing)
 .debug_str     0x000bc731        0x0 cmake/stm32cubemx/CMakeFiles/STM32_Drivers.dir/__/__/Drivers/STM32F4xx_HAL_Driver/Src/stm32f4xx_hal_gpio.c.obj
                              0xbb2f7 (size before relaxing)
 .debug_str     0x000bc731        0x0 cmake/stm32cubemx/CMakeFiles/STM32_Drivers.dir/__/__/Drivers/STM32F4xx_HAL_Driver/Src/stm32f4xx_hal_cortex.c.obj
                              0xbba7c (size before relaxing)
 .debug_str     0x000bc731        0x0 cmake/stm32cubemx/CMakeFiles/STM32_Drivers.dir/__/__/Drivers/STM32F4xx_HAL_Driver/Src/stm32f4xx_hal.c.obj
                              0xbbd00 (size before relaxing)
 .debug_str     0x000bc731        0x0 CMakeFiles/test.dir/Core/Src/main.c.obj
                              0xbb2f3 (size before relaxing)
 .debug_str     0x000bc731        0x0 CMakeFiles/test.dir/Core/Src/gpio.c.obj
                              0xbb0cc (size before relaxing)
 .debug_str     0x000bc731        0x0 CMakeFiles/test.dir/Core/Src/stm32f4xx_it.c.obj
                              0xbb052 (size before relaxing)
 .debug_str     0x000bc731        0x0 CMakeFiles/test.dir/Core/Src/stm32f4xx_hal_msp.c.obj
                              0xbb0cc (size before relaxing)
 .debug_str     0x000bc731        0x0 CMakeFiles/test.dir/startup_stm32f407xx.s.obj
                                 0xa4 (size before relaxing)
 .debug_str     0x000bc731        0x0 CMakeFiles/test.dir/led_wzw/led.c.obj
                              0xbb05d (size before relaxing)

.debug_frame    0x00000000      0xf28
 .debug_frame   0x00000000       0x58 cmake/stm32cubemx/CMakeFiles/STM32_Drivers.dir/__/__/Core/Src/system_stm32f4xx.c.obj
 .debug_frame   0x00000058      0x1f4 cmake/stm32cubemx/CMakeFiles/STM32_Drivers.dir/__/__/Drivers/STM32F4xx_HAL_Driver/Src/stm32f4xx_hal_rcc.c.obj
 .debug_frame   0x0000024c      0x14c cmake/stm32cubemx/CMakeFiles/STM32_Drivers.dir/__/__/Drivers/STM32F4xx_HAL_Driver/Src/stm32f4xx_hal_gpio.c.obj
 .debug_frame   0x00000398      0x508 cmake/stm32cubemx/CMakeFiles/STM32_Drivers.dir/__/__/Drivers/STM32F4xx_HAL_Driver/Src/stm32f4xx_hal_cortex.c.obj
 .debug_frame   0x000008a0      0x374 cmake/stm32cubemx/CMakeFiles/STM32_Drivers.dir/__/__/Drivers/STM32F4xx_HAL_Driver/Src/stm32f4xx_hal.c.obj
 .debug_frame   0x00000c14       0x68 CMakeFiles/test.dir/Core/Src/main.c.obj
 .debug_frame   0x00000c7c       0x38 CMakeFiles/test.dir/Core/Src/gpio.c.obj
 .debug_frame   0x00000cb4      0x104 CMakeFiles/test.dir/Core/Src/stm32f4xx_it.c.obj
 .debug_frame   0x00000db8       0x38 CMakeFiles/test.dir/Core/Src/stm32f4xx_hal_msp.c.obj
 .debug_frame   0x00000df0       0x7c CMakeFiles/test.dir/led_wzw/led.c.obj
 .debug_frame   0x00000e6c       0x2c D:/STM32_Tools/gcc/bin/../lib/gcc/arm-none-eabi/15.2.1/thumb/v7e-m+fp/hard\libgcc.a(_aeabi_uldivmod.o)
 .debug_frame   0x00000e98       0x44 D:/STM32_Tools/gcc/bin/../lib/gcc/arm-none-eabi/15.2.1/thumb/v7e-m+fp/hard\libgcc.a(_udivmoddi4.o)
 .debug_frame   0x00000edc       0x20 D:/STM32_Tools/gcc/bin/../lib/gcc/arm-none-eabi/15.2.1/../../../../arm-none-eabi/lib/thumb/v7e-m+fp/hard\libg_nano.a(libc_a-memset.o)
 .debug_frame   0x00000efc       0x2c D:/STM32_Tools/gcc/bin/../lib/gcc/arm-none-eabi/15.2.1/../../../../arm-none-eabi/lib/thumb/v7e-m+fp/hard\libg_nano.a(libc_a-init.o)

.debug_line_str
                0x00000000      0x161
 .debug_line_str
                0x00000000      0x161 CMakeFiles/test.dir/startup_stm32f407xx.s.obj
                                 0x88 (size before relaxing)
 .debug_line_str
                0x00000161        0x0 D:/STM32_Tools/gcc/bin/../lib/gcc/arm-none-eabi/15.2.1/thumb/v7e-m+fp/hard\libgcc.a(_aeabi_uldivmod.o)
                                 0xcd (size before relaxing)
 .debug_line_str
                0x00000161        0x0 D:/STM32_Tools/gcc/bin/../lib/gcc/arm-none-eabi/15.2.1/thumb/v7e-m+fp/hard\libgcc.a(_dvmd_tls.o)
                                 0xd1 (size before relaxing)
