Archive member included to satisfy reference by file (symbol)

D:/STM32_Tools/gcc/bin/../lib/gcc/arm-none-eabi/15.2.1/thumb/v7e-m+fp/hard\libgcc.a(_aeabi_uldivmod.o)
                              cmake/stm32cubemx/CMakeFiles/STM32_Drivers.dir/__/__/Drivers/STM32F4xx_HAL_Driver/Src/stm32f4xx_hal_uart.c.obj (__aeabi_uldivmod)
D:/STM32_Tools/gcc/bin/../lib/gcc/arm-none-eabi/15.2.1/thumb/v7e-m+fp/hard\libgcc.a(_udivmoddi4.o)
                              D:/STM32_Tools/gcc/bin/../lib/gcc/arm-none-eabi/15.2.1/thumb/v7e-m+fp/hard\libgcc.a(_aeabi_uldivmod.o) (__udivmoddi4)
D:/STM32_Tools/gcc/bin/../lib/gcc/arm-none-eabi/15.2.1/thumb/v7e-m+fp/hard\libgcc.a(_dvmd_tls.o)
                              D:/STM32_Tools/gcc/bin/../lib/gcc/arm-none-eabi/15.2.1/thumb/v7e-m+fp/hard\libgcc.a(_aeabi_uldivmod.o) (__aeabi_ldiv0)
D:/STM32_Tools/gcc/bin/../lib/gcc/arm-none-eabi/15.2.1/../../../../arm-none-eabi/lib/thumb/v7e-m+fp/hard\libg_nano.a(libc_a-exit.o)
                              D:/STM32_Tools/gcc/bin/../lib/gcc/arm-none-eabi/15.2.1/../../../../arm-none-eabi/lib/thumb/v7e-m+fp/hard/crt0.o (exit)
D:/STM32_Tools/gcc/bin/../lib/gcc/arm-none-eabi/15.2.1/../../../../arm-none-eabi/lib/thumb/v7e-m+fp/hard\libg_nano.a(libc_a-findfp.o)
                              D:/STM32_Tools/gcc/bin/../lib/gcc/arm-none-eabi/15.2.1/../../../../arm-none-eabi/lib/thumb/v7e-m+fp/hard\libg_nano.a(libc_a-exit.o) (__stdio_exit_handler)
D:/STM32_Tools/gcc/bin/../lib/gcc/arm-none-eabi/15.2.1/../../../../arm-none-eabi/lib/thumb/v7e-m+fp/hard\libg_nano.a(libc_a-fwalk.o)
                              D:/STM32_Tools/gcc/bin/../lib/gcc/arm-none-eabi/15.2.1/../../../../arm-none-eabi/lib/thumb/v7e-m+fp/hard\libg_nano.a(libc_a-findfp.o) (_fwalk_sglue)
D:/STM32_Tools/gcc/bin/../lib/gcc/arm-none-eabi/15.2.1/../../../../arm-none-eabi/lib/thumb/v7e-m+fp/hard\libg_nano.a(libc_a-stdio.o)
                              D:/STM32_Tools/gcc/bin/../lib/gcc/arm-none-eabi/15.2.1/../../../../arm-none-eabi/lib/thumb/v7e-m+fp/hard\libg_nano.a(libc_a-findfp.o) (__sread)
D:/STM32_Tools/gcc/bin/../lib/gcc/arm-none-eabi/15.2.1/../../../../arm-none-eabi/lib/thumb/v7e-m+fp/hard\libg_nano.a(libc_a-memset.o)
                              D:/STM32_Tools/gcc/bin/../lib/gcc/arm-none-eabi/15.2.1/../../../../arm-none-eabi/lib/thumb/v7e-m+fp/hard/crt0.o (memset)
D:/STM32_Tools/gcc/bin/../lib/gcc/arm-none-eabi/15.2.1/../../../../arm-none-eabi/lib/thumb/v7e-m+fp/hard\libg_nano.a(libc_a-closer.o)
                              D:/STM32_Tools/gcc/bin/../lib/gcc/arm-none-eabi/15.2.1/../../../../arm-none-eabi/lib/thumb/v7e-m+fp/hard\libg_nano.a(libc_a-stdio.o) (_close_r)
D:/STM32_Tools/gcc/bin/../lib/gcc/arm-none-eabi/15.2.1/../../../../arm-none-eabi/lib/thumb/v7e-m+fp/hard\libg_nano.a(libc_a-reent.o)
                              D:/STM32_Tools/gcc/bin/../lib/gcc/arm-none-eabi/15.2.1/../../../../arm-none-eabi/lib/thumb/v7e-m+fp/hard\libg_nano.a(libc_a-closer.o) (errno)
D:/STM32_Tools/gcc/bin/../lib/gcc/arm-none-eabi/15.2.1/../../../../arm-none-eabi/lib/thumb/v7e-m+fp/hard\libg_nano.a(libc_a-impure.o)
                              D:/STM32_Tools/gcc/bin/../lib/gcc/arm-none-eabi/15.2.1/../../../../arm-none-eabi/lib/thumb/v7e-m+fp/hard\libg_nano.a(libc_a-reent.o) (_impure_ptr)
D:/STM32_Tools/gcc/bin/../lib/gcc/arm-none-eabi/15.2.1/../../../../arm-none-eabi/lib/thumb/v7e-m+fp/hard\libg_nano.a(libc_a-lseekr.o)
                              D:/STM32_Tools/gcc/bin/../lib/gcc/arm-none-eabi/15.2.1/../../../../arm-none-eabi/lib/thumb/v7e-m+fp/hard\libg_nano.a(libc_a-stdio.o) (_lseek_r)
D:/STM32_Tools/gcc/bin/../lib/gcc/arm-none-eabi/15.2.1/../../../../arm-none-eabi/lib/thumb/v7e-m+fp/hard\libg_nano.a(libc_a-readr.o)
                              D:/STM32_Tools/gcc/bin/../lib/gcc/arm-none-eabi/15.2.1/../../../../arm-none-eabi/lib/thumb/v7e-m+fp/hard\libg_nano.a(libc_a-stdio.o) (_read_r)
D:/STM32_Tools/gcc/bin/../lib/gcc/arm-none-eabi/15.2.1/../../../../arm-none-eabi/lib/thumb/v7e-m+fp/hard\libg_nano.a(libc_a-writer.o)
                              D:/STM32_Tools/gcc/bin/../lib/gcc/arm-none-eabi/15.2.1/../../../../arm-none-eabi/lib/thumb/v7e-m+fp/hard\libg_nano.a(libc_a-stdio.o) (_write_r)
D:/STM32_Tools/gcc/bin/../lib/gcc/arm-none-eabi/15.2.1/../../../../arm-none-eabi/lib/thumb/v7e-m+fp/hard\libg_nano.a(libc_a-errno.o)
                              CMakeFiles/UART_TASK.dir/Core/Src/sysmem.c.obj (__errno)
D:/STM32_Tools/gcc/bin/../lib/gcc/arm-none-eabi/15.2.1/../../../../arm-none-eabi/lib/thumb/v7e-m+fp/hard\libg_nano.a(libc_a-init.o)
                              D:/STM32_Tools/gcc/bin/../lib/gcc/arm-none-eabi/15.2.1/../../../../arm-none-eabi/lib/thumb/v7e-m+fp/hard/crt0.o (__libc_init_array)
D:/STM32_Tools/gcc/bin/../lib/gcc/arm-none-eabi/15.2.1/../../../../arm-none-eabi/lib/thumb/v7e-m+fp/hard\libg_nano.a(libc_a-lock.o)
[...]
Memory Configuration

Name             Origin             Length             Attributes
RAM              0x20000000         0x00020000         xrw
CCMRAM           0x10000000         0x00010000         xrw
FLASH            0x08000000         0x00100000         xr
*default*        0x00000000         0xffffffff

Linker script and memory map

LOAD D:/STM32_Tools/gcc/bin/../lib/gcc/arm-none-eabi/15.2.1/thumb/v7e-m+fp/hard/crti.o
LOAD D:/STM32_Tools/gcc/bin/../lib/gcc/arm-none-eabi/15.2.1/thumb/v7e-m+fp/hard/crtbegin.o
LOAD D:/STM32_Tools/gcc/bin/../lib/gcc/arm-none-eabi/15.2.1/../../../../arm-none-eabi/lib/thumb/v7e-m+fp/hard/crt0.o
LOAD cmake/stm32cubemx/CMakeFiles/STM32_Drivers.dir/__/__/Core/Src/system_stm32f4xx.c.obj
LOAD cmake/stm32cubemx/CMakeFiles/STM32_Drivers.dir/__/__/Drivers/STM32F4xx_HAL_Driver/Src/stm32f4xx_hal_uart.c.obj
LOAD cmake/stm32cubemx/CMakeFiles/STM32_Drivers.dir/__/__/Drivers/STM32F4xx_HAL_Driver/Src/stm32f4xx_hal_rcc.c.obj
LOAD cmake/stm32cubemx/CMakeFiles/STM32_Drivers.dir/__/__/Drivers/STM32F4xx_HAL_Driver/Src/stm32f4xx_hal_rcc_ex.c.obj
LOAD cmake/stm32cubemx/CMakeFiles/STM32_Drivers.dir/__/__/Drivers/STM32F4xx_HAL_Driver/Src/stm32f4xx_hal_flash.c.obj
LOAD cmake/stm32cubemx/CMakeFiles/STM32_Drivers.dir/__/__/Drivers/STM32F4xx_HAL_Driver/Src/stm32f4xx_hal_flash_ex.c.obj
LOAD cmake/stm32cubemx/CMakeFiles/STM32_Drivers.dir/__/__/Drivers/STM32F4xx_HAL_Driver/Src/stm32f4xx_hal_flash_ramfunc.c.obj
LOAD cmake/stm32cubemx/CMakeFiles/STM32_Drivers.dir/__/__/Drivers/STM32F4xx_HAL_Driver/Src/stm32f4xx_hal_gpio.c.obj
LOAD cmake/stm32cubemx/CMakeFiles/STM32_Drivers.dir/__/__/Drivers/STM32F4xx_HAL_Driver/Src/stm32f4xx_hal_dma_ex.c.obj
LOAD cmake/stm32cubemx/CMakeFiles/STM32_Drivers.dir/__/__/Drivers/STM32F4xx_HAL_Driver/Src/stm32f4xx_hal_dma.c.obj
LOAD cmake/stm32cubemx/CMakeFiles/STM32_Drivers.dir/__/__/Drivers/STM32F4xx_HAL_Driver/Src/stm32f4xx_hal_pwr.c.obj
LOAD cmake/stm32cubemx/CMakeFiles/STM32_Drivers.dir/__/__/Drivers/STM32F4xx_HAL_Driver/Src/stm32f4xx_hal_pwr_ex.c.obj
LOAD cmake/stm32cubemx/CMakeFiles/STM32_Drivers.dir/__/__/Drivers/STM32F4xx_HAL_Driver/Src/stm32f4xx_hal_cortex.c.obj
LOAD cmake/stm32cubemx/CMakeFiles/STM32_Drivers.dir/__/__/Drivers/STM32F4xx_HAL_Driver/Src/stm32f4xx_hal.c.obj
LOAD cmake/stm32cubemx/CMakeFiles/STM32_Drivers.dir/__/__/Drivers/STM32F4xx_HAL_Driver/Src/stm32f4xx_hal_exti.c.obj
LOAD CMakeFiles/UART_TASK.dir/Core/Src/main.c.obj
LOAD CMakeFiles/UART_TASK.dir/Core/Src/gpio.c.obj
LOAD CMakeFiles/UART_TASK.dir/Core/Src/dma.c.obj
LOAD CMakeFiles/UART_TASK.dir/Core/Src/usart.c.obj
LOAD CMakeFiles/UART_TASK.dir/Core/Src/stm32f4xx_it.c.obj
LOAD CMakeFiles/UART_TASK.dir/Core/Src/stm32f4xx_hal_msp.c.obj
LOAD CMakeFiles/UART_TASK.dir/Core/Src/sysmem.c.obj
LOAD CMakeFiles/UART_TASK.dir/Core/Src/syscalls.c.obj
LOAD CMakeFiles/UART_TASK.dir/startup_stm32f407xx.s.obj
LOAD D:/STM32_Tools/gcc/bin/../lib/gcc/arm-none-eabi/15.2.1/../../../../arm-none-eabi/lib/thumb/v7e-m+fp/hard\libm.a
START GROUP
LOAD D:/STM32_Tools/gcc/bin/../lib/gcc/arm-none-eabi/15.2.1/thumb/v7e-m+fp/hard\libgcc.a
LOAD D:/STM32_Tools/gcc/bin/../lib/gcc/arm-none-eabi/15.2.1/../../../../arm-none-eabi/lib/thumb/v7e-m+fp/hard\libg_nano.a
LOAD D:/STM32_Tools/gcc/bin/../lib/gcc/arm-none-eabi/15.2.1/../../../../arm-none-eabi/lib/thumb/v7e-m+fp/hard\libc_nano.a
END GROUP
START GROUP
LOAD D:/STM32_Tools/gcc/bin/../lib/gcc/arm-none-eabi/15.2.1/thumb/v7e-m+fp/hard\libgcc.a
LOAD D:/STM32_Tools/gcc/bin/../lib/gcc/arm-none-eabi/15.2.1/../../../../arm-none-eabi/lib/thumb/v7e-m+fp/hard\libc_nano.a
END GROUP
LOAD D:/STM32_Tools/gcc/bin/../lib/gcc/arm-none-eabi/15.2.1/thumb/v7e-m+fp/hard/crtend.o
LOAD D:/STM32_Tools/gcc/bin/../lib/gcc/arm-none-eabi/15.2.1/thumb/v7e-m+fp/hard/crtn.o
                0x20020000                        _estack = (ORIGIN (RAM) + LENGTH (RAM))
                0x2001fc00                        _sstack = (_estack - _Min_Stack_Size)
                0x00000200                        _Min_Heap_Size = 0x200
                0x00000400                        _Min_Stack_Size = 0x400

.isr_vector     0x08000000      0x188
                0x08000000                        . = ALIGN (0x4)
 *(.isr_vector)
 .isr_vector    0x08000000      0x188 CMakeFiles/UART_TASK.dir/startup_stm32f407xx.s.obj
                0x08000000                g_pfnVectors
                0x08000188                        . = ALIGN (0x4)

.text           0x08000188     0x2ccc
                0x08000188                        . = ALIGN (0x4)
 *(.text)
 .text          0x08000188       0x30 D:/STM32_Tools/gcc/bin/../lib/gcc/arm-none-eabi/15.2.1/thumb/v7e-m+fp/hard\libgcc.a(_aeabi_uldivmod.o)
                0x08000188                __aeabi_uldivmod
 .text          0x080001b8        0x4 D:/STM32_Tools/gcc/bin/../lib/gcc/arm-none-eabi/15.2.1/thumb/v7e-m+fp/hard\libgcc.a(_dvmd_tls.o)
                0x080001b8                __aeabi_idiv0
                0x080001b8                __aeabi_ldiv0
 *(.text*)
 .text.deregister_tm_clones
                0x080001bc       0x1c D:/STM32_Tools/gcc/bin/../lib/gcc/arm-none-eabi/15.2.1/thumb/v7e-m+fp/hard/crtbegin.o
 .text.register_tm_clones
                0x080001d8       0x24 D:/STM32_Tools/gcc/bin/../lib/gcc/arm-none-eabi/15.2.1/thumb/v7e-m+fp/hard/crtbegin.o
 .text.__do_global_dtors_aux
                0x080001fc       0x28 D:/STM32_Tools/gcc/bin/../lib/gcc/arm-none-eabi/15.2.1/thumb/v7e-m+fp/hard/crtbegin.o
 .text.frame_dummy
                0x08000224       0x24 D:/STM32_Tools/gcc/bin/../lib/gcc/arm-none-eabi/15.2.1/thumb/v7e-m+fp/hard/crtbegin.o
 .text.SystemInit
                0x08000248       0x20 cmake/stm32cubemx/CMakeFiles/STM32_Drivers.dir/__/__/Core/Src/system_stm32f4xx.c.obj
                0x08000248                SystemInit
 .text.HAL_UART_Init
                0x08000268       0xa0 cmake/stm32cubemx/CMakeFiles/STM32_Drivers.dir/__/__/Drivers/STM32F4xx_HAL_Driver/Src/stm32f4xx_hal_uart.c.obj
                0x08000268                HAL_UART_Init
 .text.HAL_UART_IRQHandler
                0x08000308      0x550 cmake/stm32cubemx/CMakeFiles/STM32_Drivers.dir/__/__/Drivers/STM32F4xx_HAL_Driver/Src/stm32f4xx_hal_uart.c.obj
                0x08000308                HAL_UART_IRQHandler
 .text.HAL_UART_TxCpltCallback
                0x08000858       0x12 cmake/stm32cubemx/CMakeFiles/STM32_Drivers.dir/__/__/Drivers/STM32F4xx_HAL_Driver/Src/stm32f4xx_hal_uart.c.obj
                0x08000858                HAL_UART_TxCpltCallback
 .text.HAL_UART_RxCpltCallback
                0x0800086a       0x12 cmake/stm32cubemx/CMakeFiles/STM32_Drivers.dir/__/__/Drivers/STM32F4xx_HAL_Driver/Src/stm32f4xx_hal_uart.c.obj
                0x0800086a                HAL_UART_RxCpltCallback
 .text.HAL_UART_ErrorCallback
                0x0800087c       0x12 cmake/stm32cubemx/CMakeFiles/STM32_Drivers.dir/__/__/Drivers/STM32F4xx_HAL_Driver/Src/stm32f4xx_hal_uart.c.obj
                0x0800087c                HAL_UART_ErrorCallback
 .text.HAL_UARTEx_RxEventCallback
                0x0800088e       0x16 cmake/stm32cubemx/CMakeFiles/STM32_Drivers.dir/__/__/Drivers/STM32F4xx_HAL_Driver/Src/stm32f4xx_hal_uart.c.obj
                0x0800088e                HAL_UARTEx_RxEventCallback
 .text.UART_EndRxTransfer
                0x080008a4       0xc4 cmake/stm32cubemx/CMakeFiles/STM32_Drivers.dir/__/__/Drivers/STM32F4xx_HAL_Driver/Src/stm32f4xx_hal_uart.c.obj
 .text.UART_DMAAbortOnError
                0x08000968       0x22 cmake/stm32cubemx/CMakeFiles/STM32_Drivers.dir/__/__/Drivers/STM32F4xx_HAL_Driver/Src/stm32f4xx_hal_uart.c.obj
 .text.UART_Transmit_IT
                0x0800098a       0x9e cmake/stm32cubemx/CMakeFiles/STM32_Drivers.dir/__/__/Drivers/STM32F4xx_HAL_Driver/Src/stm32f4xx_hal_uart.c.obj
 .text.UART_EndTransmit_IT
                0x08000a28       0x30 cmake/stm32cubemx/CMakeFiles/STM32_Drivers.dir/__/__/Drivers/STM32F4xx_HAL_Driver/Src/stm32f4xx_hal_uart.c.obj
 .text.UART_Receive_IT
                0x08000a58      0x17c cmake/stm32cubemx/CMakeFiles/STM32_Drivers.dir/__/__/Drivers/STM32F4xx_HAL_Driver/Src/stm32f4xx_hal_uart.c.obj
 .text.UART_SetConfig
                0x08000bd4      0x4e8 cmake/stm32cubemx/CMakeFiles/STM32_Drivers.dir/__/__/Drivers/STM32F4xx_HAL_Driver/Src/stm32f4xx_hal_uart.c.obj
 .text.HAL_RCC_OscConfig
                0x080010bc      0x4f0 cmake/stm32cubemx/CMakeFiles/STM32_Drivers.dir/__/__/Drivers/STM32F4xx_HAL_Driver/Src/stm32f4xx_hal_rcc.c.obj
                0x080010bc                HAL_RCC_OscConfig
 .text.HAL_RCC_ClockConfig
                0x080015ac      0x1cc cmake/stm32cubemx/CMakeFiles/STM32_Drivers.dir/__/__/Drivers/STM32F4xx_HAL_Driver/Src/stm32f4xx_hal_rcc.c.obj
                0x080015ac                HAL_RCC_ClockConfig
 .text.HAL_RCC_GetSysClockFreq
                0x08001778      0x188 cmake/stm32cubemx/CMakeFiles/STM32_Drivers.dir/__/__/Drivers/STM32F4xx_HAL_Driver/Src/stm32f4xx_hal_rcc.c.obj
                0x08001778                HAL_RCC_GetSysClockFreq
 .text.HAL_RCC_GetHCLKFreq
                0x08001900       0x14 cmake/stm32cubemx/CMakeFiles/STM32_Drivers.dir/__/__/Drivers/STM32F4xx_HAL_Driver/Src/stm32f4xx_hal_rcc.c.obj
                0x08001900                HAL_RCC_GetHCLKFreq
 .text.HAL_RCC_GetPCLK1Freq
                0x08001914       0x28 cmake/stm32cubemx/CMakeFiles/STM32_Drivers.dir/__/__/Drivers/STM32F4xx_HAL_Driver/Src/stm32f4xx_hal_rcc.c.obj
                0x08001914                HAL_RCC_GetPCLK1Freq
 .text.HAL_RCC_GetPCLK2Freq
                0x0800193c       0x28 cmake/stm32cubemx/CMakeFiles/STM32_Drivers.dir/__/__/Drivers/STM32F4xx_HAL_Driver/Src/stm32f4xx_hal_rcc.c.obj
                0x0800193c                HAL_RCC_GetPCLK2Freq
 .text.HAL_GPIO_Init
                0x08001964      0x334 cmake/stm32cubemx/CMakeFiles/STM32_Drivers.dir/__/__/Drivers/STM32F4xx_HAL_Driver/Src/stm32f4xx_hal_gpio.c.obj
                0x08001964                HAL_GPIO_Init
 .text.HAL_DMA_Init
                0x08001c98      0x15c cmake/stm32cubemx/CMakeFiles/STM32_Drivers.dir/__/__/Drivers/STM32F4xx_HAL_Driver/Src/stm32f4xx_hal_dma.c.obj
                0x08001c98                HAL_DMA_Init
 .text.HAL_DMA_Abort
                0x08001df4       0xe0 cmake/stm32cubemx/CMakeFiles/STM32_Drivers.dir/__/__/Drivers/STM32F4xx_HAL_Driver/Src/stm32f4xx_hal_dma.c.obj
                0x08001df4                HAL_DMA_Abort
 .text.HAL_DMA_Abort_IT
                0x08001ed4       0x42 cmake/stm32cubemx/CMakeFiles/STM32_Drivers.dir/__/__/Drivers/STM32F4xx_HAL_Driver/Src/stm32f4xx_hal_dma.c.obj
                0x08001ed4                HAL_DMA_Abort_IT
 *fill*         0x08001f16        0x2 
 .text.HAL_DMA_IRQHandler
                0x08001f18      0x314 cmake/stm32cubemx/CMakeFiles/STM32_Drivers.dir/__/__/Drivers/STM32F4xx_HAL_Driver/Src/stm32f4xx_hal_dma.c.obj
                0x08001f18                HAL_DMA_IRQHandler
 .text.DMA_CalcBaseAndBitshift
                0x0800222c       0x68 cmake/stm32cubemx/CMakeFiles/STM32_Drivers.dir/__/__/Drivers/STM32F4xx_HAL_Driver/Src/stm32f4xx_hal_dma.c.obj
 .text.DMA_CheckFifoParam
                0x08002294      0x10a cmake/stm32cubemx/CMakeFiles/STM32_Drivers.dir/__/__/Drivers/STM32F4xx_HAL_Driver/Src/stm32f4xx_hal_dma.c.obj
 *fill*         0x0800239e        0x2 
 .text.__NVIC_SetPriorityGrouping
                0x080023a0       0x48 cmake/stm32cubemx/CMakeFiles/STM32_Drivers.dir/__/__/Drivers/STM32F4xx_HAL_Driver/Src/stm32f4xx_hal_cortex.c.obj
 .text.__NVIC_GetPriorityGrouping
                0x080023e8       0x1c cmake/stm32cubemx/CMakeFiles/STM32_Drivers.dir/__/__/Drivers/STM32F4xx_HAL_Driver/Src/stm32f4xx_hal_cortex.c.obj
 .text.__NVIC_EnableIRQ
                0x08002404       0x38 cmake/stm32cubemx/CMakeFiles/STM32_Drivers.dir/__/__/Drivers/STM32F4xx_HAL_Driver/Src/stm32f4xx_hal_cortex.c.obj
 .text.__NVIC_SetPriority
                0x0800243c       0x54 cmake/stm32cubemx/CMakeFiles/STM32_Drivers.dir/__/__/Drivers/STM32F4xx_HAL_Driver/Src/stm32f4xx_hal_cortex.c.obj
 .text.NVIC_EncodePriority
                0x08002490       0x6e cmake/stm32cubemx/CMakeFiles/STM32_Drivers.dir/__/__/Drivers/STM32F4xx_HAL_Driver/Src/stm32f4xx_hal_cortex.c.obj
 *fill*         0x080024fe        0x2 
 .text.SysTick_Config
                0x08002500       0x44 cmake/stm32cubemx/CMakeFiles/STM32_Drivers.dir/__/__/Drivers/STM32F4xx_HAL_Driver/Src/stm32f4xx_hal_cortex.c.obj
 .text.HAL_NVIC_SetPriorityGrouping
                0x08002544       0x16 cmake/stm32cubemx/CMakeFiles/STM32_Drivers.dir/__/__/Drivers/STM32F4xx_HAL_Driver/Src/stm32f4xx_hal_cortex.c.obj
                0x08002544                HAL_NVIC_SetPriorityGrouping
 .text.HAL_NVIC_SetPriority
                0x0800255a       0x38 cmake/stm32cubemx/CMakeFiles/STM32_Drivers.dir/__/__/Drivers/STM32F4xx_HAL_Driver/Src/stm32f4xx_hal_cortex.c.obj
                0x0800255a                HAL_NVIC_SetPriority
 .text.HAL_NVIC_EnableIRQ
                0x08002592       0x1c cmake/stm32cubemx/CMakeFiles/STM32_Drivers.dir/__/__/Drivers/STM32F4xx_HAL_Driver/Src/stm32f4xx_hal_cortex.c.obj
                0x08002592                HAL_NVIC_EnableIRQ
 .text.HAL_SYSTICK_Config
                0x080025ae       0x18 cmake/stm32cubemx/CMakeFiles/STM32_Drivers.dir/__/__/Drivers/STM32F4xx_HAL_Driver/Src/stm32f4xx_hal_cortex.c.obj
                0x080025ae                HAL_SYSTICK_Config
 *fill*         0x080025c6        0x2 
 .text.HAL_Init
                0x080025c8       0x44 cmake/stm32cubemx/CMakeFiles/STM32_Drivers.dir/__/__/Drivers/STM32F4xx_HAL_Driver/Src/stm32f4xx_hal.c.obj
                0x080025c8                HAL_Init
 .text.HAL_InitTick
                0x0800260c       0x60 cmake/stm32cubemx/CMakeFiles/STM32_Drivers.dir/__/__/Drivers/STM32F4xx_HAL_Driver/Src/stm32f4xx_hal.c.obj
                0x0800260c                HAL_InitTick
 .text.HAL_IncTick
                0x0800266c       0x24 cmake/stm32cubemx/CMakeFiles/STM32_Drivers.dir/__/__/Drivers/STM32F4xx_HAL_Driver/Src/stm32f4xx_hal.c.obj
                0x0800266c                HAL_IncTick
 .text.HAL_GetTick
                0x08002690       0x14 cmake/stm32cubemx/CMakeFiles/STM32_Drivers.dir/__/__/Drivers/STM32F4xx_HAL_Driver/Src/stm32f4xx_hal.c.obj
                0x08002690                HAL_GetTick
 .text.main     0x080026a4       0x1c CMakeFiles/UART_TASK.dir/Core/Src/main.c.obj
                0x080026a4                main
 .text.SystemClock_Config
                0x080026c0       0xd4 CMakeFiles/UART_TASK.dir/Core/Src/main.c.obj
                0x080026c0                SystemClock_Config
 .text.Error_Handler
                0x08002794        0xc CMakeFiles/UART_TASK.dir/Core/Src/main.c.obj
                0x08002794                Error_Handler
 .text.MX_GPIO_Init
                0x080027a0       0x68 CMakeFiles/UART_TASK.dir/Core/Src/gpio.c.obj
                0x080027a0                MX_GPIO_Init
 .text.MX_DMA_Init
                0x08002808       0x40 CMakeFiles/UART_TASK.dir/Core/Src/dma.c.obj
                0x08002808                MX_DMA_Init
 .text.MX_USART1_UART_Init
                0x08002848       0x58 CMakeFiles/UART_TASK.dir/Core/Src/usart.c.obj
                0x08002848                MX_USART1_UART_Init
 .text.HAL_UART_MspInit
                0x080028a0      0x104 CMakeFiles/UART_TASK.dir/Core/Src/usart.c.obj
                0x080028a0                HAL_UART_MspInit
 .text.NMI_Handler
                0x080029a4        0x8 CMakeFiles/UART_TASK.dir/Core/Src/stm32f4xx_it.c.obj
                0x080029a4                NMI_Handler
 .text.HardFault_Handler
                0x080029ac        0x8 CMakeFiles/UART_TASK.dir/Core/Src/stm32f4xx_it.c.obj
                0x080029ac                HardFault_Handler
 .text.MemManage_Handler
                0x080029b4        0x8 CMakeFiles/UART_TASK.dir/Core/Src/stm32f4xx_it.c.obj
                0x080029b4                MemManage_Handler
 .text.BusFault_Handler
                0x080029bc        0x8 CMakeFiles/UART_TASK.dir/Core/Src/stm32f4xx_it.c.obj
                0x080029bc                BusFault_Handler
 .text.UsageFault_Handler
                0x080029c4        0x8 CMakeFiles/UART_TASK.dir/Core/Src/stm32f4xx_it.c.obj
                0x080029c4                UsageFault_Handler
 .text.SVC_Handler
                0x080029cc        0xc CMakeFiles/UART_TASK.dir/Core/Src/stm32f4xx_it.c.obj
                0x080029cc                SVC_Handler
 .text.DebugMon_Handler
                0x080029d8        0xc CMakeFiles/UART_TASK.dir/Core/Src/stm32f4xx_it.c.obj
                0x080029d8                DebugMon_Handler
 .text.PendSV_Handler
                0x080029e4        0xc CMakeFiles/UART_TASK.dir/Core/Src/stm32f4xx_it.c.obj
                0x080029e4                PendSV_Handler
 .text.SysTick_Handler
                0x080029f0        0xc CMakeFiles/UART_TASK.dir/Core/Src/stm32f4xx_it.c.obj
                0x080029f0                SysTick_Handler
 .text.USART1_IRQHandler
                0x080029fc       0x14 CMakeFiles/UART_TASK.dir/Core/Src/stm32f4xx_it.c.obj
                0x080029fc                USART1_IRQHandler
 .text.DMA2_Stream2_IRQHandler
                0x08002a10       0x14 CMakeFiles/UART_TASK.dir/Core/Src/stm32f4xx_it.c.obj
                0x08002a10                DMA2_Stream2_IRQHandler
 .text.HAL_MspInit
                0x08002a24       0x4c CMakeFiles/UART_TASK.dir/Core/Src/stm32f4xx_hal_msp.c.obj
                0x08002a24                HAL_MspInit
 .text.Reset_Handler
                0x08002a70       0x50 CMakeFiles/UART_TASK.dir/startup_stm32f407xx.s.obj
                0x08002a70                Reset_Handler
 .text.Default_Handler
                0x08002ac0        0x2 CMakeFiles/UART_TASK.dir/startup_stm32f407xx.s.obj
                0x08002ac0                RTC_Alarm_IRQHandler
                0x08002ac0                HASH_RNG_IRQHandler
                0x08002ac0                EXTI2_IRQHandler
                0x08002ac0                TIM8_CC_IRQHandler
                0x08002ac0                TIM1_CC_IRQHandler
                0x08002ac0                DMA2_Stream5_IRQHandler
                0x08002ac0                DMA1_Stream5_IRQHandler
                0x08002ac0                PVD_IRQHandler
                0x08002ac0                SDIO_IRQHandler
                0x08002ac0                TAMP_STAMP_IRQHandler
                0x08002ac0                CAN2_RX1_IRQHandler
                0x08002ac0                EXTI3_IRQHandler
                0x08002ac0                TIM8_TRG_COM_TIM14_IRQHandler
                0x08002ac0                TIM1_UP_TIM10_IRQHandler
                0x08002ac0                TIM8_UP_TIM13_IRQHandler
                0x08002ac0                I2C3_ER_IRQHandler
                0x08002ac0                EXTI0_IRQHandler
                0x08002ac0                I2C2_EV_IRQHandler
                0x08002ac0                DMA1_Stream2_IRQHandler
                0x08002ac0                CAN1_RX0_IRQHandler
                0x08002ac0                FPU_IRQHandler
                0x08002ac0                OTG_HS_WKUP_IRQHandler
                0x08002ac0                CAN2_SCE_IRQHandler
                0x08002ac0                SPI1_IRQHandler
                0x08002ac0                TIM6_DAC_IRQHandler
                0x08002ac0                TIM1_BRK_TIM9_IRQHandler
                0x08002ac0                DCMI_IRQHandler
                0x08002ac0                CAN2_RX0_IRQHandler
                0x08002ac0                DMA2_Stream3_IRQHandler
                0x08002ac0                USART6_IRQHandler
                0x08002ac0                USART3_IRQHandler
                0x08002ac0                CAN1_RX1_IRQHandler
                0x08002ac0                UART5_IRQHandler
                0x08002ac0                DMA2_Stream0_IRQHandler
                0x08002ac0                TIM4_IRQHandler
                0x08002ac0                I2C1_EV_IRQHandler
                0x08002ac0                DMA1_Stream6_IRQHandler
                0x08002ac0                DMA1_Stream1_IRQHandler
                0x08002ac0                UART4_IRQHandler
                0x08002ac0                TIM3_IRQHandler
                0x08002ac0                RCC_IRQHandler
                0x08002ac0                TIM8_BRK_TIM12_IRQHandler
                0x08002ac0                Default_Handler
                0x08002ac0                EXTI15_10_IRQHandler
                0x08002ac0                ADC_IRQHandler
                0x08002ac0                DMA1_Stream7_IRQHandler
                0x08002ac0                TIM7_IRQHandler
                0x08002ac0                CAN2_TX_IRQHandler
                0x08002ac0                TIM5_IRQHandler
                0x08002ac0                DMA2_Stream7_IRQHandler
                0x08002ac0                I2C3_EV_IRQHandler
                0x08002ac0                EXTI9_5_IRQHandler
                0x08002ac0                RTC_WKUP_IRQHandler
                0x08002ac0                ETH_WKUP_IRQHandler
                0x08002ac0                SPI2_IRQHandler
                0x08002ac0                OTG_HS_EP1_IN_IRQHandler
                0x08002ac0                DMA1_Stream0_IRQHandler
                0x08002ac0                CAN1_TX_IRQHandler
                0x08002ac0                EXTI4_IRQHandler
                0x08002ac0                FSMC_IRQHandler
                0x08002ac0                ETH_IRQHandler
                0x08002ac0                OTG_HS_EP1_OUT_IRQHandler
                0x08002ac0                WWDG_IRQHandler
                0x08002ac0                TIM2_IRQHandler
                0x08002ac0                OTG_FS_WKUP_IRQHandler
                0x08002ac0                TIM1_TRG_COM_TIM11_IRQHandler
                0x08002ac0                OTG_HS_IRQHandler
                0x08002ac0                EXTI1_IRQHandler
                0x08002ac0                USART2_IRQHandler
                0x08002ac0                I2C2_ER_IRQHandler
                0x08002ac0                DMA2_Stream1_IRQHandler
                0x08002ac0                CAN1_SCE_IRQHandler
                0x08002ac0                FLASH_IRQHandler
                0x08002ac0                DMA2_Stream4_IRQHandler
                0x08002ac0                OTG_FS_IRQHandler
                0x08002ac0                SPI3_IRQHandler
                0x08002ac0                DMA1_Stream4_IRQHandler
                0x08002ac0                I2C1_ER_IRQHandler
                0x08002ac0                DMA2_Stream6_IRQHandler
                0x08002ac0                DMA1_Stream3_IRQHandler
 *fill*         0x08002ac2        0x2 
 .text.__udivmoddi4
                0x08002ac4      0x320 D:/STM32_Tools/gcc/bin/../lib/gcc/arm-none-eabi/15.2.1/thumb/v7e-m+fp/hard\libgcc.a(_udivmoddi4.o)
                0x08002ac4                __udivmoddi4
 .text.memset   0x08002de4       0x10 D:/STM32_Tools/gcc/bin/../lib/gcc/arm-none-eabi/15.2.1/../../../../arm-none-eabi/lib/thumb/v7e-m+fp/hard\libg_nano.a(libc_a-memset.o)
                0x08002de4                memset
 .text.__libc_init_array
                0x08002df4       0x48 D:/STM32_Tools/gcc/bin/../lib/gcc/arm-none-eabi/15.2.1/../../../../arm-none-eabi/lib/thumb/v7e-m+fp/hard\libg_nano.a(libc_a-init.o)
                0x08002df4                __libc_init_array
 *(.glue_7)
 .glue_7        0x08002e3c        0x0 linker stubs
 *(.glue_7t)
 .glue_7t       0x08002e3c        0x0 linker stubs
 *(.eh_frame)
 .eh_frame      0x08002e3c        0x0 D:/STM32_Tools/gcc/bin/../lib/gcc/arm-none-eabi/15.2.1/thumb/v7e-m+fp/hard/crtbegin.o
 *(.init)
 .init          0x08002e3c        0x4 D:/STM32_Tools/gcc/bin/../lib/gcc/arm-none-eabi/15.2.1/thumb/v7e-m+fp/hard/crti.o
                0x08002e3c                _init
 .init          0x08002e40        0x8 D:/STM32_Tools/gcc/bin/../lib/gcc/arm-none-eabi/15.2.1/thumb/v7e-m+fp/hard/crtn.o
 *(.fini)
 .fini          0x08002e48        0x4 D:/STM32_Tools/gcc/bin/../lib/gcc/arm-none-eabi/15.2.1/thumb/v7e-m+fp/hard/crti.o
                0x08002e48                _fini
 .fini          0x08002e4c        0x8 D:/STM32_Tools/gcc/bin/../lib/gcc/arm-none-eabi/15.2.1/thumb/v7e-m+fp/hard/crtn.o
                0x08002e54                        . = ALIGN (0x4)
                0x08002e54                        _etext = .

.vfp11_veneer   0x08002e54        0x0
 .vfp11_veneer  0x08002e54        0x0 linker stubs

.v4_bx          0x08002e54        0x0
 .v4_bx         0x08002e54        0x0 linker stubs

.iplt           0x08002e54        0x0
 .iplt          0x08002e54        0x0 D:/STM32_Tools/gcc/bin/../lib/gcc/arm-none-eabi/15.2.1/thumb/v7e-m+fp/hard/crtbegin.o

.rodata         0x08002e54       0x20
                0x08002e54                        . = ALIGN (0x4)
 *(.rodata)
 *(.rodata*)
 .rodata.AHBPrescTable
                0x08002e54       0x10 cmake/stm32cubemx/CMakeFiles/STM32_Drivers.dir/__/__/Core/Src/system_stm32f4xx.c.obj
                0x08002e54                AHBPrescTable
 .rodata.APBPrescTable
                0x08002e64        0x8 cmake/stm32cubemx/CMakeFiles/STM32_Drivers.dir/__/__/Core/Src/system_stm32f4xx.c.obj
                0x08002e64                APBPrescTable
 .rodata.flagBitshiftOffset.0
                0x08002e6c        0x8 cmake/stm32cubemx/CMakeFiles/STM32_Drivers.dir/__/__/Drivers/STM32F4xx_HAL_Driver/Src/stm32f4xx_hal_dma.c.obj
                0x08002e74                        . = ALIGN (0x4)

.ARM.extab      0x08002e74        0x0
                0x08002e74                        . = ALIGN (0x4)
 *(.ARM.extab* .gnu.linkonce.armextab.*)
                0x08002e74                        . = ALIGN (0x4)

.ARM            0x08002e74        0x8
                0x08002e74                        . = ALIGN (0x4)
                0x08002e74                        __exidx_start = .
 *(.ARM.exidx*)
 .ARM.exidx.text.__udivmoddi4
                0x08002e74        0x8 D:/STM32_Tools/gcc/bin/../lib/gcc/arm-none-eabi/15.2.1/thumb/v7e-m+fp/hard\libgcc.a(_udivmoddi4.o)
                0x08002e7c                        __exidx_end = .
                0x08002e7c                        . = ALIGN (0x4)

.preinit_array  0x08002e7c        0x0
                0x08002e7c                        . = ALIGN (0x4)
                0x08002e7c                        PROVIDE (__preinit_array_start = .)
 *(.preinit_array*)
                0x08002e7c                        PROVIDE (__preinit_array_end = .)
                0x08002e7c                        . = ALIGN (0x4)

.init_array     0x08002e7c        0x4
                0x08002e7c                        . = ALIGN (0x4)
                0x08002e7c                        PROVIDE (__init_array_start = .)
 *(SORT_BY_NAME(.init_array.*))
 *(.init_array*)
 .init_array    0x08002e7c        0x4 D:/STM32_Tools/gcc/bin/../lib/gcc/arm-none-eabi/15.2.1/thumb/v7e-m+fp/hard/crtbegin.o
                0x08002e80                        PROVIDE (__init_array_end = .)
                0x08002e80                        . = ALIGN (0x4)

.fini_array     0x08002e80        0x4
                0x08002e80                        . = ALIGN (0x4)
                [!provide]                        PROVIDE (__fini_array_start = .)
 *(SORT_BY_NAME(.fini_array.*))
 *(.fini_array*)
 .fini_array    0x08002e80        0x4 D:/STM32_Tools/gcc/bin/../lib/gcc/arm-none-eabi/15.2.1/thumb/v7e-m+fp/hard/crtbegin.o
                [!provide]                        PROVIDE (__fini_array_end = .)
                0x08002e84                        . = ALIGN (0x4)
                0x08002e84                        _siccmram = LOADADDR (.ccmram)

.rel.dyn        0x08002e84        0x0
 .rel.iplt      0x08002e84        0x0 D:/STM32_Tools/gcc/bin/../lib/gcc/arm-none-eabi/15.2.1/thumb/v7e-m+fp/hard/crtbegin.o

.ccmram         0x10000000        0x0 load address 0x08002e84
                0x10000000                        . = ALIGN (0x4)
                0x10000000                        _sccmram = .
 *(.ccmram)
 *(.ccmram*)
                0x10000000                        . = ALIGN (0x4)
                0x10000000                        _eccmram = .
                0x08002e84                        _sidata = LOADADDR (.data)

.data           0x20000000        0xc load address 0x08002e84
                0x20000000                        . = ALIGN (0x4)
                0x20000000                        _sdata = .
 *(.data)
 *(.data*)
 .data.SystemCoreClock
                0x20000000        0x4 cmake/stm32cubemx/CMakeFiles/STM32_Drivers.dir/__/__/Core/Src/system_stm32f4xx.c.obj
                0x20000000                SystemCoreClock
 .data.uwTickPrio
                0x20000004        0x4 cmake/stm32cubemx/CMakeFiles/STM32_Drivers.dir/__/__/Drivers/STM32F4xx_HAL_Driver/Src/stm32f4xx_hal.c.obj
                0x20000004                uwTickPrio
 .data.uwTickFreq
                0x20000008        0x1 cmake/stm32cubemx/CMakeFiles/STM32_Drivers.dir/__/__/Drivers/STM32F4xx_HAL_Driver/Src/stm32f4xx_hal.c.obj
                0x20000008                uwTickFreq
 *(.RamFunc)
 *(.RamFunc*)
                0x2000000c                        . = ALIGN (0x4)
 *fill*         0x20000009        0x3 

.tm_clone_table
                0x2000000c        0x0 load address 0x08002e90
 .tm_clone_table
                0x2000000c        0x0 D:/STM32_Tools/gcc/bin/../lib/gcc/arm-none-eabi/15.2.1/thumb/v7e-m+fp/hard/crtbegin.o
 .tm_clone_table
                0x2000000c        0x0 D:/STM32_Tools/gcc/bin/../lib/gcc/arm-none-eabi/15.2.1/thumb/v7e-m+fp/hard/crtend.o

.igot.plt       0x2000000c        0x0 load address 0x08002e90
 .igot.plt      0x2000000c        0x0 D:/STM32_Tools/gcc/bin/../lib/gcc/arm-none-eabi/15.2.1/thumb/v7e-m+fp/hard/crtbegin.o

.tdata          0x2000000c        0x0 load address 0x08002e90
 *(.tdata .tdata.* .gnu.linkonce.td.*)
                0x2000000c                        . = ALIGN (0x4)
                0x2000000c                        _edata = .
                [!provide]                        PROVIDE (__data_end = .)
                [!provide]                        PROVIDE (__tdata_end = .)
                [!provide]                        PROVIDE (__tdata_start = ADDR (.tdata))
                [!provide]                        PROVIDE (__tdata_size = (__tdata_end - __tdata_start))
                [!provide]                        PROVIDE (__data_start = ADDR (.data))
                [!provide]                        PROVIDE (__data_size = (__data_end - __data_start))
                [!provide]                        PROVIDE (__tdata_source = LOADADDR (.tdata))
                [!provide]                        PROVIDE (__tdata_source_end = (LOADADDR (.tdata) + SIZEOF (.tdata)))
                [!provide]                        PROVIDE (__tdata_source_size = (__tdata_source_end - __tdata_source))
                [!provide]                        PROVIDE (__data_source = LOADADDR (.data))
                [!provide]                        PROVIDE (__data_source_end = __tdata_source_end)
                [!provide]                        PROVIDE (__data_source_size = (__data_source_end - __data_source))

.tbss           0x2000000c        0x0 load address 0x08002e90
                0x2000000c                        _sbss = .
                0x2000000c                        __bss_start__ = _sbss
 *(.tbss .tbss.*)
                0x2000000c                        . = ALIGN (0x4)
                [!provide]                        PROVIDE (__tbss_end = .)
                [!provide]                        PROVIDE (__tbss_start = ADDR (.tbss))
                [!provide]                        PROVIDE (__tbss_size = (__tbss_end - __tbss_start))
                [!provide]                        PROVIDE (__tbss_offset = (ADDR (.tbss) - ADDR (.tdata)))
                [!provide]                        PROVIDE (__tls_base = __tdata_start)
                [!provide]                        PROVIDE (__tls_end = __tbss_end)
                [!provide]                        PROVIDE (__tls_size = (__tls_end - __tls_base))
                [!provide]                        PROVIDE (__tls_align = MAX (ALIGNOF (.tdata), ALIGNOF (.tbss)))
                [!provide]                        PROVIDE (__tls_size_align = (((__tls_size + __tls_align) - 0x1) & ~ ((__tls_align - 0x1))))
                [!provide]                        PROVIDE (__arm32_tls_tcb_offset = MAX (0x8, __tls_align))
                [!provide]                        PROVIDE (__arm64_tls_tcb_offset = MAX (0x10, __tls_align))

.bss            0x2000000c       0xc8 load address 0x08002e90
 *(.bss)
 *(.bss*)
 .bss.completed.1
                0x2000000c        0x1 D:/STM32_Tools/gcc/bin/../lib/gcc/arm-none-eabi/15.2.1/thumb/v7e-m+fp/hard/crtbegin.o
 *fill*         0x2000000d        0x3 
 .bss.object.0  0x20000010       0x18 D:/STM32_Tools/gcc/bin/../lib/gcc/arm-none-eabi/15.2.1/thumb/v7e-m+fp/hard/crtbegin.o
 .bss.uwTick    0x20000028        0x4 cmake/stm32cubemx/CMakeFiles/STM32_Drivers.dir/__/__/Drivers/STM32F4xx_HAL_Driver/Src/stm32f4xx_hal.c.obj
                0x20000028                uwTick
 .bss.huart1    0x2000002c       0x48 CMakeFiles/UART_TASK.dir/Core/Src/usart.c.obj
                0x2000002c                huart1
 .bss.hdma_usart1_rx
                0x20000074       0x60 CMakeFiles/UART_TASK.dir/Core/Src/usart.c.obj
                0x20000074                hdma_usart1_rx
 *(COMMON)
                0x200000d4                        . = ALIGN (0x4)
                0x200000d4                        _ebss = .
                0x200000d4                        __bss_end__ = _ebss
                [!provide]                        PROVIDE (__bss_end = .)
                [!provide]                        PROVIDE (__non_tls_bss_start = ADDR (.bss))
                [!provide]                        PROVIDE (__bss_start = __tbss_start)
                [!provide]                        PROVIDE (__bss_size = (__bss_end - __bss_start))

._user_heap_stack
                0x200000d4      0x604 load address 0x08002e90
                0x200000d8                        . = ALIGN (0x8)
 *fill*         0x200000d4        0x4 
                [!provide]                        PROVIDE (end = .)
                0x200000d8                        PROVIDE (_end = .)
                0x200002d8                        . = (. + _Min_Heap_Size)
 *fill*         0x200000d8      0x200 
                0x200006d8                        . = (. + _Min_Stack_Size)
 *fill*         0x200002d8      0x400 
                0x200006d8                        . = ALIGN (0x8)

/DISCARD/
 libc.a:*(*)
 libm.a:*(*)
 libgcc.a:*(*)
OUTPUT(UART_TASK.elf elf32-littlearm)
LOAD linker stubs

.ARM.attributes
                0x00000000       0x30
 .ARM.attributes
                0x00000000       0x22 D:/STM32_Tools/gcc/bin/../lib/gcc/arm-none-eabi/15.2.1/thumb/v7e-m+fp/hard/crti.o
 .ARM.attributes
                0x00000022       0x34 D:/STM32_Tools/gcc/bin/../lib/gcc/arm-none-eabi/15.2.1/thumb/v7e-m+fp/hard/crtbegin.o
 .ARM.attributes
                0x00000056       0x34 cmake/stm32cubemx/CMakeFiles/STM32_Drivers.dir/__/__/Core/Src/system_stm32f4xx.c.obj
 .ARM.attributes
                0x0000008a       0x34 cmake/stm32cubemx/CMakeFiles/STM32_Drivers.dir/__/__/Drivers/STM32F4xx_HAL_Driver/Src/stm32f4xx_hal_uart.c.obj
 .ARM.attributes
                0x000000be       0x34 cmake/stm32cubemx/CMakeFiles/STM32_Drivers.dir/__/__/Drivers/STM32F4xx_HAL_Driver/Src/stm32f4xx_hal_rcc.c.obj
 .ARM.attributes
                0x000000f2       0x34 cmake/stm32cubemx/CMakeFiles/STM32_Drivers.dir/__/__/Drivers/STM32F4xx_HAL_Driver/Src/stm32f4xx_hal_gpio.c.obj
 .ARM.attributes
                0x00000126       0x34 cmake/stm32cubemx/CMakeFiles/STM32_Drivers.dir/__/__/Drivers/STM32F4xx_HAL_Driver/Src/stm32f4xx_hal_dma.c.obj
 .ARM.attributes
                0x0000015a       0x34 cmake/stm32cubemx/CMakeFiles/STM32_Drivers.dir/__/__/Drivers/STM32F4xx_HAL_Driver/Src/stm32f4xx_hal_cortex.c.obj
 .ARM.attributes
                0x0000018e       0x34 cmake/stm32cubemx/CMakeFiles/STM32_Drivers.dir/__/__/Drivers/STM32F4xx_HAL_Driver/Src/stm32f4xx_hal.c.obj
 .ARM.attributes
                0x000001c2       0x34 CMakeFiles/UART_TASK.dir/Core/Src/main.c.obj
 .ARM.attributes
                0x000001f6       0x34 CMakeFiles/UART_TASK.dir/Core/Src/gpio.c.obj
 .ARM.attributes
                0x0000022a       0x34 CMakeFiles/UART_TASK.dir/Core/Src/dma.c.obj
 .ARM.attributes
                0x0000025e       0x34 CMakeFiles/UART_TASK.dir/Core/Src/usart.c.obj
 .ARM.attributes
                0x00000292       0x34 CMakeFiles/UART_TASK.dir/Core/Src/stm32f4xx_it.c.obj
 .ARM.attributes
                0x000002c6       0x34 CMakeFiles/UART_TASK.dir/Core/Src/stm32f4xx_hal_msp.c.obj
 .ARM.attributes
                0x000002fa       0x21 CMakeFiles/UART_TASK.dir/startup_stm32f407xx.s.obj
 .ARM.attributes
                0x0000031b       0x22 D:/STM32_Tools/gcc/bin/../lib/gcc/arm-none-eabi/15.2.1/thumb/v7e-m+fp/hard\libgcc.a(_aeabi_uldivmod.o)
 .ARM.attributes
                0x0000033d       0x34 D:/STM32_Tools/gcc/bin/../lib/gcc/arm-none-eabi/15.2.1/thumb/v7e-m+fp/hard\libgcc.a(_udivmoddi4.o)
 .ARM.attributes
                0x00000371       0x22 D:/STM32_Tools/gcc/bin/../lib/gcc/arm-none-eabi/15.2.1/thumb/v7e-m+fp/hard\libgcc.a(_dvmd_tls.o)
 .ARM.attributes
                0x00000393       0x34 D:/STM32_Tools/gcc/bin/../lib/gcc/arm-none-eabi/15.2.1/../../../../arm-none-eabi/lib/thumb/v7e-m+fp/hard\libg_nano.a(libc_a-memset.o)
 .ARM.attributes
                0x000003c7       0x34 D:/STM32_Tools/gcc/bin/../lib/gcc/arm-none-eabi/15.2.1/../../../../arm-none-eabi/lib/thumb/v7e-m+fp/hard\libg_nano.a(libc_a-init.o)
 .ARM.attributes
                0x000003fb       0x34 D:/STM32_Tools/gcc/bin/../lib/gcc/arm-none-eabi/15.2.1/thumb/v7e-m+fp/hard/crtend.o
 .ARM.attributes
                0x0000042f       0x22 D:/STM32_Tools/gcc/bin/../lib/gcc/arm-none-eabi/15.2.1/thumb/v7e-m+fp/hard/crtn.o

.comment        0x00000000       0x45
 .comment       0x00000000       0x45 cmake/stm32cubemx/CMakeFiles/STM32_Drivers.dir/__/__/Core/Src/system_stm32f4xx.c.obj
                                 0x46 (size before relaxing)
 .comment       0x00000045        0x0 cmake/stm32cubemx/CMakeFiles/STM32_Drivers.dir/__/__/Drivers/STM32F4xx_HAL_Driver/Src/stm32f4xx_hal_uart.c.obj
                                 0x46 (size before relaxing)
 .comment       0x00000045        0x0 cmake/stm32cubemx/CMakeFiles/STM32_Drivers.dir/__/__/Drivers/STM32F4xx_HAL_Driver/Src/stm32f4xx_hal_rcc.c.obj
                                 0x46 (size before relaxing)
 .comment       0x00000045        0x0 cmake/stm32cubemx/CMakeFiles/STM32_Drivers.dir/__/__/Drivers/STM32F4xx_HAL_Driver/Src/stm32f4xx_hal_gpio.c.obj
                                 0x46 (size before relaxing)
 .comment       0x00000045        0x0 cmake/stm32cubemx/CMakeFiles/STM32_Drivers.dir/__/__/Drivers/STM32F4xx_HAL_Driver/Src/stm32f4xx_hal_dma.c.obj
                                 0x46 (size before relaxing)
 .comment       0x00000045        0x0 cmake/stm32cubemx/CMakeFiles/STM32_Drivers.dir/__/__/Drivers/STM32F4xx_HAL_Driver/Src/stm32f4xx_hal_cortex.c.obj
                                 0x46 (size before relaxing)
 .comment       0x00000045        0x0 cmake/stm32cubemx/CMakeFiles/STM32_Drivers.dir/__/__/Drivers/STM32F4xx_HAL_Driver/Src/stm32f4xx_hal.c.obj
                                 0x46 (size before relaxing)
 .comment       0x00000045        0x0 CMakeFiles/UART_TASK.dir/Core/Src/main.c.obj
                                 0x46 (size before relaxing)
 .comment       0x00000045        0x0 CMakeFiles/UART_TASK.dir/Core/Src/gpio.c.obj
                                 0x46 (size before relaxing)
 .comment       0x00000045        0x0 CMakeFiles/UART_TASK.dir/Core/Src/dma.c.obj
                                 0x46 (size before relaxing)
 .comment       0x00000045        0x0 CMakeFiles/UART_TASK.dir/Core/Src/usart.c.obj
                                 0x46 (size before relaxing)
 .comment       0x00000045        0x0 CMakeFiles/UART_TASK.dir/Core/Src/stm32f4xx_it.c.obj
                                 0x46 (size before relaxing)
 .comment       0x00000045        0x0 CMakeFiles/UART_TASK.dir/Core/Src/stm32f4xx_hal_msp.c.obj
                                 0x46 (size before relaxing)

.debug_info     0x00000000     0x845b
 .debug_info    0x00000000      0x512 cmake/stm32cubemx/CMakeFiles/STM32_Drivers.dir/__/__/Core/Src/system_stm32f4xx.c.obj
 .debug_info    0x00000512     0x2f4f cmake/stm32cubemx/CMakeFiles/STM32_Drivers.dir/__/__/Drivers/STM32F4xx_HAL_Driver/Src/stm32f4xx_hal_uart.c.obj
 .debug_info    0x00003461      0x8c3 cmake/stm32cubemx/CMakeFiles/STM32_Drivers.dir/__/__/Drivers/STM32F4xx_HAL_Driver/Src/stm32f4xx_hal_rcc.c.obj
 .debug_info    0x00003d24      0x6c3 cmake/stm32cubemx/CMakeFiles/STM32_Drivers.dir/__/__/Drivers/STM32F4xx_HAL_Driver/Src/stm32f4xx_hal_gpio.c.obj
 .debug_info    0x000043e7      0x8e7 cmake/stm32cubemx/CMakeFiles/STM32_Drivers.dir/__/__/Drivers/STM32F4xx_HAL_Driver/Src/stm32f4xx_hal_dma.c.obj
 .debug_info    0x00004cce      0xd8c cmake/stm32cubemx/CMakeFiles/STM32_Drivers.dir/__/__/Drivers/STM32F4xx_HAL_Driver/Src/stm32f4xx_hal_cortex.c.obj
 .debug_info    0x00005a5a      0x944 cmake/stm32cubemx/CMakeFiles/STM32_Drivers.dir/__/__/Drivers/STM32F4xx_HAL_Driver/Src/stm32f4xx_hal.c.obj
 .debug_info    0x0000639e      0x4c3 CMakeFiles/UART_TASK.dir/Core/Src/main.c.obj
 .debug_info    0x00006861      0x284 CMakeFiles/UART_TASK.dir/Core/Src/gpio.c.obj
 .debug_info    0x00006ae5      0x4ad CMakeFiles/UART_TASK.dir/Core/Src/dma.c.obj
 .debug_info    0x00006f92      0xbca CMakeFiles/UART_TASK.dir/Core/Src/usart.c.obj
 .debug_info    0x00007b5c      0x666 CMakeFiles/UART_TASK.dir/Core/Src/stm32f4xx_it.c.obj
 .debug_info    0x000081c2      0x269 CMakeFiles/UART_TASK.dir/Core/Src/stm32f4xx_hal_msp.c.obj
 .debug_info    0x0000842b       0x30 CMakeFiles/UART_TASK.dir/startup_stm32f407xx.s.obj

.debug_abbrev   0x00000000     0x18aa
 .debug_abbrev  0x00000000      0x11a cmake/stm32cubemx/CMakeFiles/STM32_Drivers.dir/__/__/Core/Src/system_stm32f4xx.c.obj
 .debug_abbrev  0x0000011a      0x30e cmake/stm32cubemx/CMakeFiles/STM32_Drivers.dir/__/__/Drivers/STM32F4xx_HAL_Driver/Src/stm32f4xx_hal_uart.c.obj
 .debug_abbrev  0x00000428      0x2b7 cmake/stm32cubemx/CMakeFiles/STM32_Drivers.dir/__/__/Drivers/STM32F4xx_HAL_Driver/Src/stm32f4xx_hal_rcc.c.obj
 .debug_abbrev  0x000006df      0x1d4 cmake/stm32cubemx/CMakeFiles/STM32_Drivers.dir/__/__/Drivers/STM32F4xx_HAL_Driver/Src/stm32f4xx_hal_gpio.c.obj
 .debug_abbrev  0x000008b3      0x264 cmake/stm32cubemx/CMakeFiles/STM32_Drivers.dir/__/__/Drivers/STM32F4xx_HAL_Driver/Src/stm32f4xx_hal_dma.c.obj
 .debug_abbrev  0x00000b17      0x31d cmake/stm32cubemx/CMakeFiles/STM32_Drivers.dir/__/__/Drivers/STM32F4xx_HAL_Driver/Src/stm32f4xx_hal_cortex.c.obj
 .debug_abbrev  0x00000e34      0x214 cmake/stm32cubemx/CMakeFiles/STM32_Drivers.dir/__/__/Drivers/STM32F4xx_HAL_Driver/Src/stm32f4xx_hal.c.obj
 .debug_abbrev  0x00001048      0x1de CMakeFiles/UART_TASK.dir/Core/Src/main.c.obj
 .debug_abbrev  0x00001226       0xd8 CMakeFiles/UART_TASK.dir/Core/Src/gpio.c.obj
 .debug_abbrev  0x000012fe      0x10e CMakeFiles/UART_TASK.dir/Core/Src/dma.c.obj
 .debug_abbrev  0x0000140c      0x22c CMakeFiles/UART_TASK.dir/Core/Src/usart.c.obj
 .debug_abbrev  0x00001638      0x176 CMakeFiles/UART_TASK.dir/Core/Src/stm32f4xx_it.c.obj
 .debug_abbrev  0x000017ae       0xd8 CMakeFiles/UART_TASK.dir/Core/Src/stm32f4xx_hal_msp.c.obj
 .debug_abbrev  0x00001886       0x24 CMakeFiles/UART_TASK.dir/startup_stm32f407xx.s.obj

.debug_aranges  0x00000000      0x718
 .debug_aranges
                0x00000000       0x28 cmake/stm32cubemx/CMakeFiles/STM32_Drivers.dir/__/__/Core/Src/system_stm32f4xx.c.obj
 .debug_aranges
                0x00000028      0x208 cmake/stm32cubemx/CMakeFiles/STM32_Drivers.dir/__/__/Drivers/STM32F4xx_HAL_Driver/Src/stm32f4xx_hal_uart.c.obj
 .debug_aranges
                0x00000230       0x88 cmake/stm32cubemx/CMakeFiles/STM32_Drivers.dir/__/__/Drivers/STM32F4xx_HAL_Driver/Src/stm32f4xx_hal_rcc.c.obj
 .debug_aranges
                0x000002b8       0x58 cmake/stm32cubemx/CMakeFiles/STM32_Drivers.dir/__/__/Drivers/STM32F4xx_HAL_Driver/Src/stm32f4xx_hal_gpio.c.obj
 .debug_aranges
                0x00000310       0x90 cmake/stm32cubemx/CMakeFiles/STM32_Drivers.dir/__/__/Drivers/STM32F4xx_HAL_Driver/Src/stm32f4xx_hal_dma.c.obj
 .debug_aranges
                0x000003a0      0x130 cmake/stm32cubemx/CMakeFiles/STM32_Drivers.dir/__/__/Drivers/STM32F4xx_HAL_Driver/Src/stm32f4xx_hal_cortex.c.obj
 .debug_aranges
                0x000004d0       0xf0 cmake/stm32cubemx/CMakeFiles/STM32_Drivers.dir/__/__/Drivers/STM32F4xx_HAL_Driver/Src/stm32f4xx_hal.c.obj
 .debug_aranges
                0x000005c0       0x30 CMakeFiles/UART_TASK.dir/Core/Src/main.c.obj
 .debug_aranges
                0x000005f0       0x20 CMakeFiles/UART_TASK.dir/Core/Src/gpio.c.obj
 .debug_aranges
                0x00000610       0x20 CMakeFiles/UART_TASK.dir/Core/Src/dma.c.obj
 .debug_aranges
                0x00000630       0x30 CMakeFiles/UART_TASK.dir/Core/Src/usart.c.obj
 .debug_aranges
                0x00000660       0x70 CMakeFiles/UART_TASK.dir/Core/Src/stm32f4xx_it.c.obj
 .debug_aranges
                0x000006d0       0x20 CMakeFiles/UART_TASK.dir/Core/Src/stm32f4xx_hal_msp.c.obj
 .debug_aranges
                0x000006f0       0x28 CMakeFiles/UART_TASK.dir/startup_stm32f407xx.s.obj

.debug_rnglists
                0x00000000      0x55a
 .debug_rnglists
                0x00000000       0x1a cmake/stm32cubemx/CMakeFiles/STM32_Drivers.dir/__/__/Core/Src/system_stm32f4xx.c.obj
 .debug_rnglists
                0x0000001a      0x1bc cmake/stm32cubemx/CMakeFiles/STM32_Drivers.dir/__/__/Drivers/STM32F4xx_HAL_Driver/Src/stm32f4xx_hal_uart.c.obj
 .debug_rnglists
                0x000001d6       0x66 cmake/stm32cubemx/CMakeFiles/STM32_Drivers.dir/__/__/Drivers/STM32F4xx_HAL_Driver/Src/stm32f4xx_hal_rcc.c.obj
 .debug_rnglists
                0x0000023c       0x3f cmake/stm32cubemx/CMakeFiles/STM32_Drivers.dir/__/__/Drivers/STM32F4xx_HAL_Driver/Src/stm32f4xx_hal_gpio.c.obj
 .debug_rnglists
                0x0000027b       0x70 cmake/stm32cubemx/CMakeFiles/STM32_Drivers.dir/__/__/Drivers/STM32F4xx_HAL_Driver/Src/stm32f4xx_hal_dma.c.obj
 .debug_rnglists
                0x000002eb       0xdf cmake/stm32cubemx/CMakeFiles/STM32_Drivers.dir/__/__/Drivers/STM32F4xx_HAL_Driver/Src/stm32f4xx_hal_cortex.c.obj
 .debug_rnglists
                0x000003ca       0xaf cmake/stm32cubemx/CMakeFiles/STM32_Drivers.dir/__/__/Drivers/STM32F4xx_HAL_Driver/Src/stm32f4xx_hal.c.obj
 .debug_rnglists
                0x00000479       0x20 CMakeFiles/UART_TASK.dir/Core/Src/main.c.obj
 .debug_rnglists
                0x00000499       0x13 CMakeFiles/UART_TASK.dir/Core/Src/gpio.c.obj
 .debug_rnglists
                0x000004ac       0x13 CMakeFiles/UART_TASK.dir/Core/Src/dma.c.obj
 .debug_rnglists
                0x000004bf       0x20 CMakeFiles/UART_TASK.dir/Core/Src/usart.c.obj
 .debug_rnglists
                0x000004df       0x4f CMakeFiles/UART_TASK.dir/Core/Src/stm32f4xx_it.c.obj
 .debug_rnglists
                0x0000052e       0x13 CMakeFiles/UART_TASK.dir/Core/Src/stm32f4xx_hal_msp.c.obj
 .debug_rnglists
                0x00000541       0x19 CMakeFiles/UART_TASK.dir/startup_stm32f407xx.s.obj

.debug_macro    0x00000000    0x1fa1a
 .debug_macro   0x00000000      0x1ba cmake/stm32cubemx/CMakeFiles/STM32_Drivers.dir/__/__/Core/Src/system_stm32f4xx.c.obj
 .debug_macro   0x000001ba      0xaea cmake/stm32cubemx/CMakeFiles/STM32_Drivers.dir/__/__/Core/Src/system_stm32f4xx.c.obj
 .debug_macro   0x00000ca4       0x2e cmake/stm32cubemx/CMakeFiles/STM32_Drivers.dir/__/__/Core/Src/system_stm32f4xx.c.obj
 .debug_macro   0x00000cd2       0x2f cmake/stm32cubemx/CMakeFiles/STM32_Drivers.dir/__/__/Core/Src/system_stm32f4xx.c.obj
 .debug_macro   0x00000d01       0x22 cmake/stm32cubemx/CMakeFiles/STM32_Drivers.dir/__/__/Core/Src/system_stm32f4xx.c.obj
 .debug_macro   0x00000d23       0x8e cmake/stm32cubemx/CMakeFiles/STM32_Drivers.dir/__/__/Core/Src/system_stm32f4xx.c.obj
 .debug_macro   0x00000db1       0x51 cmake/stm32cubemx/CMakeFiles/STM32_Drivers.dir/__/__/Core/Src/system_stm32f4xx.c.obj
 .debug_macro   0x00000e02      0x103 cmake/stm32cubemx/CMakeFiles/STM32_Drivers.dir/__/__/Core/Src/system_stm32f4xx.c.obj
 .debug_macro   0x00000f05       0x6a cmake/stm32cubemx/CMakeFiles/STM32_Drivers.dir/__/__/Core/Src/system_stm32f4xx.c.obj
 .debug_macro   0x00000f6f      0x1df cmake/stm32cubemx/CMakeFiles/STM32_Drivers.dir/__/__/Core/Src/system_stm32f4xx.c.obj
 .debug_macro   0x0000114e       0x1c cmake/stm32cubemx/CMakeFiles/STM32_Drivers.dir/__/__/Core/Src/system_stm32f4xx.c.obj
 .debug_macro   0x0000116a       0x22 cmake/stm32cubemx/CMakeFiles/STM32_Drivers.dir/__/__/Core/Src/system_stm32f4xx.c.obj
 .debug_macro   0x0000118c       0xfb cmake/stm32cubemx/CMakeFiles/STM32_Drivers.dir/__/__/Core/Src/system_stm32f4xx.c.obj
 .debug_macro   0x00001287     0x1011 cmake/stm32cubemx/CMakeFiles/STM32_Drivers.dir/__/__/Core/Src/system_stm32f4xx.c.obj
 .debug_macro   0x00002298      0x11f cmake/stm32cubemx/CMakeFiles/STM32_Drivers.dir/__/__/Core/Src/system_stm32f4xx.c.obj
 .debug_macro   0x000023b7    0x15ea5 cmake/stm32cubemx/CMakeFiles/STM32_Drivers.dir/__/__/Core/Src/system_stm32f4xx.c.obj
 .debug_macro   0x0001825c       0x6d cmake/stm32cubemx/CMakeFiles/STM32_Drivers.dir/__/__/Core/Src/system_stm32f4xx.c.obj
 .debug_macro   0x000182c9      0x295 cmake/stm32cubemx/CMakeFiles/STM32_Drivers.dir/__/__/Core/Src/system_stm32f4xx.c.obj
 .debug_macro   0x0001855e     0x3693 cmake/stm32cubemx/CMakeFiles/STM32_Drivers.dir/__/__/Core/Src/system_stm32f4xx.c.obj
 .debug_macro   0x0001bbf1      0x190 cmake/stm32cubemx/CMakeFiles/STM32_Drivers.dir/__/__/Core/Src/system_stm32f4xx.c.obj
 .debug_macro   0x0001bd81       0x5c cmake/stm32cubemx/CMakeFiles/STM32_Drivers.dir/__/__/Core/Src/system_stm32f4xx.c.obj
 .debug_macro   0x0001bddd      0x980 cmake/stm32cubemx/CMakeFiles/STM32_Drivers.dir/__/__/Core/Src/system_stm32f4xx.c.obj
 .debug_macro   0x0001c75d      0x9e9 cmake/stm32cubemx/CMakeFiles/STM32_Drivers.dir/__/__/Core/Src/system_stm32f4xx.c.obj
 .debug_macro   0x0001d146      0x115 cmake/stm32cubemx/CMakeFiles/STM32_Drivers.dir/__/__/Core/Src/system_stm32f4xx.c.obj
 .debug_macro   0x0001d25b      0x13e cmake/stm32cubemx/CMakeFiles/STM32_Drivers.dir/__/__/Core/Src/system_stm32f4xx.c.obj
 .debug_macro   0x0001d399       0xa5 cmake/stm32cubemx/CMakeFiles/STM32_Drivers.dir/__/__/Core/Src/system_stm32f4xx.c.obj
 .debug_macro   0x0001d43e      0x174 cmake/stm32cubemx/CMakeFiles/STM32_Drivers.dir/__/__/Core/Src/system_stm32f4xx.c.obj
 .debug_macro   0x0001d5b2      0x287 cmake/stm32cubemx/CMakeFiles/STM32_Drivers.dir/__/__/Core/Src/system_stm32f4xx.c.obj
 .debug_macro   0x0001d839       0x5f cmake/stm32cubemx/CMakeFiles/STM32_Drivers.dir/__/__/Core/Src/system_stm32f4xx.c.obj
 .debug_macro   0x0001d898      0x236 cmake/stm32cubemx/CMakeFiles/STM32_Drivers.dir/__/__/Core/Src/system_stm32f4xx.c.obj
 .debug_macro   0x0001dace      0x12c cmake/stm32cubemx/CMakeFiles/STM32_Drivers.dir/__/__/Core/Src/system_stm32f4xx.c.obj
 .debug_macro   0x0001dbfa      0x21e cmake/stm32cubemx/CMakeFiles/STM32_Drivers.dir/__/__/Core/Src/system_stm32f4xx.c.obj
 .debug_macro   0x0001de18       0x2e cmake/stm32cubemx/CMakeFiles/STM32_Drivers.dir/__/__/Core/Src/system_stm32f4xx.c.obj
 .debug_macro   0x0001de46      0x127 cmake/stm32cubemx/CMakeFiles/STM32_Drivers.dir/__/__/Core/Src/system_stm32f4xx.c.obj
 .debug_macro   0x0001df6d       0x7e cmake/stm32cubemx/CMakeFiles/STM32_Drivers.dir/__/__/Core/Src/system_stm32f4xx.c.obj
 .debug_macro   0x0001dfeb       0x89 cmake/stm32cubemx/CMakeFiles/STM32_Drivers.dir/__/__/Core/Src/system_stm32f4xx.c.obj
 .debug_macro   0x0001e074      0x2aa cmake/stm32cubemx/CMakeFiles/STM32_Drivers.dir/__/__/Core/Src/system_stm32f4xx.c.obj
 .debug_macro   0x0001e31e      0x12d cmake/stm32cubemx/CMakeFiles/STM32_Drivers.dir/__/__/Core/Src/system_stm32f4xx.c.obj
 .debug_macro   0x0001e44b      0x1bb cmake/stm32cubemx/CMakeFiles/STM32_Drivers.dir/__/__/Drivers/STM32F4xx_HAL_Driver/Src/stm32f4xx_hal_uart.c.obj
 .debug_macro   0x0001e606      0x1de cmake/stm32cubemx/CMakeFiles/STM32_Drivers.dir/__/__/Drivers/STM32F4xx_HAL_Driver/Src/stm32f4xx_hal_rcc.c.obj
 .debug_macro   0x0001e7e4      0x1c0 cmake/stm32cubemx/CMakeFiles/STM32_Drivers.dir/__/__/Drivers/STM32F4xx_HAL_Driver/Src/stm32f4xx_hal_gpio.c.obj
 .debug_macro   0x0001e9a4      0x1c0 cmake/stm32cubemx/CMakeFiles/STM32_Drivers.dir/__/__/Drivers/STM32F4xx_HAL_Driver/Src/stm32f4xx_hal_dma.c.obj
 .debug_macro   0x0001eb64      0x1ba cmake/stm32cubemx/CMakeFiles/STM32_Drivers.dir/__/__/Drivers/STM32F4xx_HAL_Driver/Src/stm32f4xx_hal_cortex.c.obj
 .debug_macro   0x0001ed1e      0x21a cmake/stm32cubemx/CMakeFiles/STM32_Drivers.dir/__/__/Drivers/STM32F4xx_HAL_Driver/Src/stm32f4xx_hal.c.obj
 .debug_macro   0x0001ef38      0x1e6 CMakeFiles/UART_TASK.dir/Core/Src/main.c.obj
 .debug_macro   0x0001f11e      0x1ce CMakeFiles/UART_TASK.dir/Core/Src/gpio.c.obj
 .debug_macro   0x0001f2ec      0x1ce CMakeFiles/UART_TASK.dir/Core/Src/dma.c.obj
 .debug_macro   0x0001f4ba      0x1ce CMakeFiles/UART_TASK.dir/Core/Src/usart.c.obj
 .debug_macro   0x0001f688      0x1ce CMakeFiles/UART_TASK.dir/Core/Src/stm32f4xx_it.c.obj
 .debug_macro   0x0001f856      0x1c4 CMakeFiles/UART_TASK.dir/Core/Src/stm32f4xx_hal_msp.c.obj

.debug_line     0x00000000     0x7cfc
 .debug_line    0x00000000      0x554 cmake/stm32cubemx/CMakeFiles/STM32_Drivers.dir/__/__/Core/Src/system_stm32f4xx.c.obj
 .debug_line    0x00000554     0x2318 cmake/stm32cubemx/CMakeFiles/STM32_Drivers.dir/__/__/Drivers/STM32F4xx_HAL_Driver/Src/stm32f4xx_hal_uart.c.obj
 .debug_line    0x0000286c      0xbdd cmake/stm32cubemx/CMakeFiles/STM32_Drivers.dir/__/__/Drivers/STM32F4xx_HAL_Driver/Src/stm32f4xx_hal_rcc.c.obj
 .debug_line    0x00003449      0x929 cmake/stm32cubemx/CMakeFiles/STM32_Drivers.dir/__/__/Drivers/STM32F4xx_HAL_Driver/Src/stm32f4xx_hal_gpio.c.obj
 .debug_line    0x00003d72      0xd4d cmake/stm32cubemx/CMakeFiles/STM32_Drivers.dir/__/__/Drivers/STM32F4xx_HAL_Driver/Src/stm32f4xx_hal_dma.c.obj
 .debug_line    0x00004abf      0xab2 cmake/stm32cubemx/CMakeFiles/STM32_Drivers.dir/__/__/Drivers/STM32F4xx_HAL_Driver/Src/stm32f4xx_hal_cortex.c.obj
 .debug_line    0x00005571      0x7d3 cmake/stm32cubemx/CMakeFiles/STM32_Drivers.dir/__/__/Drivers/STM32F4xx_HAL_Driver/Src/stm32f4xx_hal.c.obj
 .debug_line    0x00005d44      0x573 CMakeFiles/UART_TASK.dir/Core/Src/main.c.obj
 .debug_line    0x000062b7      0x4dc CMakeFiles/UART_TASK.dir/Core/Src/gpio.c.obj
 .debug_line    0x00006793      0x4da CMakeFiles/UART_TASK.dir/Core/Src/dma.c.obj
 .debug_line    0x00006c6d      0x57a CMakeFiles/UART_TASK.dir/Core/Src/usart.c.obj
 .debug_line    0x000071e7      0x5bd CMakeFiles/UART_TASK.dir/Core/Src/stm32f4xx_it.c.obj
 .debug_line    0x000077a4      0x4de CMakeFiles/UART_TASK.dir/Core/Src/stm32f4xx_hal_msp.c.obj
 .debug_line    0x00007c82       0x7a CMakeFiles/UART_TASK.dir/startup_stm32f407xx.s.obj

.debug_str      0x00000000    0xbf1b0
 .debug_str     0x00000000    0xbf1b0 cmake/stm32cubemx/CMakeFiles/STM32_Drivers.dir/__/__/Core/Src/system_stm32f4xx.c.obj
                              0xbcf43 (size before relaxing)
 .debug_str     0x000bf1b0        0x0 cmake/stm32cubemx/CMakeFiles/STM32_Drivers.dir/__/__/Drivers/STM32F4xx_HAL_Driver/Src/stm32f4xx_hal_uart.c.obj
                              0xbd958 (size before relaxing)
 .debug_str     0x000bf1b0        0x0 cmake/stm32cubemx/CMakeFiles/STM32_Drivers.dir/__/__/Drivers/STM32F4xx_HAL_Driver/Src/stm32f4xx_hal_rcc.c.obj
                              0xbd377 (size before relaxing)
 .debug_str     0x000bf1b0        0x0 cmake/stm32cubemx/CMakeFiles/STM32_Drivers.dir/__/__/Drivers/STM32F4xx_HAL_Driver/Src/stm32f4xx_hal_gpio.c.obj
                              0xbd0be (size before relaxing)
 .debug_str     0x000bf1b0        0x0 cmake/stm32cubemx/CMakeFiles/STM32_Drivers.dir/__/__/Drivers/STM32F4xx_HAL_Driver/Src/stm32f4xx_hal_dma.c.obj
                              0xbd35d (size before relaxing)
 .debug_str     0x000bf1b0        0x0 cmake/stm32cubemx/CMakeFiles/STM32_Drivers.dir/__/__/Drivers/STM32F4xx_HAL_Driver/Src/stm32f4xx_hal_cortex.c.obj
                              0xbd843 (size before relaxing)
 .debug_str     0x000bf1b0        0x0 cmake/stm32cubemx/CMakeFiles/STM32_Drivers.dir/__/__/Drivers/STM32F4xx_HAL_Driver/Src/stm32f4xx_hal.c.obj
                              0xbdac7 (size before relaxing)
 .debug_str     0x000bf1b0        0x0 CMakeFiles/UART_TASK.dir/Core/Src/main.c.obj
                              0xbd092 (size before relaxing)
 .debug_str     0x000bf1b0        0x0 CMakeFiles/UART_TASK.dir/Core/Src/gpio.c.obj
                              0xbce93 (size before relaxing)
 .debug_str     0x000bf1b0        0x0 CMakeFiles/UART_TASK.dir/Core/Src/dma.c.obj
                              0xbd3b0 (size before relaxing)
 .debug_str     0x000bf1b0        0x0 CMakeFiles/UART_TASK.dir/Core/Src/usart.c.obj
                              0xbd97a (size before relaxing)
 .debug_str     0x000bf1b0        0x0 CMakeFiles/UART_TASK.dir/Core/Src/stm32f4xx_it.c.obj
                              0xbd303 (size before relaxing)
 .debug_str     0x000bf1b0        0x0 CMakeFiles/UART_TASK.dir/Core/Src/stm32f4xx_hal_msp.c.obj
                              0xbce93 (size before relaxing)
 .debug_str     0x000bf1b0        0x0 CMakeFiles/UART_TASK.dir/startup_stm32f407xx.s.obj
                                 0x5e (size before relaxing)

.debug_frame    0x00000000     0x1b30
 .debug_frame   0x00000000       0x58 cmake/stm32cubemx/CMakeFiles/STM32_Drivers.dir/__/__/Core/Src/system_stm32f4xx.c.obj
 .debug_frame   0x00000058      0x954 cmake/stm32cubemx/CMakeFiles/STM32_Drivers.dir/__/__/Drivers/STM32F4xx_HAL_Driver/Src/stm32f4xx_hal_uart.c.obj
 .debug_frame   0x000009ac      0x1f4 cmake/stm32cubemx/CMakeFiles/STM32_Drivers.dir/__/__/Drivers/STM32F4xx_HAL_Driver/Src/stm32f4xx_hal_rcc.c.obj
 .debug_frame   0x00000ba0      0x14c cmake/stm32cubemx/CMakeFiles/STM32_Drivers.dir/__/__/Drivers/STM32F4xx_HAL_Driver/Src/stm32f4xx_hal_gpio.c.obj
 .debug_frame   0x00000cec      0x250 cmake/stm32cubemx/CMakeFiles/STM32_Drivers.dir/__/__/Drivers/STM32F4xx_HAL_Driver/Src/stm32f4xx_hal_dma.c.obj
 .debug_frame   0x00000f3c      0x508 cmake/stm32cubemx/CMakeFiles/STM32_Drivers.dir/__/__/Drivers/STM32F4xx_HAL_Driver/Src/stm32f4xx_hal_cortex.c.obj
 .debug_frame   0x00001444      0x374 cmake/stm32cubemx/CMakeFiles/STM32_Drivers.dir/__/__/Drivers/STM32F4xx_HAL_Driver/Src/stm32f4xx_hal.c.obj
 .debug_frame   0x000017b8       0x68 CMakeFiles/UART_TASK.dir/Core/Src/main.c.obj
 .debug_frame   0x00001820       0x38 CMakeFiles/UART_TASK.dir/Core/Src/gpio.c.obj
 .debug_frame   0x00001858       0x34 CMakeFiles/UART_TASK.dir/Core/Src/dma.c.obj
 .debug_frame   0x0000188c       0x74 CMakeFiles/UART_TASK.dir/Core/Src/usart.c.obj
 .debug_frame   0x00001900      0x13c CMakeFiles/UART_TASK.dir/Core/Src/stm32f4xx_it.c.obj
 .debug_frame   0x00001a3c       0x38 CMakeFiles/UART_TASK.dir/Core/Src/stm32f4xx_hal_msp.c.obj
 .debug_frame   0x00001a74       0x2c D:/STM32_Tools/gcc/bin/../lib/gcc/arm-none-eabi/15.2.1/thumb/v7e-m+fp/hard\libgcc.a(_aeabi_uldivmod.o)
 .debug_frame   0x00001aa0       0x44 D:/STM32_Tools/gcc/bin/../lib/gcc/arm-none-eabi/15.2.1/thumb/v7e-m+fp/hard\libgcc.a(_udivmoddi4.o)
 .debug_frame   0x00001ae4       0x20 D:/STM32_Tools/gcc/bin/../lib/gcc/arm-none-eabi/15.2.1/../../../../arm-none-eabi/lib/thumb/v7e-m+fp/hard\libg_nano.a(libc_a-memset.o)
 .debug_frame   0x00001b04       0x2c D:/STM32_Tools/gcc/bin/../lib/gcc/arm-none-eabi/15.2.1/../../../../arm-none-eabi/lib/thumb/v7e-m+fp/hard\libg_nano.a(libc_a-init.o)

.debug_line_str
                0x00000000      0x11b
 .debug_line_str
                0x00000000      0x11b CMakeFiles/UART_TASK.dir/startup_stm32f407xx.s.obj
                                 0x42 (size before relaxing)
 .debug_line_str
                0x0000011b        0x0 D:/STM32_Tools/gcc/bin/../lib/gcc/arm-none-eabi/15.2.1/thumb/v7e-m+fp/hard\libgcc.a(_aeabi_uldivmod.o)
                                 0xcd (size before relaxing)
 .debug_line_str
                0x0000011b        0x0 D:/STM32_Tools/gcc/bin/../lib/gcc/arm-none-eabi/15.2.1/thumb/v7e-m+fp/hard\libgcc.a(_dvmd_tls.o)
                                 0xd1 (size before relaxing)
