<html>
<body>
<pre>
<h1>µVision Build Log</h1>
<h2>Tool Versions:</h2>
IDE-Version: ¦ÌVision V5.39.0.0
Copyright (C) 2023 ARM Ltd and ARM Germany GmbH. All rights reserved.
License Information: 1 1, 1, LIC=32B1Q-NX0TE-2Z4W4-FQ0LG-QP61Z-5PZW5
 
Tool Versions:
Toolchain:       MDK-ARM Plus  Version: 5.39.0.0
Toolchain Path:  D:\ARM\ARMCLANG\Bin
C Compiler:      ArmClang.exe V6.21
Assembler:       Armasm.exe V6.21
Linker/Locator:  ArmLink.exe V6.21
Library Manager: ArmAr.exe V6.21
Hex Converter:   FromElf.exe V6.21
CPU DLL:         SARMCM3.DLL V5.39.0.0
Dialog DLL:      DCM.DLL V1.17.5.0
Target DLL:      Segger\JL2CM3.dll V2.99.43.0
Dialog DLL:      TCM.DLL V1.56.4.0
 
<h2>Project:</h2>
C:\Users\wuhailin\Desktop\CODE\OmniChassis_A_board\MDK-ARM\2026OmniChassis_A_board.uvprojx
Project File Date:  04/21/2026

<h2>Output:</h2>
*** Using Compiler 'V6.21', folder: 'D:\ARM\ARMCLANG\Bin'
*** Warning: You are compiling one or more files of source type C++ and have selected 'use MicroLIB'. MicroLIB does not support C++!
  
Build target '2026OmniChassis_A_board'
Note: source file '..\User\core\HAL\UART\interface\uart_bus.hpp' - object file renamed from '2026OmniChassis_A_board\uart_bus.o' to '2026OmniChassis_A_board\uart_bus_1.o'.
Note: source file '..\User\core\HAL\UART\impl\uart_device_impl.hpp' - object file renamed from '2026OmniChassis_A_board\uart_device_impl.o' to '2026OmniChassis_A_board\uart_device_impl_1.o'.
Note: source file '..\User\core\HAL\LOGGER\logger.hpp' - object file renamed from '2026OmniChassis_A_board\logger.o' to '2026OmniChassis_A_board\logger_1.o'.
Note: source file '..\User\core\HAL\DWT\DWT.hpp' - object file renamed from '2026OmniChassis_A_board\DWT.o' to '2026OmniChassis_A_board\dwt_1.o'.
Note: source file '..\User\core\HAL\CAN\interface\can_bus.hpp' - object file renamed from '2026OmniChassis_A_board\can_bus.o' to '2026OmniChassis_A_board\can_bus_1.o'.
Note: source file '..\User\core\HAL\CAN\interface\can_device.hpp' - object file renamed from '2026OmniChassis_A_board\can_device.o' to '2026OmniChassis_A_board\can_device_1.o'.
Note: source file '..\User\core\HAL\CAN\impl\can_bus_impl.hpp' - object file renamed from '2026OmniChassis_A_board\can_bus_impl.o' to '2026OmniChassis_A_board\can_bus_impl_1.o'.
Note: source file '..\User\core\HAL\CAN\impl\can_device_impl.hpp' - object file renamed from '2026OmniChassis_A_board\can_device_impl.o' to '2026OmniChassis_A_board\can_device_impl_1.o'.
Note: source file '..\User\core\HAL\UART\impl\uart_bus_impl.cpp' - object file renamed from '2026OmniChassis_A_board\uart_bus_impl.o' to '2026OmniChassis_A_board\uart_bus_impl_1.o'.
Note: source file '..\User\core\BSP\RemoteControl\DT7.cpp' - object file renamed from '2026OmniChassis_A_board\DT7.o' to '2026OmniChassis_A_board\dt7_1.o'.
Note: source file '..\User\core\BSP\Common\StateWatch\buzzer_manager.hpp' - object file renamed from '2026OmniChassis_A_board\buzzer_manager.o' to '2026OmniChassis_A_board\buzzer_manager_1.o'.
Note: source file '..\User\core\BSP\Common\StateWatch\state_watch.hpp' - object file renamed from '2026OmniChassis_A_board\state_watch.o' to '2026OmniChassis_A_board\state_watch_1.o'.
Note: source file '..\User\core\BSP\Common\FiniteStateMachine\FiniteStateMachine_chassis.hpp' - object file renamed from '2026OmniChassis_A_board\FiniteStateMachine_chassis.o' to '2026OmniChassis_A_board\finitestatemachine_chassis_1.o'.
Note: source file '..\User\core\Alg\PID\pid.hpp' - object file renamed from '2026OmniChassis_A_board\pid.o' to '2026OmniChassis_A_board\pid_1.o'.
Note: source file '..\User\core\Alg\Filter\Filter.hpp' - object file renamed from '2026OmniChassis_A_board\Filter.o' to '2026OmniChassis_A_board\filter_1.o'.
Note: source file '..\User\core\Alg\Feedforward\Feedforward.hpp' - object file renamed from '2026OmniChassis_A_board\Feedforward.o' to '2026OmniChassis_A_board\feedforward_1.o'.
Note: source file '..\User\Task\CommunicationTask.hpp' - object file renamed from '2026OmniChassis_A_board\CommunicationTask.o' to '2026OmniChassis_A_board\communicationtask_1.o'.
Note: source file '..\User\Task\ControlTask.hpp' - object file renamed from '2026OmniChassis_A_board\ControlTask.o' to '2026OmniChassis_A_board\controltask_1.o'.
Note: source file '..\User\Task\MotorTask.hpp' - object file renamed from '2026OmniChassis_A_board\MotorTask.o' to '2026OmniChassis_A_board\motortask_1.o'.
Note: source file '..\User\Task\SerialTask.hpp' - object file renamed from '2026OmniChassis_A_board\SerialTask.o' to '2026OmniChassis_A_board\serialtask_1.o'.
Note: source file '..\User\Task\UITask.hpp' - object file renamed from '2026OmniChassis_A_board\UITask.o' to '2026OmniChassis_A_board\uitask_1.o'.
../User/core/HAL/UART/uart_hal.hpp(10): warning: #pragma once in main file [-Wpragma-once-outside-header]
   10 | #pragma once
      |         ^
1 warning generated.
compiling uart_hal.hpp...
../User/core/HAL/CAN/can_hal.hpp(12): warning: #pragma once in main file [-Wpragma-once-outside-header]
   12 | #pragma once
      |         ^
1 warning generated.
compiling can_hal.hpp...
../User/core/HAL/UART/interface/uart_bus.hpp(1): warning: #pragma once in main file [-Wpragma-once-outside-header]
    1 | #pragma once
      |         ^
1 warning generated.
compiling uart_bus.hpp...
compiling uart_bus.cpp...
compiling can_bus.cpp...
../User/core/HAL/CAN/interface/can_bus.hpp(1): warning: #pragma once in main file [-Wpragma-once-outside-header]
    1 | #pragma once
      |         ^
1 warning generated.
compiling can_bus.hpp...
compiling ControlTask.cpp...
linking...
Program Size: Code=57776 RO-data=1676 RW-data=80 ZI-data=20944  
FromELF: creating hex file...
"2026OmniChassis_A_board\2026OmniChassis_A_board.axf" - 0 Error(s), 4 Warning(s).

<h2>Software Packages used:</h2>

Package Vendor: ARM
                http://www.keil.com/pack/ARM.CMSIS.5.9.0.pack
                ARM::CMSIS@5.9.0
                CMSIS (Common Microcontroller Software Interface Standard)
   * Component: CORE Version: 5.6.0

Package Vendor: Keil
                http://www.keil.com/pack/Keil.STM32F4xx_DFP.2.13.0.pack
                Keil::STM32F4xx_DFP@2.13.0
                STMicroelectronics STM32F4 Series Device Support, Drivers and Examples

<h2>Collection of Component include folders:</h2>
  ./RTE/_2026OmniChassis_A_board
  C:/Users/wuhailin/AppData/Local/Arm/Packs/ARM/CMSIS/5.9.0/CMSIS/Core/Include
  C:/Users/wuhailin/AppData/Local/Arm/Packs/Keil/STM32F4xx_DFP/2.13.0/Drivers/CMSIS/Device/ST/STM32F4xx/Include

<h2>Collection of Component Files used:</h2>

   * Component: ARM::CMSIS:CORE@5.6.0
      Include file:  CMSIS/Core/Include/tz_context.h
Build Time Elapsed:  00:00:04
</pre>
</body>
</html>
