<!doctype html public "-//w3c//dtd html 4.0 transitional//en">
<html><head>
<title>Static Call Graph - [2026OmniChassis_A_board\2026OmniChassis_A_board.axf]</title></head>
<body><HR>
<H1>Static Call Graph for image 2026OmniChassis_A_board\2026OmniChassis_A_board.axf</H1><HR>
<BR><P>#&#060CALLGRAPH&#062# ARM Linker, 6210000: Last Updated: Fri Apr 24 16:37:08 2026
<BR><P>
<H3>Maximum Stack Usage =        468 bytes + Unknown(Cycles, Untraceable Function Pointers)</H3><H3>
Call chain for Maximum Stack Depth:</H3>
main &rArr; MX_FREERTOS_Init &rArr; osThreadCreate &rArr; xTaskCreate &rArr; pvPortMalloc &rArr; xTaskResumeAll &rArr; xTaskIncrementTick &rArr; vListInsertEnd
<P>
<H3>
Mutually Recursive functions
</H3> <LI><a href="#[1c]">ADC_IRQHandler</a>&nbsp;&nbsp;&nbsp;&rArr;&nbsp;&nbsp;&nbsp;<a href="#[1c]">ADC_IRQHandler</a><BR>
</UL>
<P>
<H3>
Function Pointers
</H3><UL>
 <LI><a href="#[1c]">ADC_IRQHandler</a> from startup_stm32f427xx.o(.text) referenced from startup_stm32f427xx.o(RESET)
 <LI><a href="#[4]">BusFault_Handler</a> from stm32f4xx_it.o(.text.BusFault_Handler) referenced from startup_stm32f427xx.o(RESET)
 <LI><a href="#[1e]">CAN1_RX0_IRQHandler</a> from stm32f4xx_it.o(.text.CAN1_RX0_IRQHandler) referenced from startup_stm32f427xx.o(RESET)
 <LI><a href="#[1f]">CAN1_RX1_IRQHandler</a> from stm32f4xx_it.o(.text.CAN1_RX1_IRQHandler) referenced from startup_stm32f427xx.o(RESET)
 <LI><a href="#[20]">CAN1_SCE_IRQHandler</a> from startup_stm32f427xx.o(.text) referenced from startup_stm32f427xx.o(RESET)
 <LI><a href="#[1d]">CAN1_TX_IRQHandler</a> from startup_stm32f427xx.o(.text) referenced from startup_stm32f427xx.o(RESET)
 <LI><a href="#[4a]">CAN2_RX0_IRQHandler</a> from stm32f4xx_it.o(.text.CAN2_RX0_IRQHandler) referenced from startup_stm32f427xx.o(RESET)
 <LI><a href="#[4b]">CAN2_RX1_IRQHandler</a> from stm32f4xx_it.o(.text.CAN2_RX1_IRQHandler) referenced from startup_stm32f427xx.o(RESET)
 <LI><a href="#[4c]">CAN2_SCE_IRQHandler</a> from startup_stm32f427xx.o(.text) referenced from startup_stm32f427xx.o(RESET)
 <LI><a href="#[49]">CAN2_TX_IRQHandler</a> from startup_stm32f427xx.o(.text) referenced from startup_stm32f427xx.o(RESET)
 <LI><a href="#[78]">Communication</a> from communicationtask.o(.text.Communication) referenced from freertos.o(.rodata..L__const.MX_FREERTOS_Init.os_thread_def_Dispatch)
 <LI><a href="#[76]">Control</a> from controltask.o(.text.Control) referenced from freertos.o(.rodata..L__const.MX_FREERTOS_Init.os_thread_def_Alg)
 <LI><a href="#[58]">DCMI_IRQHandler</a> from startup_stm32f427xx.o(.text) referenced from startup_stm32f427xx.o(RESET)
 <LI><a href="#[15]">DMA1_Stream0_IRQHandler</a> from stm32f4xx_it.o(.text.DMA1_Stream0_IRQHandler) referenced from startup_stm32f427xx.o(RESET)
 <LI><a href="#[16]">DMA1_Stream1_IRQHandler</a> from stm32f4xx_it.o(.text.DMA1_Stream1_IRQHandler) referenced from startup_stm32f427xx.o(RESET)
 <LI><a href="#[17]">DMA1_Stream2_IRQHandler</a> from startup_stm32f427xx.o(.text) referenced from startup_stm32f427xx.o(RESET)
 <LI><a href="#[18]">DMA1_Stream3_IRQHandler</a> from stm32f4xx_it.o(.text.DMA1_Stream3_IRQHandler) referenced from startup_stm32f427xx.o(RESET)
 <LI><a href="#[19]">DMA1_Stream4_IRQHandler</a> from stm32f4xx_it.o(.text.DMA1_Stream4_IRQHandler) referenced from startup_stm32f427xx.o(RESET)
 <LI><a href="#[1a]">DMA1_Stream5_IRQHandler</a> from startup_stm32f427xx.o(.text) referenced from startup_stm32f427xx.o(RESET)
 <LI><a href="#[1b]">DMA1_Stream6_IRQHandler</a> from stm32f4xx_it.o(.text.DMA1_Stream6_IRQHandler) referenced from startup_stm32f427xx.o(RESET)
 <LI><a href="#[39]">DMA1_Stream7_IRQHandler</a> from startup_stm32f427xx.o(.text) referenced from startup_stm32f427xx.o(RESET)
 <LI><a href="#[61]">DMA2D_IRQHandler</a> from startup_stm32f427xx.o(.text) referenced from startup_stm32f427xx.o(RESET)
 <LI><a href="#[42]">DMA2_Stream0_IRQHandler</a> from startup_stm32f427xx.o(.text) referenced from startup_stm32f427xx.o(RESET)
 <LI><a href="#[43]">DMA2_Stream1_IRQHandler</a> from stm32f4xx_it.o(.text.DMA2_Stream1_IRQHandler) referenced from startup_stm32f427xx.o(RESET)
 <LI><a href="#[44]">DMA2_Stream2_IRQHandler</a> from stm32f4xx_it.o(.text.DMA2_Stream2_IRQHandler) referenced from startup_stm32f427xx.o(RESET)
 <LI><a href="#[45]">DMA2_Stream3_IRQHandler</a> from startup_stm32f427xx.o(.text) referenced from startup_stm32f427xx.o(RESET)
 <LI><a href="#[46]">DMA2_Stream4_IRQHandler</a> from startup_stm32f427xx.o(.text) referenced from startup_stm32f427xx.o(RESET)
 <LI><a href="#[4e]">DMA2_Stream5_IRQHandler</a> from startup_stm32f427xx.o(.text) referenced from startup_stm32f427xx.o(RESET)
 <LI><a href="#[4f]">DMA2_Stream6_IRQHandler</a> from startup_stm32f427xx.o(.text) referenced from startup_stm32f427xx.o(RESET)
 <LI><a href="#[50]">DMA2_Stream7_IRQHandler</a> from startup_stm32f427xx.o(.text) referenced from startup_stm32f427xx.o(RESET)
 <LI><a href="#[7]">DebugMon_Handler</a> from stm32f4xx_it.o(.text.DebugMon_Handler) referenced from startup_stm32f427xx.o(RESET)
 <LI><a href="#[47]">ETH_IRQHandler</a> from startup_stm32f427xx.o(.text) referenced from startup_stm32f427xx.o(RESET)
 <LI><a href="#[48]">ETH_WKUP_IRQHandler</a> from startup_stm32f427xx.o(.text) referenced from startup_stm32f427xx.o(RESET)
 <LI><a href="#[10]">EXTI0_IRQHandler</a> from startup_stm32f427xx.o(.text) referenced from startup_stm32f427xx.o(RESET)
 <LI><a href="#[32]">EXTI15_10_IRQHandler</a> from startup_stm32f427xx.o(.text) referenced from startup_stm32f427xx.o(RESET)
 <LI><a href="#[11]">EXTI1_IRQHandler</a> from startup_stm32f427xx.o(.text) referenced from startup_stm32f427xx.o(RESET)
 <LI><a href="#[12]">EXTI2_IRQHandler</a> from startup_stm32f427xx.o(.text) referenced from startup_stm32f427xx.o(RESET)
 <LI><a href="#[13]">EXTI3_IRQHandler</a> from startup_stm32f427xx.o(.text) referenced from startup_stm32f427xx.o(RESET)
 <LI><a href="#[14]">EXTI4_IRQHandler</a> from startup_stm32f427xx.o(.text) referenced from startup_stm32f427xx.o(RESET)
 <LI><a href="#[21]">EXTI9_5_IRQHandler</a> from startup_stm32f427xx.o(.text) referenced from startup_stm32f427xx.o(RESET)
 <LI><a href="#[e]">FLASH_IRQHandler</a> from startup_stm32f427xx.o(.text) referenced from startup_stm32f427xx.o(RESET)
 <LI><a href="#[3a]">FMC_IRQHandler</a> from startup_stm32f427xx.o(.text) referenced from startup_stm32f427xx.o(RESET)
 <LI><a href="#[5a]">FPU_IRQHandler</a> from startup_stm32f427xx.o(.text) referenced from startup_stm32f427xx.o(RESET)
 <LI><a href="#[59]">HASH_RNG_IRQHandler</a> from startup_stm32f427xx.o(.text) referenced from startup_stm32f427xx.o(RESET)
 <LI><a href="#[2]">HardFault_Handler</a> from stm32f4xx_it.o(.text.HardFault_Handler) referenced from startup_stm32f427xx.o(RESET)
 <LI><a href="#[2a]">I2C1_ER_IRQHandler</a> from startup_stm32f427xx.o(.text) referenced from startup_stm32f427xx.o(RESET)
 <LI><a href="#[29]">I2C1_EV_IRQHandler</a> from startup_stm32f427xx.o(.text) referenced from startup_stm32f427xx.o(RESET)
 <LI><a href="#[2c]">I2C2_ER_IRQHandler</a> from startup_stm32f427xx.o(.text) referenced from startup_stm32f427xx.o(RESET)
 <LI><a href="#[2b]">I2C2_EV_IRQHandler</a> from startup_stm32f427xx.o(.text) referenced from startup_stm32f427xx.o(RESET)
 <LI><a href="#[53]">I2C3_ER_IRQHandler</a> from startup_stm32f427xx.o(.text) referenced from startup_stm32f427xx.o(RESET)
 <LI><a href="#[52]">I2C3_EV_IRQHandler</a> from startup_stm32f427xx.o(.text) referenced from startup_stm32f427xx.o(RESET)
 <LI><a href="#[3]">MemManage_Handler</a> from stm32f4xx_it.o(.text.MemManage_Handler) referenced from startup_stm32f427xx.o(RESET)
 <LI><a href="#[77]">Motor</a> from motortask.o(.text.Motor) referenced from freertos.o(.rodata..L__const.MX_FREERTOS_Init.os_thread_def_CAN)
 <LI><a href="#[1]">NMI_Handler</a> from stm32f4xx_it.o(.text.NMI_Handler) referenced from startup_stm32f427xx.o(RESET)
 <LI><a href="#[4d]">OTG_FS_IRQHandler</a> from startup_stm32f427xx.o(.text) referenced from startup_stm32f427xx.o(RESET)
 <LI><a href="#[34]">OTG_FS_WKUP_IRQHandler</a> from startup_stm32f427xx.o(.text) referenced from startup_stm32f427xx.o(RESET)
 <LI><a href="#[55]">OTG_HS_EP1_IN_IRQHandler</a> from startup_stm32f427xx.o(.text) referenced from startup_stm32f427xx.o(RESET)
 <LI><a href="#[54]">OTG_HS_EP1_OUT_IRQHandler</a> from startup_stm32f427xx.o(.text) referenced from startup_stm32f427xx.o(RESET)
 <LI><a href="#[57]">OTG_HS_IRQHandler</a> from startup_stm32f427xx.o(.text) referenced from startup_stm32f427xx.o(RESET)
 <LI><a href="#[56]">OTG_HS_WKUP_IRQHandler</a> from startup_stm32f427xx.o(.text) referenced from startup_stm32f427xx.o(RESET)
 <LI><a href="#[b]">PVD_IRQHandler</a> from startup_stm32f427xx.o(.text) referenced from startup_stm32f427xx.o(RESET)
 <LI><a href="#[8]">PendSV_Handler</a> from port.o(.text.PendSV_Handler) referenced from startup_stm32f427xx.o(RESET)
 <LI><a href="#[f]">RCC_IRQHandler</a> from startup_stm32f427xx.o(.text) referenced from startup_stm32f427xx.o(RESET)
 <LI><a href="#[33]">RTC_Alarm_IRQHandler</a> from startup_stm32f427xx.o(.text) referenced from startup_stm32f427xx.o(RESET)
 <LI><a href="#[d]">RTC_WKUP_IRQHandler</a> from startup_stm32f427xx.o(.text) referenced from startup_stm32f427xx.o(RESET)
 <LI><a href="#[0]">Reset_Handler</a> from startup_stm32f427xx.o(.text) referenced from startup_stm32f427xx.o(RESET)
 <LI><a href="#[60]">SAI1_IRQHandler</a> from startup_stm32f427xx.o(.text) referenced from startup_stm32f427xx.o(RESET)
 <LI><a href="#[3b]">SDIO_IRQHandler</a> from startup_stm32f427xx.o(.text) referenced from startup_stm32f427xx.o(RESET)
 <LI><a href="#[2d]">SPI1_IRQHandler</a> from startup_stm32f427xx.o(.text) referenced from startup_stm32f427xx.o(RESET)
 <LI><a href="#[2e]">SPI2_IRQHandler</a> from startup_stm32f427xx.o(.text) referenced from startup_stm32f427xx.o(RESET)
 <LI><a href="#[3d]">SPI3_IRQHandler</a> from startup_stm32f427xx.o(.text) referenced from startup_stm32f427xx.o(RESET)
 <LI><a href="#[5d]">SPI4_IRQHandler</a> from startup_stm32f427xx.o(.text) referenced from startup_stm32f427xx.o(RESET)
 <LI><a href="#[5e]">SPI5_IRQHandler</a> from startup_stm32f427xx.o(.text) referenced from startup_stm32f427xx.o(RESET)
 <LI><a href="#[5f]">SPI6_IRQHandler</a> from startup_stm32f427xx.o(.text) referenced from startup_stm32f427xx.o(RESET)
 <LI><a href="#[6]">SVC_Handler</a> from port.o(.text.SVC_Handler) referenced from startup_stm32f427xx.o(RESET)
 <LI><a href="#[79]">Serival</a> from serialtask.o(.text.Serival) referenced from freertos.o(.rodata..L__const.MX_FREERTOS_Init.os_thread_def_UART)
 <LI><a href="#[7b]">StartDefaultTask</a> from freertos.o(.text.StartDefaultTask) referenced from freertos.o(.rodata..L__const.MX_FREERTOS_Init.os_thread_def_defaultTask)
 <LI><a href="#[9]">SysTick_Handler</a> from port.o(.text.SysTick_Handler) referenced from startup_stm32f427xx.o(RESET)
 <LI><a href="#[63]">SystemInit</a> from system_stm32f4xx.o(.text.SystemInit) referenced from startup_stm32f427xx.o(.text)
 <LI><a href="#[c]">TAMP_STAMP_IRQHandler</a> from startup_stm32f427xx.o(.text) referenced from startup_stm32f427xx.o(RESET)
 <LI><a href="#[22]">TIM1_BRK_TIM9_IRQHandler</a> from startup_stm32f427xx.o(.text) referenced from startup_stm32f427xx.o(RESET)
 <LI><a href="#[25]">TIM1_CC_IRQHandler</a> from startup_stm32f427xx.o(.text) referenced from startup_stm32f427xx.o(RESET)
 <LI><a href="#[24]">TIM1_TRG_COM_TIM11_IRQHandler</a> from startup_stm32f427xx.o(.text) referenced from startup_stm32f427xx.o(RESET)
 <LI><a href="#[23]">TIM1_UP_TIM10_IRQHandler</a> from stm32f4xx_it.o(.text.TIM1_UP_TIM10_IRQHandler) referenced from startup_stm32f427xx.o(RESET)
 <LI><a href="#[26]">TIM2_IRQHandler</a> from startup_stm32f427xx.o(.text) referenced from startup_stm32f427xx.o(RESET)
 <LI><a href="#[27]">TIM3_IRQHandler</a> from startup_stm32f427xx.o(.text) referenced from startup_stm32f427xx.o(RESET)
 <LI><a href="#[28]">TIM4_IRQHandler</a> from startup_stm32f427xx.o(.text) referenced from startup_stm32f427xx.o(RESET)
 <LI><a href="#[3c]">TIM5_IRQHandler</a> from startup_stm32f427xx.o(.text) referenced from startup_stm32f427xx.o(RESET)
 <LI><a href="#[40]">TIM6_DAC_IRQHandler</a> from startup_stm32f427xx.o(.text) referenced from startup_stm32f427xx.o(RESET)
 <LI><a href="#[41]">TIM7_IRQHandler</a> from startup_stm32f427xx.o(.text) referenced from startup_stm32f427xx.o(RESET)
 <LI><a href="#[35]">TIM8_BRK_TIM12_IRQHandler</a> from startup_stm32f427xx.o(.text) referenced from startup_stm32f427xx.o(RESET)
 <LI><a href="#[38]">TIM8_CC_IRQHandler</a> from startup_stm32f427xx.o(.text) referenced from startup_stm32f427xx.o(RESET)
 <LI><a href="#[37]">TIM8_TRG_COM_TIM14_IRQHandler</a> from startup_stm32f427xx.o(.text) referenced from startup_stm32f427xx.o(RESET)
 <LI><a href="#[36]">TIM8_UP_TIM13_IRQHandler</a> from startup_stm32f427xx.o(.text) referenced from startup_stm32f427xx.o(RESET)
 <LI><a href="#[3e]">UART4_IRQHandler</a> from startup_stm32f427xx.o(.text) referenced from startup_stm32f427xx.o(RESET)
 <LI><a href="#[3f]">UART5_IRQHandler</a> from startup_stm32f427xx.o(.text) referenced from startup_stm32f427xx.o(RESET)
 <LI><a href="#[5b]">UART7_IRQHandler</a> from stm32f4xx_it.o(.text.UART7_IRQHandler) referenced from startup_stm32f427xx.o(RESET)
 <LI><a href="#[5c]">UART8_IRQHandler</a> from stm32f4xx_it.o(.text.UART8_IRQHandler) referenced from startup_stm32f427xx.o(RESET)
 <LI><a href="#[65]">UART_DMAAbortOnError</a> from stm32f4xx_hal_uart.o(.text.UART_DMAAbortOnError) referenced 2 times from stm32f4xx_hal_uart.o(.text.HAL_UART_IRQHandler)
 <LI><a href="#[68]">UART_DMAError</a> from stm32f4xx_hal_uart.o(.text.UART_DMAError) referenced 2 times from stm32f4xx_hal_uart.o(.text.HAL_UART_Transmit_DMA)
 <LI><a href="#[68]">UART_DMAError</a> from stm32f4xx_hal_uart.o(.text.UART_DMAError) referenced 2 times from stm32f4xx_hal_uart.o(.text.UART_Start_Receive_DMA)
 <LI><a href="#[69]">UART_DMAReceiveCplt</a> from stm32f4xx_hal_uart.o(.text.UART_DMAReceiveCplt) referenced 2 times from stm32f4xx_hal_uart.o(.text.UART_Start_Receive_DMA)
 <LI><a href="#[6a]">UART_DMARxHalfCplt</a> from stm32f4xx_hal_uart.o(.text.UART_DMARxHalfCplt) referenced 2 times from stm32f4xx_hal_uart.o(.text.UART_Start_Receive_DMA)
 <LI><a href="#[66]">UART_DMATransmitCplt</a> from stm32f4xx_hal_uart.o(.text.UART_DMATransmitCplt) referenced 2 times from stm32f4xx_hal_uart.o(.text.HAL_UART_Transmit_DMA)
 <LI><a href="#[67]">UART_DMATxHalfCplt</a> from stm32f4xx_hal_uart.o(.text.UART_DMATxHalfCplt) referenced 2 times from stm32f4xx_hal_uart.o(.text.HAL_UART_Transmit_DMA)
 <LI><a href="#[7a]">UI</a> from uitask.o(.text.UI) referenced from freertos.o(.rodata..L__const.MX_FREERTOS_Init.os_thread_def_UITask)
 <LI><a href="#[2f]">USART1_IRQHandler</a> from stm32f4xx_it.o(.text.USART1_IRQHandler) referenced from startup_stm32f427xx.o(RESET)
 <LI><a href="#[30]">USART2_IRQHandler</a> from startup_stm32f427xx.o(.text) referenced from startup_stm32f427xx.o(RESET)
 <LI><a href="#[31]">USART3_IRQHandler</a> from stm32f4xx_it.o(.text.USART3_IRQHandler) referenced from startup_stm32f427xx.o(RESET)
 <LI><a href="#[51]">USART6_IRQHandler</a> from stm32f4xx_it.o(.text.USART6_IRQHandler) referenced from startup_stm32f427xx.o(RESET)
 <LI><a href="#[5]">UsageFault_Handler</a> from stm32f4xx_it.o(.text.UsageFault_Handler) referenced from startup_stm32f427xx.o(RESET)
 <LI><a href="#[a]">WWDG_IRQHandler</a> from startup_stm32f427xx.o(.text) referenced from startup_stm32f427xx.o(RESET)
 <LI><a href="#[b5]">_GLOBAL__sub_I_CommunicationTask.cpp</a> from communicationtask.o(.text._GLOBAL__sub_I_CommunicationTask.cpp) referenced from communicationtask.o(.init_array)
 <LI><a href="#[b6]">_GLOBAL__sub_I_ControlTask.cpp</a> from controltask.o(.text._GLOBAL__sub_I_ControlTask.cpp) referenced from controltask.o(.init_array)
 <LI><a href="#[b7]">_GLOBAL__sub_I_MotorTask.cpp</a> from motortask.o(.text._GLOBAL__sub_I_MotorTask.cpp) referenced from motortask.o(.init_array)
 <LI><a href="#[b4]">_GLOBAL__sub_I_RM_RefereeSystem.cpp</a> from rm_refereesystem.o(.text._GLOBAL__sub_I_RM_RefereeSystem.cpp) referenced from rm_refereesystem.o(.init_array)
 <LI><a href="#[b8]">_GLOBAL__sub_I_SerialTask.cpp</a> from serialtask.o(.text._GLOBAL__sub_I_SerialTask.cpp) referenced from serialtask.o(.init_array)
 <LI><a href="#[7d]">Alg::CalculationBase::ForwardKinematicsBase::~ForwardKinematicsBase__deallocating()</a> from controltask.o(.text._ZN3Alg15CalculationBase21ForwardKinematicsBaseD0Ev) referenced from controltask.o(.rodata._ZTVN3Alg15CalculationBase21ForwardKinematicsBaseE)
 <LI><a href="#[7c]">Alg::CalculationBase::ForwardKinematicsBase::~ForwardKinematicsBase__sub_object()</a> from controltask.o(.text._ZN3Alg15CalculationBase21ForwardKinematicsBaseD2Ev) referenced from controltask.o(.rodata._ZTVN3Alg15CalculationBase21ForwardKinematicsBaseE)
 <LI><a href="#[82]">Alg::CalculationBase::InverseKinematicsBase::SetSpeedGain(float)</a> from controltask.o(.text._ZN3Alg15CalculationBase21InverseKinematicsBase12SetSpeedGainEf) referenced from controltask.o(.rodata._ZTVN3Alg15CalculationBase21InverseKinematicsBaseE)
 <LI><a href="#[82]">Alg::CalculationBase::InverseKinematicsBase::SetSpeedGain(float)</a> from controltask.o(.text._ZN3Alg15CalculationBase21InverseKinematicsBase12SetSpeedGainEf) referenced from controltask.o(.rodata._ZTVN3Alg15CalculationBase7Omni_IKE)
 <LI><a href="#[80]">Alg::CalculationBase::InverseKinematicsBase::SetSignal_xyw(float, float, float)</a> from controltask.o(.text._ZN3Alg15CalculationBase21InverseKinematicsBase13SetSignal_xywEfff) referenced from controltask.o(.rodata._ZTVN3Alg15CalculationBase21InverseKinematicsBaseE)
 <LI><a href="#[80]">Alg::CalculationBase::InverseKinematicsBase::SetSignal_xyw(float, float, float)</a> from controltask.o(.text._ZN3Alg15CalculationBase21InverseKinematicsBase13SetSignal_xywEfff) referenced from controltask.o(.rodata._ZTVN3Alg15CalculationBase7Omni_IKE)
 <LI><a href="#[83]">Alg::CalculationBase::InverseKinematicsBase::SetRotationalGain(float)</a> from controltask.o(.text._ZN3Alg15CalculationBase21InverseKinematicsBase17SetRotationalGainEf) referenced from controltask.o(.rodata._ZTVN3Alg15CalculationBase21InverseKinematicsBaseE)
 <LI><a href="#[83]">Alg::CalculationBase::InverseKinematicsBase::SetRotationalGain(float)</a> from controltask.o(.text._ZN3Alg15CalculationBase21InverseKinematicsBase17SetRotationalGainEf) referenced from controltask.o(.rodata._ZTVN3Alg15CalculationBase7Omni_IKE)
 <LI><a href="#[81]">Alg::CalculationBase::InverseKinematicsBase::SetPhase(float)</a> from controltask.o(.text._ZN3Alg15CalculationBase21InverseKinematicsBase8SetPhaseEf) referenced from controltask.o(.rodata._ZTVN3Alg15CalculationBase21InverseKinematicsBaseE)
 <LI><a href="#[81]">Alg::CalculationBase::InverseKinematicsBase::SetPhase(float)</a> from controltask.o(.text._ZN3Alg15CalculationBase21InverseKinematicsBase8SetPhaseEf) referenced from controltask.o(.rodata._ZTVN3Alg15CalculationBase7Omni_IKE)
 <LI><a href="#[7f]">Alg::CalculationBase::InverseKinematicsBase::~InverseKinematicsBase__deallocating()</a> from controltask.o(.text._ZN3Alg15CalculationBase21InverseKinematicsBaseD0Ev) referenced from controltask.o(.rodata._ZTVN3Alg15CalculationBase21InverseKinematicsBaseE)
 <LI><a href="#[7e]">Alg::CalculationBase::InverseKinematicsBase::~InverseKinematicsBase__sub_object()</a> from controltask.o(.text._ZN3Alg15CalculationBase21InverseKinematicsBaseD2Ev) referenced from controltask.o(.rodata._ZTVN3Alg15CalculationBase21InverseKinematicsBaseE)
 <LI><a href="#[8a]">Alg::CalculationBase::Omni_FK::~Omni_FK__deallocating()</a> from controltask.o(.text._ZN3Alg15CalculationBase7Omni_FKD0Ev) referenced from controltask.o(.rodata._ZTVN3Alg15CalculationBase7Omni_FKE)
 <LI><a href="#[72]">Alg::CalculationBase::Omni_FK::~Omni_FK__sub_object()</a> from controltask.o(.text._ZN3Alg15CalculationBase7Omni_FKD2Ev) referenced from controltask.o(.rodata._ZTVN3Alg15CalculationBase7Omni_FKE)
 <LI><a href="#[72]">Alg::CalculationBase::Omni_FK::~Omni_FK__sub_object()</a> from controltask.o(.text._ZN3Alg15CalculationBase7Omni_FKD2Ev) referenced 2 times from controltask.o(.text.__cxx_global_var_init.2)
 <LI><a href="#[8b]">Alg::CalculationBase::Omni_IK::~Omni_IK__deallocating()</a> from controltask.o(.text._ZN3Alg15CalculationBase7Omni_IKD0Ev) referenced from controltask.o(.rodata._ZTVN3Alg15CalculationBase7Omni_IKE)
 <LI><a href="#[71]">Alg::CalculationBase::Omni_IK::~Omni_IK__sub_object()</a> from controltask.o(.text._ZN3Alg15CalculationBase7Omni_IKD2Ev) referenced from controltask.o(.rodata._ZTVN3Alg15CalculationBase7Omni_IKE)
 <LI><a href="#[71]">Alg::CalculationBase::Omni_IK::~Omni_IK__sub_object()</a> from controltask.o(.text._ZN3Alg15CalculationBase7Omni_IKD2Ev) referenced 2 times from controltask.o(.text.__cxx_global_var_init.1)
 <LI><a href="#[8c]">BSP::Motor::Dji::DjiMotorBase&lang;(unsigned char)4&rang;::Parse(HAL::CAN::Frame const&)</a> from motortask.o(.text._ZN3BSP5Motor3Dji12DjiMotorBaseILh4EE5ParseERKN3HAL3CAN5FrameE) referenced from motortask.o(.rodata._ZTVN3BSP5Motor3Dji12DjiMotorBaseILh4EEE)
 <LI><a href="#[8c]">BSP::Motor::Dji::DjiMotorBase&lang;(unsigned char)4&rang;::Parse(HAL::CAN::Frame const&)</a> from motortask.o(.text._ZN3BSP5Motor3Dji12DjiMotorBaseILh4EE5ParseERKN3HAL3CAN5FrameE) referenced from motortask.o(.rodata._ZTVN3BSP5Motor3Dji6GM3508ILh4EEE)
 <LI><a href="#[8f]">HAL::CAN::ICanDevice::~ICanDevice__deallocating()</a> from can_device_impl.o(.text._ZN3HAL3CAN10ICanDeviceD0Ev) referenced from can_device_impl.o(.rodata._ZTVN3HAL3CAN10ICanDeviceE)
 <LI><a href="#[8e]">HAL::CAN::ICanDevice::~ICanDevice__sub_object()</a> from can_bus_impl.o(.text._ZN3HAL3CAN10ICanDeviceD2Ev) referenced from can_device_impl.o(.rodata._ZTVN3HAL3CAN10ICanDeviceE)
 <LI><a href="#[91]">HAL::CAN::CanBus::get_device(HAL::CAN::CanDeviceId)</a> from can_bus_impl.o(.text._ZN3HAL3CAN6CanBus10get_deviceENS0_11CanDeviceIdE) referenced from can_bus_impl.o(.rodata._ZTVN3HAL3CAN6CanBusE)
 <LI><a href="#[90]">HAL::CAN::CanBus::~CanBus__deallocating()</a> from can_bus_impl.o(.text._ZN3HAL3CAN6CanBusD0Ev) referenced from can_bus_impl.o(.rodata._ZTVN3HAL3CAN6CanBusE)
 <LI><a href="#[6b]">HAL::CAN::CanBus::~CanBus__sub_object()</a> from can_bus_impl.o(.text._ZN3HAL3CAN6CanBusD2Ev) referenced from can_bus_impl.o(.rodata._ZTVN3HAL3CAN6CanBusE)
 <LI><a href="#[6b]">HAL::CAN::CanBus::~CanBus__sub_object()</a> from can_bus_impl.o(.text._ZN3HAL3CAN6CanBusD2Ev) referenced 2 times from can_bus_impl.o(.text._ZN3HAL3CAN6CanBus8instanceEv)
 <LI><a href="#[94]">HAL::CAN::ICanBus::~ICanBus__deallocating()</a> from can_bus_impl.o(.text._ZN3HAL3CAN7ICanBusD0Ev) referenced from can_bus_impl.o(.rodata._ZTVN3HAL3CAN7ICanBusE)
 <LI><a href="#[93]">HAL::CAN::ICanBus::~ICanBus__sub_object()</a> from can_bus_impl.o(.text._ZN3HAL3CAN7ICanBusD2Ev) referenced from can_bus_impl.o(.rodata._ZTVN3HAL3CAN7ICanBusE)
 <LI><a href="#[9c]">HAL::CAN::CanDevice::register_rx_callback(std::__2::function&lang;void (HAL::CAN::Frame const&)&rang;)</a> from can_device_impl.o(.text._ZN3HAL3CAN9CanDevice20register_rx_callbackENSt3__28functionIFvRKNS0_5FrameEEEE) referenced from can_device_impl.o(.rodata._ZTVN3HAL3CAN9CanDeviceE)
 <LI><a href="#[9d]">HAL::CAN::CanDevice::trigger_rx_callbacks(HAL::CAN::Frame const&)</a> from can_device_impl.o(.text._ZN3HAL3CAN9CanDevice20trigger_rx_callbacksERKNS0_5FrameE) referenced from can_device_impl.o(.rodata._ZTVN3HAL3CAN9CanDeviceE)
 <LI><a href="#[97]">HAL::CAN::CanDevice::init()</a> from can_device_impl.o(.text._ZN3HAL3CAN9CanDevice4initEv) referenced from can_device_impl.o(.rodata._ZTVN3HAL3CAN9CanDeviceE)
 <LI><a href="#[99]">HAL::CAN::CanDevice::send(HAL::CAN::Frame const&)</a> from can_device_impl.o(.text._ZN3HAL3CAN9CanDevice4sendERKNS0_5FrameE) referenced from can_device_impl.o(.rodata._ZTVN3HAL3CAN9CanDeviceE)
 <LI><a href="#[98]">HAL::CAN::CanDevice::start()</a> from can_device_impl.o(.text._ZN3HAL3CAN9CanDevice5startEv) referenced from can_device_impl.o(.rodata._ZTVN3HAL3CAN9CanDeviceE)
 <LI><a href="#[9a]">HAL::CAN::CanDevice::receive(HAL::CAN::Frame&)</a> from can_device_impl.o(.text._ZN3HAL3CAN9CanDevice7receiveERNS0_5FrameE) referenced from can_device_impl.o(.rodata._ZTVN3HAL3CAN9CanDeviceE)
 <LI><a href="#[96]">HAL::CAN::CanDevice::~CanDevice__deallocating()</a> from can_device_impl.o(.text._ZN3HAL3CAN9CanDeviceD0Ev) referenced from can_device_impl.o(.rodata._ZTVN3HAL3CAN9CanDeviceE)
 <LI><a href="#[95]">HAL::CAN::CanDevice::~CanDevice__sub_object()</a> from can_bus_impl.o(.text._ZN3HAL3CAN9CanDeviceD2Ev) referenced from can_device_impl.o(.rodata._ZTVN3HAL3CAN9CanDeviceE)
 <LI><a href="#[a7]">HAL::UART::UartDevice::receive_dma(HAL::UART::Data&)</a> from uart_device_impl.o(.text._ZN3HAL4UART10UartDevice11receive_dmaERNS0_4DataE) referenced from uart_device_impl.o(.rodata._ZTVN3HAL4UART10UartDeviceE)
 <LI><a href="#[a5]">HAL::UART::UartDevice::receive_byte(unsigned char&)</a> from uart_device_impl.o(.text._ZN3HAL4UART10UartDevice12receive_byteERh) referenced from uart_device_impl.o(.rodata._ZTVN3HAL4UART10UartDeviceE)
 <LI><a href="#[a6]">HAL::UART::UartDevice::transmit_dma(HAL::UART::Data const&)</a> from uart_device_impl.o(.text._ZN3HAL4UART10UartDevice12transmit_dmaERKNS0_4DataE) referenced from uart_device_impl.o(.rodata._ZTVN3HAL4UART10UartDeviceE)
 <LI><a href="#[a4]">HAL::UART::UartDevice::transmit_byte(unsigned char)</a> from uart_device_impl.o(.text._ZN3HAL4UART10UartDevice13transmit_byteEh) referenced from uart_device_impl.o(.rodata._ZTVN3HAL4UART10UartDeviceE)
 <LI><a href="#[ab]">HAL::UART::UartDevice::clear_ore_error(HAL::UART::Data&)</a> from uart_device_impl.o(.text._ZN3HAL4UART10UartDevice15clear_ore_errorERNS0_4DataE) referenced from uart_device_impl.o(.rodata._ZTVN3HAL4UART10UartDeviceE)
 <LI><a href="#[a8]">HAL::UART::UartDevice::receive_dma_idle(HAL::UART::Data&)</a> from uart_device_impl.o(.text._ZN3HAL4UART10UartDevice16receive_dma_idleERNS0_4DataE) referenced from uart_device_impl.o(.rodata._ZTVN3HAL4UART10UartDeviceE)
 <LI><a href="#[a9]">HAL::UART::UartDevice::register_rx_callback(std::__2::function&lang;void (HAL::UART::Data const&)&rang;)</a> from uart_device_impl.o(.text._ZN3HAL4UART10UartDevice20register_rx_callbackENSt3__28functionIFvRKNS0_4DataEEEE) referenced from uart_device_impl.o(.rodata._ZTVN3HAL4UART10UartDeviceE)
 <LI><a href="#[aa]">HAL::UART::UartDevice::trigger_rx_callbacks(HAL::UART::Data const&)</a> from uart_device_impl.o(.text._ZN3HAL4UART10UartDevice20trigger_rx_callbacksERKNS0_4DataE) referenced from uart_device_impl.o(.rodata._ZTVN3HAL4UART10UartDeviceE)
 <LI><a href="#[a0]">HAL::UART::UartDevice::init()</a> from uart_device_impl.o(.text._ZN3HAL4UART10UartDevice4initEv) referenced from uart_device_impl.o(.rodata._ZTVN3HAL4UART10UartDeviceE)
 <LI><a href="#[a1]">HAL::UART::UartDevice::start()</a> from uart_device_impl.o(.text._ZN3HAL4UART10UartDevice5startEv) referenced from uart_device_impl.o(.rodata._ZTVN3HAL4UART10UartDeviceE)
 <LI><a href="#[a3]">HAL::UART::UartDevice::receive(HAL::UART::Data&)</a> from uart_device_impl.o(.text._ZN3HAL4UART10UartDevice7receiveERNS0_4DataE) referenced from uart_device_impl.o(.rodata._ZTVN3HAL4UART10UartDeviceE)
 <LI><a href="#[a2]">HAL::UART::UartDevice::transmit(HAL::UART::Data const&)</a> from uart_device_impl.o(.text._ZN3HAL4UART10UartDevice8transmitERKNS0_4DataE) referenced from uart_device_impl.o(.rodata._ZTVN3HAL4UART10UartDeviceE)
 <LI><a href="#[9f]">HAL::UART::UartDevice::~UartDevice__deallocating()</a> from uart_device_impl.o(.text._ZN3HAL4UART10UartDeviceD0Ev) referenced from uart_device_impl.o(.rodata._ZTVN3HAL4UART10UartDeviceE)
 <LI><a href="#[9e]">HAL::UART::UartDevice::~UartDevice__sub_object()</a> from uart_device_impl.o(.text._ZN3HAL4UART10UartDeviceD2Ev) referenced from uart_device_impl.o(.rodata._ZTVN3HAL4UART10UartDeviceE)
 <LI><a href="#[ae]">HAL::UART::IUartDevice::~IUartDevice__deallocating()</a> from uart_device_impl.o(.text._ZN3HAL4UART11IUartDeviceD0Ev) referenced from uart_device_impl.o(.rodata._ZTVN3HAL4UART11IUartDeviceE)
 <LI><a href="#[ad]">HAL::UART::IUartDevice::~IUartDevice__sub_object()</a> from uart_device_impl.o(.text._ZN3HAL4UART11IUartDeviceD2Ev) referenced from uart_device_impl.o(.rodata._ZTVN3HAL4UART11IUartDeviceE)
 <LI><a href="#[b0]">HAL::UART::UartBus::get_device(HAL::UART::UartDeviceId)</a> from uart_bus_impl_1.o(.text._ZN3HAL4UART7UartBus10get_deviceENS0_12UartDeviceIdE) referenced from uart_bus_impl_1.o(.rodata._ZTVN3HAL4UART7UartBusE)
 <LI><a href="#[af]">HAL::UART::UartBus::~UartBus__deallocating()</a> from uart_bus_impl_1.o(.text._ZN3HAL4UART7UartBusD0Ev) referenced from uart_bus_impl_1.o(.rodata._ZTVN3HAL4UART7UartBusE)
 <LI><a href="#[6c]">HAL::UART::UartBus::~UartBus__sub_object()</a> from uart_bus_impl_1.o(.text._ZN3HAL4UART7UartBusD2Ev) referenced from uart_bus_impl_1.o(.rodata._ZTVN3HAL4UART7UartBusE)
 <LI><a href="#[6c]">HAL::UART::UartBus::~UartBus__sub_object()</a> from uart_bus_impl_1.o(.text._ZN3HAL4UART7UartBusD2Ev) referenced 2 times from uart_bus_impl_1.o(.text._ZN3HAL4UART7UartBus8instanceEv)
 <LI><a href="#[b3]">HAL::UART::IUartBus::~IUartBus__deallocating()</a> from uart_bus_impl_1.o(.text._ZN3HAL4UART8IUartBusD0Ev) referenced from uart_bus_impl_1.o(.rodata._ZTVN3HAL4UART8IUartBusE)
 <LI><a href="#[b2]">HAL::UART::IUartBus::~IUartBus__sub_object()</a> from uart_bus_impl_1.o(.text._ZN3HAL4UART8IUartBusD2Ev) referenced from uart_bus_impl_1.o(.rodata._ZTVN3HAL4UART8IUartBusE)
 <LI><a href="#[86]">Alg::CalculationBase::InverseKinematicsBase::GetSignal_w() const</a> from controltask.o(.text._ZNK3Alg15CalculationBase21InverseKinematicsBase11GetSignal_wEv) referenced from controltask.o(.rodata._ZTVN3Alg15CalculationBase21InverseKinematicsBaseE)
 <LI><a href="#[86]">Alg::CalculationBase::InverseKinematicsBase::GetSignal_w() const</a> from controltask.o(.text._ZNK3Alg15CalculationBase21InverseKinematicsBase11GetSignal_wEv) referenced from controltask.o(.rodata._ZTVN3Alg15CalculationBase7Omni_IKE)
 <LI><a href="#[84]">Alg::CalculationBase::InverseKinematicsBase::GetSignal_x() const</a> from controltask.o(.text._ZNK3Alg15CalculationBase21InverseKinematicsBase11GetSignal_xEv) referenced from controltask.o(.rodata._ZTVN3Alg15CalculationBase21InverseKinematicsBaseE)
 <LI><a href="#[84]">Alg::CalculationBase::InverseKinematicsBase::GetSignal_x() const</a> from controltask.o(.text._ZNK3Alg15CalculationBase21InverseKinematicsBase11GetSignal_xEv) referenced from controltask.o(.rodata._ZTVN3Alg15CalculationBase7Omni_IKE)
 <LI><a href="#[85]">Alg::CalculationBase::InverseKinematicsBase::GetSignal_y() const</a> from controltask.o(.text._ZNK3Alg15CalculationBase21InverseKinematicsBase11GetSignal_yEv) referenced from controltask.o(.rodata._ZTVN3Alg15CalculationBase21InverseKinematicsBaseE)
 <LI><a href="#[85]">Alg::CalculationBase::InverseKinematicsBase::GetSignal_y() const</a> from controltask.o(.text._ZNK3Alg15CalculationBase21InverseKinematicsBase11GetSignal_yEv) referenced from controltask.o(.rodata._ZTVN3Alg15CalculationBase7Omni_IKE)
 <LI><a href="#[88]">Alg::CalculationBase::InverseKinematicsBase::GetSpeedGain() const</a> from controltask.o(.text._ZNK3Alg15CalculationBase21InverseKinematicsBase12GetSpeedGainEv) referenced from controltask.o(.rodata._ZTVN3Alg15CalculationBase21InverseKinematicsBaseE)
 <LI><a href="#[88]">Alg::CalculationBase::InverseKinematicsBase::GetSpeedGain() const</a> from controltask.o(.text._ZNK3Alg15CalculationBase21InverseKinematicsBase12GetSpeedGainEv) referenced from controltask.o(.rodata._ZTVN3Alg15CalculationBase7Omni_IKE)
 <LI><a href="#[89]">Alg::CalculationBase::InverseKinematicsBase::GetRotationalGain() const</a> from controltask.o(.text._ZNK3Alg15CalculationBase21InverseKinematicsBase17GetRotationalGainEv) referenced from controltask.o(.rodata._ZTVN3Alg15CalculationBase21InverseKinematicsBaseE)
 <LI><a href="#[89]">Alg::CalculationBase::InverseKinematicsBase::GetRotationalGain() const</a> from controltask.o(.text._ZNK3Alg15CalculationBase21InverseKinematicsBase17GetRotationalGainEv) referenced from controltask.o(.rodata._ZTVN3Alg15CalculationBase7Omni_IKE)
 <LI><a href="#[87]">Alg::CalculationBase::InverseKinematicsBase::GetPhase() const</a> from controltask.o(.text._ZNK3Alg15CalculationBase21InverseKinematicsBase8GetPhaseEv) referenced from controltask.o(.rodata._ZTVN3Alg15CalculationBase21InverseKinematicsBaseE)
 <LI><a href="#[87]">Alg::CalculationBase::InverseKinematicsBase::GetPhase() const</a> from controltask.o(.text._ZNK3Alg15CalculationBase21InverseKinematicsBase8GetPhaseEv) referenced from controltask.o(.rodata._ZTVN3Alg15CalculationBase7Omni_IKE)
 <LI><a href="#[92]">HAL::CAN::CanBus::has_device(HAL::CAN::CanDeviceId) const</a> from can_bus_impl.o(.text._ZNK3HAL3CAN6CanBus10has_deviceENS0_11CanDeviceIdE) referenced from can_bus_impl.o(.rodata._ZTVN3HAL3CAN6CanBusE)
 <LI><a href="#[9b]">HAL::CAN::CanDevice::get_handle() const</a> from can_device_impl.o(.text._ZNK3HAL3CAN9CanDevice10get_handleEv) referenced from can_device_impl.o(.rodata._ZTVN3HAL3CAN9CanDeviceE)
 <LI><a href="#[ac]">HAL::UART::UartDevice::get_handle() const</a> from uart_device_impl.o(.text._ZNK3HAL4UART10UartDevice10get_handleEv) referenced from uart_device_impl.o(.rodata._ZTVN3HAL4UART10UartDeviceE)
 <LI><a href="#[b1]">HAL::UART::UartBus::has_device(HAL::UART::UartDeviceId) const</a> from uart_bus_impl_1.o(.text._ZNK3HAL4UART7UartBus10has_deviceENS0_12UartDeviceIdE) referenced from uart_bus_impl_1.o(.rodata._ZTVN3HAL4UART7UartBusE)
 <LI><a href="#[6d]">void std::__2::__function::__policy_invoker&lang;void (HAL::CAN::Frame const&)&rang;::__call_impl[abi:v180000]&lang;std::__2::__function::__default_alloc_func&lang;MotorInit()::$_0, void (HAL::CAN::Frame const&)&rang;&rang;(std::__2::__function::__policy_storage const*, HAL::CAN::Frame const&)</a> from motortask.o(.text._ZNSt3__210__function16__policy_invokerIFvRKN3HAL3CAN5FrameEEE11__call_implB7v180000INS0_20__default_alloc_funcIZ9MotorInitvE3$_0S7_EEEEvPKNS0_16__policy_storageES6_) referenced 2 times from motortask.o(.text._ZNSt3__210__function16__policy_invokerIFvRKN3HAL3CAN5FrameEEE8__createB7v180000INS0_20__default_alloc_funcIZ9MotorInitvE3$_0S7_EEEES8_v)
 <LI><a href="#[6e]">std::__2::__function::__policy_invoker&lang;void (HAL::CAN::Frame const&)&rang;::__call_empty[abi:v180000](std::__2::__function::__policy_storage const*, HAL::CAN::Frame const&)</a> from can_device_impl.o(.text._ZNSt3__210__function16__policy_invokerIFvRKN3HAL3CAN5FrameEEE12__call_emptyB7v180000EPKNS0_16__policy_storageES6_) referenced 2 times from can_device_impl.o(.text._ZNSt3__210__function16__policy_invokerIFvRKN3HAL3CAN5FrameEEEC2B7v180000Ev)
 <LI><a href="#[6f]">void std::__2::__function::__policy_invoker&lang;void (HAL::UART::Data const&)&rang;::__call_impl[abi:v180000]&lang;std::__2::__function::__default_alloc_func&lang;SerivalInit()::$_0, void (HAL::UART::Data const&)&rang;&rang;(std::__2::__function::__policy_storage const*, HAL::UART::Data const&)</a> from serialtask.o(.text._ZNSt3__210__function16__policy_invokerIFvRKN3HAL4UART4DataEEE11__call_implB7v180000INS0_20__default_alloc_funcIZ11SerivalInitvE3$_0S7_EEEEvPKNS0_16__policy_storageES6_) referenced 2 times from serialtask.o(.text._ZNSt3__210__function16__policy_invokerIFvRKN3HAL4UART4DataEEE8__createB7v180000INS0_20__default_alloc_funcIZ11SerivalInitvE3$_0S7_EEEES8_v)
 <LI><a href="#[70]">std::__2::__function::__policy_invoker&lang;void (HAL::UART::Data const&)&rang;::__call_empty[abi:v180000](std::__2::__function::__policy_storage const*, HAL::UART::Data const&)</a> from uart_device_impl.o(.text._ZNSt3__210__function16__policy_invokerIFvRKN3HAL4UART4DataEEE12__call_emptyB7v180000EPKNS0_16__policy_storageES6_) referenced 2 times from uart_device_impl.o(.text._ZNSt3__210__function16__policy_invokerIFvRKN3HAL4UART4DataEEEC2B7v180000Ev)
 <LI><a href="#[8d]">__cxa_pure_virtual</a> from cxa_virtual.cpp.o(.text.__cxa_pure_virtual) referenced from motortask.o(.rodata._ZTVN3BSP5Motor9MotorBaseILh4EEE)
 <LI><a href="#[8d]">__cxa_pure_virtual</a> from cxa_virtual.cpp.o(.text.__cxa_pure_virtual) referenced 7 times from can_device_impl.o(.rodata._ZTVN3HAL3CAN10ICanDeviceE)
 <LI><a href="#[8d]">__cxa_pure_virtual</a> from cxa_virtual.cpp.o(.text.__cxa_pure_virtual) referenced 2 times from can_bus_impl.o(.rodata._ZTVN3HAL3CAN7ICanBusE)
 <LI><a href="#[8d]">__cxa_pure_virtual</a> from cxa_virtual.cpp.o(.text.__cxa_pure_virtual) referenced 13 times from uart_device_impl.o(.rodata._ZTVN3HAL4UART11IUartDeviceE)
 <LI><a href="#[8d]">__cxa_pure_virtual</a> from cxa_virtual.cpp.o(.text.__cxa_pure_virtual) referenced 2 times from uart_bus_impl_1.o(.rodata._ZTVN3HAL4UART8IUartBusE)
 <LI><a href="#[64]">__main</a> from entry.o(.ARM.Collect$$$$00000000) referenced from startup_stm32f427xx.o(.text)
 <LI><a href="#[75]">fputc</a> from fputc.o(i.fputc) referenced from printfa.o(i.__0vfprintf)
 <LI><a href="#[62]">main</a> from main.o(.text.main) referenced from entry9a.o(.ARM.Collect$$$$0000000B)
 <LI><a href="#[74]">prvIdleTask</a> from tasks.o(.text.prvIdleTask) referenced 2 times from tasks.o(.text.vTaskStartScheduler)
 <LI><a href="#[73]">prvTaskExitError</a> from port.o(.text.prvTaskExitError) referenced 2 times from port.o(.text.pxPortInitialiseStack)
</UL>
<P>
<H3>
Global Symbols
</H3>
<P><STRONG><a name="[64]"></a>__main</STRONG> (Thumb, 0 bytes, Stack size unknown bytes, entry.o(.ARM.Collect$$$$00000000))
<BR>[Address Reference Count : 1]<UL><LI> startup_stm32f427xx.o(.text)
</UL>
<P><STRONG><a name="[303]"></a>_main_stk</STRONG> (Thumb, 0 bytes, Stack size unknown bytes, entry2.o(.ARM.Collect$$$$00000001))

<P><STRONG><a name="[ba]"></a>_main_scatterload</STRONG> (Thumb, 0 bytes, Stack size unknown bytes, entry5.o(.ARM.Collect$$$$00000004))
<BR><BR>[Calls]<UL><LI><a href="#[bb]">&gt;&gt;</a>&nbsp;&nbsp;&nbsp;__scatterload
</UL>

<P><STRONG><a name="[d8]"></a>__main_after_scatterload</STRONG> (Thumb, 0 bytes, Stack size unknown bytes, entry5.o(.ARM.Collect$$$$00000004))
<BR><BR>[Called By]<UL><LI><a href="#[bb]">&gt;&gt;</a>&nbsp;&nbsp;&nbsp;__scatterload
</UL>

<P><STRONG><a name="[304]"></a>_main_clock</STRONG> (Thumb, 0 bytes, Stack size unknown bytes, entry7b.o(.ARM.Collect$$$$00000008))

<P><STRONG><a name="[bc]"></a>_main_cpp_init$empty</STRONG> (Thumb, 0 bytes, Stack size unknown bytes, entry8a.o(.ARM.Collect$$$$00000009))
<BR><BR>[Stack]<UL><LI>Max Depth = 24 + Unknown Stack Size
<LI>Call Chain = _main_cpp_init$empty &rArr; __cpp_initialize__aeabi_
</UL>
<BR>[Calls]<UL><LI><a href="#[b9]">&gt;&gt;</a>&nbsp;&nbsp;&nbsp;__cpp_initialize__aeabi_
</UL>

<P><STRONG><a name="[305]"></a>_main_cpp_init</STRONG> (Thumb, 0 bytes, Stack size unknown bytes, entry8b.o(.ARM.Collect$$$$0000000A))

<P><STRONG><a name="[306]"></a>_main_init</STRONG> (Thumb, 0 bytes, Stack size unknown bytes, entry9a.o(.ARM.Collect$$$$0000000B))

<P><STRONG><a name="[307]"></a>__rt_final_cpp</STRONG> (Thumb, 0 bytes, Stack size unknown bytes, entry10a.o(.ARM.Collect$$$$0000000D))

<P><STRONG><a name="[bd]"></a>__rt_final_cpp$nonempty</STRONG> (Thumb, 0 bytes, Stack size unknown bytes, entry10b.o(.ARM.Collect$$$$0000000E))
<BR><BR>[Stack]<UL><LI>Max Depth = 32 + Unknown Stack Size
<LI>Call Chain = __rt_final_cpp$nonempty &rArr; __cxa_finalize &rArr; free
</UL>
<BR>[Calls]<UL><LI><a href="#[be]">&gt;&gt;</a>&nbsp;&nbsp;&nbsp;__cxa_finalize
</UL>

<P><STRONG><a name="[308]"></a>__rt_final_exit</STRONG> (Thumb, 0 bytes, Stack size unknown bytes, entry11a.o(.ARM.Collect$$$$0000000F))

<P><STRONG><a name="[0]"></a>Reset_Handler</STRONG> (Thumb, 8 bytes, Stack size 0 bytes, startup_stm32f427xx.o(.text))
<BR>[Address Reference Count : 1]<UL><LI> startup_stm32f427xx.o(RESET)
</UL>
<P><STRONG><a name="[1c]"></a>ADC_IRQHandler</STRONG> (Thumb, 0 bytes, Stack size 0 bytes, startup_stm32f427xx.o(.text))
<BR><BR>[Calls]<UL><LI><a href="#[1c]">&gt;&gt;</a>&nbsp;&nbsp;&nbsp;ADC_IRQHandler
</UL>
<BR>[Called By]<UL><LI><a href="#[1c]">&gt;&gt;</a>&nbsp;&nbsp;&nbsp;ADC_IRQHandler
</UL>
<BR>[Address Reference Count : 1]<UL><LI> startup_stm32f427xx.o(RESET)
</UL>
<P><STRONG><a name="[20]"></a>CAN1_SCE_IRQHandler</STRONG> (Thumb, 0 bytes, Stack size 0 bytes, startup_stm32f427xx.o(.text))
<BR>[Address Reference Count : 1]<UL><LI> startup_stm32f427xx.o(RESET)
</UL>
<P><STRONG><a name="[1d]"></a>CAN1_TX_IRQHandler</STRONG> (Thumb, 0 bytes, Stack size 0 bytes, startup_stm32f427xx.o(.text))
<BR>[Address Reference Count : 1]<UL><LI> startup_stm32f427xx.o(RESET)
</UL>
<P><STRONG><a name="[4c]"></a>CAN2_SCE_IRQHandler</STRONG> (Thumb, 0 bytes, Stack size 0 bytes, startup_stm32f427xx.o(.text))
<BR>[Address Reference Count : 1]<UL><LI> startup_stm32f427xx.o(RESET)
</UL>
<P><STRONG><a name="[49]"></a>CAN2_TX_IRQHandler</STRONG> (Thumb, 0 bytes, Stack size 0 bytes, startup_stm32f427xx.o(.text))
<BR>[Address Reference Count : 1]<UL><LI> startup_stm32f427xx.o(RESET)
</UL>
<P><STRONG><a name="[58]"></a>DCMI_IRQHandler</STRONG> (Thumb, 0 bytes, Stack size 0 bytes, startup_stm32f427xx.o(.text))
<BR>[Address Reference Count : 1]<UL><LI> startup_stm32f427xx.o(RESET)
</UL>
<P><STRONG><a name="[17]"></a>DMA1_Stream2_IRQHandler</STRONG> (Thumb, 0 bytes, Stack size 0 bytes, startup_stm32f427xx.o(.text))
<BR>[Address Reference Count : 1]<UL><LI> startup_stm32f427xx.o(RESET)
</UL>
<P><STRONG><a name="[1a]"></a>DMA1_Stream5_IRQHandler</STRONG> (Thumb, 0 bytes, Stack size 0 bytes, startup_stm32f427xx.o(.text))
<BR>[Address Reference Count : 1]<UL><LI> startup_stm32f427xx.o(RESET)
</UL>
<P><STRONG><a name="[39]"></a>DMA1_Stream7_IRQHandler</STRONG> (Thumb, 0 bytes, Stack size 0 bytes, startup_stm32f427xx.o(.text))
<BR>[Address Reference Count : 1]<UL><LI> startup_stm32f427xx.o(RESET)
</UL>
<P><STRONG><a name="[61]"></a>DMA2D_IRQHandler</STRONG> (Thumb, 0 bytes, Stack size 0 bytes, startup_stm32f427xx.o(.text))
<BR>[Address Reference Count : 1]<UL><LI> startup_stm32f427xx.o(RESET)
</UL>
<P><STRONG><a name="[42]"></a>DMA2_Stream0_IRQHandler</STRONG> (Thumb, 0 bytes, Stack size 0 bytes, startup_stm32f427xx.o(.text))
<BR>[Address Reference Count : 1]<UL><LI> startup_stm32f427xx.o(RESET)
</UL>
<P><STRONG><a name="[45]"></a>DMA2_Stream3_IRQHandler</STRONG> (Thumb, 0 bytes, Stack size 0 bytes, startup_stm32f427xx.o(.text))
<BR>[Address Reference Count : 1]<UL><LI> startup_stm32f427xx.o(RESET)
</UL>
<P><STRONG><a name="[46]"></a>DMA2_Stream4_IRQHandler</STRONG> (Thumb, 0 bytes, Stack size 0 bytes, startup_stm32f427xx.o(.text))
<BR>[Address Reference Count : 1]<UL><LI> startup_stm32f427xx.o(RESET)
</UL>
<P><STRONG><a name="[4e]"></a>DMA2_Stream5_IRQHandler</STRONG> (Thumb, 0 bytes, Stack size 0 bytes, startup_stm32f427xx.o(.text))
<BR>[Address Reference Count : 1]<UL><LI> startup_stm32f427xx.o(RESET)
</UL>
<P><STRONG><a name="[4f]"></a>DMA2_Stream6_IRQHandler</STRONG> (Thumb, 0 bytes, Stack size 0 bytes, startup_stm32f427xx.o(.text))
<BR>[Address Reference Count : 1]<UL><LI> startup_stm32f427xx.o(RESET)
</UL>
<P><STRONG><a name="[50]"></a>DMA2_Stream7_IRQHandler</STRONG> (Thumb, 0 bytes, Stack size 0 bytes, startup_stm32f427xx.o(.text))
<BR>[Address Reference Count : 1]<UL><LI> startup_stm32f427xx.o(RESET)
</UL>
<P><STRONG><a name="[47]"></a>ETH_IRQHandler</STRONG> (Thumb, 0 bytes, Stack size 0 bytes, startup_stm32f427xx.o(.text))
<BR>[Address Reference Count : 1]<UL><LI> startup_stm32f427xx.o(RESET)
</UL>
<P><STRONG><a name="[48]"></a>ETH_WKUP_IRQHandler</STRONG> (Thumb, 0 bytes, Stack size 0 bytes, startup_stm32f427xx.o(.text))
<BR>[Address Reference Count : 1]<UL><LI> startup_stm32f427xx.o(RESET)
</UL>
<P><STRONG><a name="[10]"></a>EXTI0_IRQHandler</STRONG> (Thumb, 0 bytes, Stack size 0 bytes, startup_stm32f427xx.o(.text))
<BR>[Address Reference Count : 1]<UL><LI> startup_stm32f427xx.o(RESET)
</UL>
<P><STRONG><a name="[32]"></a>EXTI15_10_IRQHandler</STRONG> (Thumb, 0 bytes, Stack size 0 bytes, startup_stm32f427xx.o(.text))
<BR>[Address Reference Count : 1]<UL><LI> startup_stm32f427xx.o(RESET)
</UL>
<P><STRONG><a name="[11]"></a>EXTI1_IRQHandler</STRONG> (Thumb, 0 bytes, Stack size 0 bytes, startup_stm32f427xx.o(.text))
<BR>[Address Reference Count : 1]<UL><LI> startup_stm32f427xx.o(RESET)
</UL>
<P><STRONG><a name="[12]"></a>EXTI2_IRQHandler</STRONG> (Thumb, 0 bytes, Stack size 0 bytes, startup_stm32f427xx.o(.text))
<BR>[Address Reference Count : 1]<UL><LI> startup_stm32f427xx.o(RESET)
</UL>
<P><STRONG><a name="[13]"></a>EXTI3_IRQHandler</STRONG> (Thumb, 0 bytes, Stack size 0 bytes, startup_stm32f427xx.o(.text))
<BR>[Address Reference Count : 1]<UL><LI> startup_stm32f427xx.o(RESET)
</UL>
<P><STRONG><a name="[14]"></a>EXTI4_IRQHandler</STRONG> (Thumb, 0 bytes, Stack size 0 bytes, startup_stm32f427xx.o(.text))
<BR>[Address Reference Count : 1]<UL><LI> startup_stm32f427xx.o(RESET)
</UL>
<P><STRONG><a name="[21]"></a>EXTI9_5_IRQHandler</STRONG> (Thumb, 0 bytes, Stack size 0 bytes, startup_stm32f427xx.o(.text))
<BR>[Address Reference Count : 1]<UL><LI> startup_stm32f427xx.o(RESET)
</UL>
<P><STRONG><a name="[e]"></a>FLASH_IRQHandler</STRONG> (Thumb, 0 bytes, Stack size 0 bytes, startup_stm32f427xx.o(.text))
<BR>[Address Reference Count : 1]<UL><LI> startup_stm32f427xx.o(RESET)
</UL>
<P><STRONG><a name="[3a]"></a>FMC_IRQHandler</STRONG> (Thumb, 0 bytes, Stack size 0 bytes, startup_stm32f427xx.o(.text))
<BR>[Address Reference Count : 1]<UL><LI> startup_stm32f427xx.o(RESET)
</UL>
<P><STRONG><a name="[5a]"></a>FPU_IRQHandler</STRONG> (Thumb, 0 bytes, Stack size 0 bytes, startup_stm32f427xx.o(.text))
<BR>[Address Reference Count : 1]<UL><LI> startup_stm32f427xx.o(RESET)
</UL>
<P><STRONG><a name="[59]"></a>HASH_RNG_IRQHandler</STRONG> (Thumb, 0 bytes, Stack size 0 bytes, startup_stm32f427xx.o(.text))
<BR>[Address Reference Count : 1]<UL><LI> startup_stm32f427xx.o(RESET)
</UL>
<P><STRONG><a name="[2a]"></a>I2C1_ER_IRQHandler</STRONG> (Thumb, 0 bytes, Stack size 0 bytes, startup_stm32f427xx.o(.text))
<BR>[Address Reference Count : 1]<UL><LI> startup_stm32f427xx.o(RESET)
</UL>
<P><STRONG><a name="[29]"></a>I2C1_EV_IRQHandler</STRONG> (Thumb, 0 bytes, Stack size 0 bytes, startup_stm32f427xx.o(.text))
<BR>[Address Reference Count : 1]<UL><LI> startup_stm32f427xx.o(RESET)
</UL>
<P><STRONG><a name="[2c]"></a>I2C2_ER_IRQHandler</STRONG> (Thumb, 0 bytes, Stack size 0 bytes, startup_stm32f427xx.o(.text))
<BR>[Address Reference Count : 1]<UL><LI> startup_stm32f427xx.o(RESET)
</UL>
<P><STRONG><a name="[2b]"></a>I2C2_EV_IRQHandler</STRONG> (Thumb, 0 bytes, Stack size 0 bytes, startup_stm32f427xx.o(.text))
<BR>[Address Reference Count : 1]<UL><LI> startup_stm32f427xx.o(RESET)
</UL>
<P><STRONG><a name="[53]"></a>I2C3_ER_IRQHandler</STRONG> (Thumb, 0 bytes, Stack size 0 bytes, startup_stm32f427xx.o(.text))
<BR>[Address Reference Count : 1]<UL><LI> startup_stm32f427xx.o(RESET)
</UL>
<P><STRONG><a name="[52]"></a>I2C3_EV_IRQHandler</STRONG> (Thumb, 0 bytes, Stack size 0 bytes, startup_stm32f427xx.o(.text))
<BR>[Address Reference Count : 1]<UL><LI> startup_stm32f427xx.o(RESET)
</UL>
<P><STRONG><a name="[4d]"></a>OTG_FS_IRQHandler</STRONG> (Thumb, 0 bytes, Stack size 0 bytes, startup_stm32f427xx.o(.text))
<BR>[Address Reference Count : 1]<UL><LI> startup_stm32f427xx.o(RESET)
</UL>
<P><STRONG><a name="[34]"></a>OTG_FS_WKUP_IRQHandler</STRONG> (Thumb, 0 bytes, Stack size 0 bytes, startup_stm32f427xx.o(.text))
<BR>[Address Reference Count : 1]<UL><LI> startup_stm32f427xx.o(RESET)
</UL>
<P><STRONG><a name="[55]"></a>OTG_HS_EP1_IN_IRQHandler</STRONG> (Thumb, 0 bytes, Stack size 0 bytes, startup_stm32f427xx.o(.text))
<BR>[Address Reference Count : 1]<UL><LI> startup_stm32f427xx.o(RESET)
</UL>
<P><STRONG><a name="[54]"></a>OTG_HS_EP1_OUT_IRQHandler</STRONG> (Thumb, 0 bytes, Stack size 0 bytes, startup_stm32f427xx.o(.text))
<BR>[Address Reference Count : 1]<UL><LI> startup_stm32f427xx.o(RESET)
</UL>
<P><STRONG><a name="[57]"></a>OTG_HS_IRQHandler</STRONG> (Thumb, 0 bytes, Stack size 0 bytes, startup_stm32f427xx.o(.text))
<BR>[Address Reference Count : 1]<UL><LI> startup_stm32f427xx.o(RESET)
</UL>
<P><STRONG><a name="[56]"></a>OTG_HS_WKUP_IRQHandler</STRONG> (Thumb, 0 bytes, Stack size 0 bytes, startup_stm32f427xx.o(.text))
<BR>[Address Reference Count : 1]<UL><LI> startup_stm32f427xx.o(RESET)
</UL>
<P><STRONG><a name="[b]"></a>PVD_IRQHandler</STRONG> (Thumb, 0 bytes, Stack size 0 bytes, startup_stm32f427xx.o(.text))
<BR>[Address Reference Count : 1]<UL><LI> startup_stm32f427xx.o(RESET)
</UL>
<P><STRONG><a name="[f]"></a>RCC_IRQHandler</STRONG> (Thumb, 0 bytes, Stack size 0 bytes, startup_stm32f427xx.o(.text))
<BR>[Address Reference Count : 1]<UL><LI> startup_stm32f427xx.o(RESET)
</UL>
<P><STRONG><a name="[33]"></a>RTC_Alarm_IRQHandler</STRONG> (Thumb, 0 bytes, Stack size 0 bytes, startup_stm32f427xx.o(.text))
<BR>[Address Reference Count : 1]<UL><LI> startup_stm32f427xx.o(RESET)
</UL>
<P><STRONG><a name="[d]"></a>RTC_WKUP_IRQHandler</STRONG> (Thumb, 0 bytes, Stack size 0 bytes, startup_stm32f427xx.o(.text))
<BR>[Address Reference Count : 1]<UL><LI> startup_stm32f427xx.o(RESET)
</UL>
<P><STRONG><a name="[60]"></a>SAI1_IRQHandler</STRONG> (Thumb, 0 bytes, Stack size 0 bytes, startup_stm32f427xx.o(.text))
<BR>[Address Reference Count : 1]<UL><LI> startup_stm32f427xx.o(RESET)
</UL>
<P><STRONG><a name="[3b]"></a>SDIO_IRQHandler</STRONG> (Thumb, 0 bytes, Stack size 0 bytes, startup_stm32f427xx.o(.text))
<BR>[Address Reference Count : 1]<UL><LI> startup_stm32f427xx.o(RESET)
</UL>
<P><STRONG><a name="[2d]"></a>SPI1_IRQHandler</STRONG> (Thumb, 0 bytes, Stack size 0 bytes, startup_stm32f427xx.o(.text))
<BR>[Address Reference Count : 1]<UL><LI> startup_stm32f427xx.o(RESET)
</UL>
<P><STRONG><a name="[2e]"></a>SPI2_IRQHandler</STRONG> (Thumb, 0 bytes, Stack size 0 bytes, startup_stm32f427xx.o(.text))
<BR>[Address Reference Count : 1]<UL><LI> startup_stm32f427xx.o(RESET)
</UL>
<P><STRONG><a name="[3d]"></a>SPI3_IRQHandler</STRONG> (Thumb, 0 bytes, Stack size 0 bytes, startup_stm32f427xx.o(.text))
<BR>[Address Reference Count : 1]<UL><LI> startup_stm32f427xx.o(RESET)
</UL>
<P><STRONG><a name="[5d]"></a>SPI4_IRQHandler</STRONG> (Thumb, 0 bytes, Stack size 0 bytes, startup_stm32f427xx.o(.text))
<BR>[Address Reference Count : 1]<UL><LI> startup_stm32f427xx.o(RESET)
</UL>
<P><STRONG><a name="[5e]"></a>SPI5_IRQHandler</STRONG> (Thumb, 0 bytes, Stack size 0 bytes, startup_stm32f427xx.o(.text))
<BR>[Address Reference Count : 1]<UL><LI> startup_stm32f427xx.o(RESET)
</UL>
<P><STRONG><a name="[5f]"></a>SPI6_IRQHandler</STRONG> (Thumb, 0 bytes, Stack size 0 bytes, startup_stm32f427xx.o(.text))
<BR>[Address Reference Count : 1]<UL><LI> startup_stm32f427xx.o(RESET)
</UL>
<P><STRONG><a name="[c]"></a>TAMP_STAMP_IRQHandler</STRONG> (Thumb, 0 bytes, Stack size 0 bytes, startup_stm32f427xx.o(.text))
<BR>[Address Reference Count : 1]<UL><LI> startup_stm32f427xx.o(RESET)
</UL>
<P><STRONG><a name="[22]"></a>TIM1_BRK_TIM9_IRQHandler</STRONG> (Thumb, 0 bytes, Stack size 0 bytes, startup_stm32f427xx.o(.text))
<BR>[Address Reference Count : 1]<UL><LI> startup_stm32f427xx.o(RESET)
</UL>
<P><STRONG><a name="[25]"></a>TIM1_CC_IRQHandler</STRONG> (Thumb, 0 bytes, Stack size 0 bytes, startup_stm32f427xx.o(.text))
<BR>[Address Reference Count : 1]<UL><LI> startup_stm32f427xx.o(RESET)
</UL>
<P><STRONG><a name="[24]"></a>TIM1_TRG_COM_TIM11_IRQHandler</STRONG> (Thumb, 0 bytes, Stack size 0 bytes, startup_stm32f427xx.o(.text))
<BR>[Address Reference Count : 1]<UL><LI> startup_stm32f427xx.o(RESET)
</UL>
<P><STRONG><a name="[26]"></a>TIM2_IRQHandler</STRONG> (Thumb, 0 bytes, Stack size 0 bytes, startup_stm32f427xx.o(.text))
<BR>[Address Reference Count : 1]<UL><LI> startup_stm32f427xx.o(RESET)
</UL>
<P><STRONG><a name="[27]"></a>TIM3_IRQHandler</STRONG> (Thumb, 0 bytes, Stack size 0 bytes, startup_stm32f427xx.o(.text))
<BR>[Address Reference Count : 1]<UL><LI> startup_stm32f427xx.o(RESET)
</UL>
<P><STRONG><a name="[28]"></a>TIM4_IRQHandler</STRONG> (Thumb, 0 bytes, Stack size 0 bytes, startup_stm32f427xx.o(.text))
<BR>[Address Reference Count : 1]<UL><LI> startup_stm32f427xx.o(RESET)
</UL>
<P><STRONG><a name="[3c]"></a>TIM5_IRQHandler</STRONG> (Thumb, 0 bytes, Stack size 0 bytes, startup_stm32f427xx.o(.text))
<BR>[Address Reference Count : 1]<UL><LI> startup_stm32f427xx.o(RESET)
</UL>
<P><STRONG><a name="[40]"></a>TIM6_DAC_IRQHandler</STRONG> (Thumb, 0 bytes, Stack size 0 bytes, startup_stm32f427xx.o(.text))
<BR>[Address Reference Count : 1]<UL><LI> startup_stm32f427xx.o(RESET)
</UL>
<P><STRONG><a name="[41]"></a>TIM7_IRQHandler</STRONG> (Thumb, 0 bytes, Stack size 0 bytes, startup_stm32f427xx.o(.text))
<BR>[Address Reference Count : 1]<UL><LI> startup_stm32f427xx.o(RESET)
</UL>
<P><STRONG><a name="[35]"></a>TIM8_BRK_TIM12_IRQHandler</STRONG> (Thumb, 0 bytes, Stack size 0 bytes, startup_stm32f427xx.o(.text))
<BR>[Address Reference Count : 1]<UL><LI> startup_stm32f427xx.o(RESET)
</UL>
<P><STRONG><a name="[38]"></a>TIM8_CC_IRQHandler</STRONG> (Thumb, 0 bytes, Stack size 0 bytes, startup_stm32f427xx.o(.text))
<BR>[Address Reference Count : 1]<UL><LI> startup_stm32f427xx.o(RESET)
</UL>
<P><STRONG><a name="[37]"></a>TIM8_TRG_COM_TIM14_IRQHandler</STRONG> (Thumb, 0 bytes, Stack size 0 bytes, startup_stm32f427xx.o(.text))
<BR>[Address Reference Count : 1]<UL><LI> startup_stm32f427xx.o(RESET)
</UL>
<P><STRONG><a name="[36]"></a>TIM8_UP_TIM13_IRQHandler</STRONG> (Thumb, 0 bytes, Stack size 0 bytes, startup_stm32f427xx.o(.text))
<BR>[Address Reference Count : 1]<UL><LI> startup_stm32f427xx.o(RESET)
</UL>
<P><STRONG><a name="[3e]"></a>UART4_IRQHandler</STRONG> (Thumb, 0 bytes, Stack size 0 bytes, startup_stm32f427xx.o(.text))
<BR>[Address Reference Count : 1]<UL><LI> startup_stm32f427xx.o(RESET)
</UL>
<P><STRONG><a name="[3f]"></a>UART5_IRQHandler</STRONG> (Thumb, 0 bytes, Stack size 0 bytes, startup_stm32f427xx.o(.text))
<BR>[Address Reference Count : 1]<UL><LI> startup_stm32f427xx.o(RESET)
</UL>
<P><STRONG><a name="[30]"></a>USART2_IRQHandler</STRONG> (Thumb, 0 bytes, Stack size 0 bytes, startup_stm32f427xx.o(.text))
<BR>[Address Reference Count : 1]<UL><LI> startup_stm32f427xx.o(RESET)
</UL>
<P><STRONG><a name="[a]"></a>WWDG_IRQHandler</STRONG> (Thumb, 0 bytes, Stack size 0 bytes, startup_stm32f427xx.o(.text))
<BR>[Address Reference Count : 1]<UL><LI> startup_stm32f427xx.o(RESET)
</UL>
<P><STRONG><a name="[bf]"></a>__aeabi_uldivmod</STRONG> (Thumb, 98 bytes, Stack size 40 bytes, uldiv.o(.text))
<BR><BR>[Stack]<UL><LI>Max Depth = 40<LI>Call Chain = __aeabi_uldivmod
</UL>
<BR>[Calls]<UL><LI><a href="#[c0]">&gt;&gt;</a>&nbsp;&nbsp;&nbsp;__aeabi_llsr
<LI><a href="#[c1]">&gt;&gt;</a>&nbsp;&nbsp;&nbsp;__aeabi_llsl
</UL>
<BR>[Called By]<UL><LI><a href="#[110]">&gt;&gt;</a>&nbsp;&nbsp;&nbsp;HAL_RCC_GetSysClockFreq
<LI><a href="#[136]">&gt;&gt;</a>&nbsp;&nbsp;&nbsp;UART_SetConfig
<LI><a href="#[2f6]">&gt;&gt;</a>&nbsp;&nbsp;&nbsp;_printf_core
<LI><a href="#[2fe]">&gt;&gt;</a>&nbsp;&nbsp;&nbsp;_fp_digits
</UL>

<P><STRONG><a name="[18d]"></a>__aeabi_memcpy</STRONG> (Thumb, 36 bytes, Stack size 0 bytes, memcpya.o(.text))
<BR><BR>[Called By]<UL><LI><a href="#[18c]">&gt;&gt;</a>&nbsp;&nbsp;&nbsp;BoardCommunication::ParseProtocol(unsigned char const*, unsigned short)
</UL>

<P><STRONG><a name="[309]"></a>__aeabi_memcpy4</STRONG> (Thumb, 0 bytes, Stack size 0 bytes, memcpya.o(.text), UNUSED)

<P><STRONG><a name="[1b2]"></a>__aeabi_memcpy8</STRONG> (Thumb, 0 bytes, Stack size 0 bytes, memcpya.o(.text))
<BR><BR>[Called By]<UL><LI><a href="#[1b0]">&gt;&gt;</a>&nbsp;&nbsp;&nbsp;BSP::Motor::Dji::DjiMotorBase&lang;(unsigned char)4&rang;::DjiMotorBase__sub_object(unsigned short, unsigned char const (&) [4], unsigned int, BSP::Motor::Dji::Parameters)
</UL>

<P><STRONG><a name="[c3]"></a>__aeabi_memset</STRONG> (Thumb, 14 bytes, Stack size 0 bytes, memseta.o(.text), UNUSED)
<BR><BR>[Called By]<UL><LI><a href="#[c4]">&gt;&gt;</a>&nbsp;&nbsp;&nbsp;_memset$wrapper
<LI><a href="#[c2]">&gt;&gt;</a>&nbsp;&nbsp;&nbsp;__aeabi_memclr
</UL>

<P><STRONG><a name="[30a]"></a>__aeabi_memset4</STRONG> (Thumb, 0 bytes, Stack size 0 bytes, memseta.o(.text), UNUSED)

<P><STRONG><a name="[30b]"></a>__aeabi_memset8</STRONG> (Thumb, 0 bytes, Stack size 0 bytes, memseta.o(.text), UNUSED)

<P><STRONG><a name="[c2]"></a>__aeabi_memclr</STRONG> (Thumb, 4 bytes, Stack size 0 bytes, memseta.o(.text), UNUSED)
<BR><BR>[Calls]<UL><LI><a href="#[c3]">&gt;&gt;</a>&nbsp;&nbsp;&nbsp;__aeabi_memset
</UL>

<P><STRONG><a name="[150]"></a>__aeabi_memclr4</STRONG> (Thumb, 0 bytes, Stack size 0 bytes, memseta.o(.text))
<BR><BR>[Called By]<UL><LI><a href="#[14f]">&gt;&gt;</a>&nbsp;&nbsp;&nbsp;SystemClock_Config
</UL>

<P><STRONG><a name="[30c]"></a>__aeabi_memclr8</STRONG> (Thumb, 0 bytes, Stack size 0 bytes, memseta.o(.text), UNUSED)

<P><STRONG><a name="[c4]"></a>_memset$wrapper</STRONG> (Thumb, 18 bytes, Stack size 8 bytes, memseta.o(.text), UNUSED)
<BR><BR>[Calls]<UL><LI><a href="#[c3]">&gt;&gt;</a>&nbsp;&nbsp;&nbsp;__aeabi_memset
</UL>

<P><STRONG><a name="[b9]"></a>__cpp_initialize__aeabi_</STRONG> (Thumb, 32 bytes, Stack size 24 bytes, cpp_init.o(.text))
<BR><BR>[Stack]<UL><LI>Max Depth = 24<LI>Call Chain = __cpp_initialize__aeabi_
</UL>
<BR>[Called By]<UL><LI><a href="#[bc]">&gt;&gt;</a>&nbsp;&nbsp;&nbsp;_main_cpp_init$empty
</UL>

<P><STRONG><a name="[c5]"></a>__cxa_atexit</STRONG> (Thumb, 10 bytes, Stack size 0 bytes, cxa_atexit.o(.text))
<BR><BR>[Stack]<UL><LI>Max Depth = 52<LI>Call Chain = __cxa_atexit &rArr; __aeabi_atexit &rArr; malloc &rArr; __aligned_malloc
</UL>
<BR>[Calls]<UL><LI><a href="#[c6]">&gt;&gt;</a>&nbsp;&nbsp;&nbsp;__aeabi_atexit
</UL>
<BR>[Called By]<UL><LI><a href="#[1db]">&gt;&gt;</a>&nbsp;&nbsp;&nbsp;HAL::UART::UartBus::instance()
<LI><a href="#[1b6]">&gt;&gt;</a>&nbsp;&nbsp;&nbsp;HAL::CAN::CanBus::instance()
<LI><a href="#[159]">&gt;&gt;</a>&nbsp;&nbsp;&nbsp;__cxx_global_var_init.2
<LI><a href="#[158]">&gt;&gt;</a>&nbsp;&nbsp;&nbsp;__cxx_global_var_init.1
</UL>

<P><STRONG><a name="[c7]"></a>__aeabi_dadd</STRONG> (Thumb, 322 bytes, Stack size 48 bytes, dadd.o(.text))
<BR><BR>[Stack]<UL><LI>Max Depth = 88<LI>Call Chain = __aeabi_dadd &rArr; _double_epilogue &rArr; _double_round
</UL>
<BR>[Calls]<UL><LI><a href="#[c8]">&gt;&gt;</a>&nbsp;&nbsp;&nbsp;__aeabi_lasr
<LI><a href="#[c1]">&gt;&gt;</a>&nbsp;&nbsp;&nbsp;__aeabi_llsl
<LI><a href="#[ca]">&gt;&gt;</a>&nbsp;&nbsp;&nbsp;_double_round
<LI><a href="#[c9]">&gt;&gt;</a>&nbsp;&nbsp;&nbsp;_double_epilogue
</UL>
<BR>[Called By]<UL><LI><a href="#[2fe]">&gt;&gt;</a>&nbsp;&nbsp;&nbsp;_fp_digits
<LI><a href="#[cc]">&gt;&gt;</a>&nbsp;&nbsp;&nbsp;__aeabi_drsub
<LI><a href="#[cb]">&gt;&gt;</a>&nbsp;&nbsp;&nbsp;__aeabi_dsub
<LI><a href="#[1ad]">&gt;&gt;</a>&nbsp;&nbsp;&nbsp;BSP::Motor::Dji::DjiMotorBase&lang;(unsigned char)4&rang;::Configure(unsigned int)
<LI><a href="#[1ac]">&gt;&gt;</a>&nbsp;&nbsp;&nbsp;BSP::Motor::Dji::Parameters::Parameters__sub_object(double, double, double, double, double)
<LI><a href="#[173]">&gt;&gt;</a>&nbsp;&nbsp;&nbsp;CalculateTranslation_xy(float, float, float, float, float*, float*, float)
</UL>

<P><STRONG><a name="[cb]"></a>__aeabi_dsub</STRONG> (Thumb, 6 bytes, Stack size 0 bytes, dadd.o(.text))
<BR><BR>[Stack]<UL><LI>Max Depth = 88<LI>Call Chain = __aeabi_dsub &rArr; __aeabi_dadd &rArr; _double_epilogue &rArr; _double_round
</UL>
<BR>[Calls]<UL><LI><a href="#[c7]">&gt;&gt;</a>&nbsp;&nbsp;&nbsp;__aeabi_dadd
</UL>
<BR>[Called By]<UL><LI><a href="#[1ad]">&gt;&gt;</a>&nbsp;&nbsp;&nbsp;BSP::Motor::Dji::DjiMotorBase&lang;(unsigned char)4&rang;::Configure(unsigned int)
</UL>

<P><STRONG><a name="[cc]"></a>__aeabi_drsub</STRONG> (Thumb, 6 bytes, Stack size 0 bytes, dadd.o(.text))
<BR><BR>[Stack]<UL><LI>Max Depth = 88<LI>Call Chain = __aeabi_drsub &rArr; __aeabi_dadd &rArr; _double_epilogue &rArr; _double_round
</UL>
<BR>[Calls]<UL><LI><a href="#[c7]">&gt;&gt;</a>&nbsp;&nbsp;&nbsp;__aeabi_dadd
</UL>
<BR>[Called By]<UL><LI><a href="#[29a]">&gt;&gt;</a>&nbsp;&nbsp;&nbsp;__hardfp_fmod
</UL>

<P><STRONG><a name="[cd]"></a>__aeabi_dmul</STRONG> (Thumb, 228 bytes, Stack size 48 bytes, dmul.o(.text))
<BR><BR>[Stack]<UL><LI>Max Depth = 88<LI>Call Chain = __aeabi_dmul &rArr; _double_epilogue &rArr; _double_round
</UL>
<BR>[Calls]<UL><LI><a href="#[c9]">&gt;&gt;</a>&nbsp;&nbsp;&nbsp;_double_epilogue
</UL>
<BR>[Called By]<UL><LI><a href="#[2fe]">&gt;&gt;</a>&nbsp;&nbsp;&nbsp;_fp_digits
<LI><a href="#[1ad]">&gt;&gt;</a>&nbsp;&nbsp;&nbsp;BSP::Motor::Dji::DjiMotorBase&lang;(unsigned char)4&rang;::Configure(unsigned int)
<LI><a href="#[1ac]">&gt;&gt;</a>&nbsp;&nbsp;&nbsp;BSP::Motor::Dji::Parameters::Parameters__sub_object(double, double, double, double, double)
</UL>

<P><STRONG><a name="[ce]"></a>__aeabi_ddiv</STRONG> (Thumb, 222 bytes, Stack size 32 bytes, ddiv.o(.text))
<BR><BR>[Stack]<UL><LI>Max Depth = 40<LI>Call Chain = __aeabi_ddiv &rArr; _double_round
</UL>
<BR>[Calls]<UL><LI><a href="#[ca]">&gt;&gt;</a>&nbsp;&nbsp;&nbsp;_double_round
</UL>
<BR>[Called By]<UL><LI><a href="#[2fe]">&gt;&gt;</a>&nbsp;&nbsp;&nbsp;_fp_digits
<LI><a href="#[2fb]">&gt;&gt;</a>&nbsp;&nbsp;&nbsp;__mathlib_dbl_invalid
<LI><a href="#[1ac]">&gt;&gt;</a>&nbsp;&nbsp;&nbsp;BSP::Motor::Dji::Parameters::Parameters__sub_object(double, double, double, double, double)
</UL>

<P><STRONG><a name="[17f]"></a>__aeabi_dcmple</STRONG> (Thumb, 54 bytes, Stack size 12 bytes, dcmple.o(.text))
<BR><BR>[Stack]<UL><LI>Max Depth = 12<LI>Call Chain = __aeabi_dcmple
</UL>
<BR>[Called By]<UL><LI><a href="#[1ad]">&gt;&gt;</a>&nbsp;&nbsp;&nbsp;BSP::Motor::Dji::DjiMotorBase&lang;(unsigned char)4&rang;::Configure(unsigned int)
<LI><a href="#[173]">&gt;&gt;</a>&nbsp;&nbsp;&nbsp;CalculateTranslation_xy(float, float, float, float, float*, float*, float)
</UL>

<P><STRONG><a name="[180]"></a>__aeabi_dcmpge</STRONG> (Thumb, 54 bytes, Stack size 12 bytes, dcmpge.o(.text))
<BR><BR>[Stack]<UL><LI>Max Depth = 12<LI>Call Chain = __aeabi_dcmpge
</UL>
<BR>[Called By]<UL><LI><a href="#[1ad]">&gt;&gt;</a>&nbsp;&nbsp;&nbsp;BSP::Motor::Dji::DjiMotorBase&lang;(unsigned char)4&rang;::Configure(unsigned int)
<LI><a href="#[173]">&gt;&gt;</a>&nbsp;&nbsp;&nbsp;CalculateTranslation_xy(float, float, float, float, float*, float*, float)
</UL>

<P><STRONG><a name="[cf]"></a>__aeabi_i2d</STRONG> (Thumb, 34 bytes, Stack size 16 bytes, dflti.o(.text))
<BR><BR>[Stack]<UL><LI>Max Depth = 56<LI>Call Chain = __aeabi_i2d &rArr; _double_epilogue &rArr; _double_round
</UL>
<BR>[Calls]<UL><LI><a href="#[c9]">&gt;&gt;</a>&nbsp;&nbsp;&nbsp;_double_epilogue
</UL>
<BR>[Called By]<UL><LI><a href="#[1ad]">&gt;&gt;</a>&nbsp;&nbsp;&nbsp;BSP::Motor::Dji::DjiMotorBase&lang;(unsigned char)4&rang;::Configure(unsigned int)
</UL>

<P><STRONG><a name="[d0]"></a>__aeabi_ui2d</STRONG> (Thumb, 26 bytes, Stack size 16 bytes, dfltui.o(.text))
<BR><BR>[Stack]<UL><LI>Max Depth = 56<LI>Call Chain = __aeabi_ui2d &rArr; _double_epilogue &rArr; _double_round
</UL>
<BR>[Calls]<UL><LI><a href="#[c9]">&gt;&gt;</a>&nbsp;&nbsp;&nbsp;_double_epilogue
</UL>
<BR>[Called By]<UL><LI><a href="#[1ad]">&gt;&gt;</a>&nbsp;&nbsp;&nbsp;BSP::Motor::Dji::DjiMotorBase&lang;(unsigned char)4&rang;::Configure(unsigned int)
</UL>

<P><STRONG><a name="[17e]"></a>__aeabi_f2d</STRONG> (Thumb, 38 bytes, Stack size 0 bytes, f2d.o(.text))
<BR><BR>[Called By]<UL><LI><a href="#[17d]">&gt;&gt;</a>&nbsp;&nbsp;&nbsp;std::__2::__promote&lang;float, double, void&rang;::type std::__2::__math::fmod[abi:v180000]&lang;float, double, 0&rang;(float, double)
<LI><a href="#[173]">&gt;&gt;</a>&nbsp;&nbsp;&nbsp;CalculateTranslation_xy(float, float, float, float, float*, float*, float)
</UL>

<P><STRONG><a name="[d1]"></a>__aeabi_d2f</STRONG> (Thumb, 56 bytes, Stack size 8 bytes, d2f.o(.text))
<BR><BR>[Stack]<UL><LI>Max Depth = 8<LI>Call Chain = __aeabi_d2f
</UL>
<BR>[Calls]<UL><LI><a href="#[d2]">&gt;&gt;</a>&nbsp;&nbsp;&nbsp;_float_round
</UL>
<BR>[Called By]<UL><LI><a href="#[169]">&gt;&gt;</a>&nbsp;&nbsp;&nbsp;BSP::Motor::MotorBase&lang;(unsigned char)4&rang;::getVelocityRads(unsigned char)
<LI><a href="#[173]">&gt;&gt;</a>&nbsp;&nbsp;&nbsp;CalculateTranslation_xy(float, float, float, float, float*, float*, float)
</UL>

<P><STRONG><a name="[c1]"></a>__aeabi_llsl</STRONG> (Thumb, 30 bytes, Stack size 0 bytes, llshl.o(.text))
<BR><BR>[Called By]<UL><LI><a href="#[da]">&gt;&gt;</a>&nbsp;&nbsp;&nbsp;__aeabi_d2ulz
<LI><a href="#[c9]">&gt;&gt;</a>&nbsp;&nbsp;&nbsp;_double_epilogue
<LI><a href="#[bf]">&gt;&gt;</a>&nbsp;&nbsp;&nbsp;__aeabi_uldivmod
<LI><a href="#[c7]">&gt;&gt;</a>&nbsp;&nbsp;&nbsp;__aeabi_dadd
</UL>

<P><STRONG><a name="[30d]"></a>_ll_shift_l</STRONG> (Thumb, 0 bytes, Stack size 0 bytes, llshl.o(.text), UNUSED)

<P><STRONG><a name="[c0]"></a>__aeabi_llsr</STRONG> (Thumb, 32 bytes, Stack size 0 bytes, llushr.o(.text))
<BR><BR>[Called By]<UL><LI><a href="#[da]">&gt;&gt;</a>&nbsp;&nbsp;&nbsp;__aeabi_d2ulz
<LI><a href="#[c9]">&gt;&gt;</a>&nbsp;&nbsp;&nbsp;_double_epilogue
<LI><a href="#[bf]">&gt;&gt;</a>&nbsp;&nbsp;&nbsp;__aeabi_uldivmod
</UL>

<P><STRONG><a name="[30e]"></a>_ll_ushift_r</STRONG> (Thumb, 0 bytes, Stack size 0 bytes, llushr.o(.text), UNUSED)

<P><STRONG><a name="[c8]"></a>__aeabi_lasr</STRONG> (Thumb, 36 bytes, Stack size 0 bytes, llsshr.o(.text))
<BR><BR>[Called By]<UL><LI><a href="#[c7]">&gt;&gt;</a>&nbsp;&nbsp;&nbsp;__aeabi_dadd
</UL>

<P><STRONG><a name="[30f]"></a>_ll_sshift_r</STRONG> (Thumb, 0 bytes, Stack size 0 bytes, llsshr.o(.text), UNUSED)

<P><STRONG><a name="[d3]"></a>posix_memalign</STRONG> (Thumb, 36 bytes, Stack size 8 bytes, memalign.o(.text))
<BR><BR>[Stack]<UL><LI>Max Depth = 36<LI>Call Chain = posix_memalign &rArr; __aligned_malloc
</UL>
<BR>[Calls]<UL><LI><a href="#[d4]">&gt;&gt;</a>&nbsp;&nbsp;&nbsp;__aligned_malloc
</UL>
<BR>[Called By]<UL><LI><a href="#[278]">&gt;&gt;</a>&nbsp;&nbsp;&nbsp;operator new(unsigned int, std::align_val_t)
</UL>

<P><STRONG><a name="[310]"></a>__I$use$fp</STRONG> (Thumb, 0 bytes, Stack size 24 bytes, iusefp.o(.text), UNUSED)

<P><STRONG><a name="[c6]"></a>__aeabi_atexit</STRONG> (Thumb, 46 bytes, Stack size 24 bytes, aeabi_atexit.o(.text))
<BR><BR>[Stack]<UL><LI>Max Depth = 52<LI>Call Chain = __aeabi_atexit &rArr; malloc &rArr; __aligned_malloc
</UL>
<BR>[Calls]<UL><LI><a href="#[d5]">&gt;&gt;</a>&nbsp;&nbsp;&nbsp;malloc
<LI><a href="#[d6]">&gt;&gt;</a>&nbsp;&nbsp;&nbsp;__rt_ddtor_pointer_addr
</UL>
<BR>[Called By]<UL><LI><a href="#[c5]">&gt;&gt;</a>&nbsp;&nbsp;&nbsp;__cxa_atexit
</UL>

<P><STRONG><a name="[d2]"></a>_float_round</STRONG> (Thumb, 18 bytes, Stack size 0 bytes, fepilogue.o(.text))
<BR><BR>[Called By]<UL><LI><a href="#[d1]">&gt;&gt;</a>&nbsp;&nbsp;&nbsp;__aeabi_d2f
</UL>

<P><STRONG><a name="[311]"></a>_float_epilogue</STRONG> (Thumb, 92 bytes, Stack size 4 bytes, fepilogue.o(.text), UNUSED)

<P><STRONG><a name="[ca]"></a>_double_round</STRONG> (Thumb, 30 bytes, Stack size 8 bytes, depilogue.o(.text))
<BR><BR>[Stack]<UL><LI>Max Depth = 8<LI>Call Chain = _double_round
</UL>
<BR>[Called By]<UL><LI><a href="#[ce]">&gt;&gt;</a>&nbsp;&nbsp;&nbsp;__aeabi_ddiv
<LI><a href="#[c9]">&gt;&gt;</a>&nbsp;&nbsp;&nbsp;_double_epilogue
<LI><a href="#[c7]">&gt;&gt;</a>&nbsp;&nbsp;&nbsp;__aeabi_dadd
</UL>

<P><STRONG><a name="[c9]"></a>_double_epilogue</STRONG> (Thumb, 156 bytes, Stack size 32 bytes, depilogue.o(.text))
<BR><BR>[Stack]<UL><LI>Max Depth = 40<LI>Call Chain = _double_epilogue &rArr; _double_round
</UL>
<BR>[Calls]<UL><LI><a href="#[c0]">&gt;&gt;</a>&nbsp;&nbsp;&nbsp;__aeabi_llsr
<LI><a href="#[c1]">&gt;&gt;</a>&nbsp;&nbsp;&nbsp;__aeabi_llsl
<LI><a href="#[ca]">&gt;&gt;</a>&nbsp;&nbsp;&nbsp;_double_round
</UL>
<BR>[Called By]<UL><LI><a href="#[d0]">&gt;&gt;</a>&nbsp;&nbsp;&nbsp;__aeabi_ui2d
<LI><a href="#[d7]">&gt;&gt;</a>&nbsp;&nbsp;&nbsp;_drem
<LI><a href="#[cf]">&gt;&gt;</a>&nbsp;&nbsp;&nbsp;__aeabi_i2d
<LI><a href="#[c7]">&gt;&gt;</a>&nbsp;&nbsp;&nbsp;__aeabi_dadd
<LI><a href="#[cd]">&gt;&gt;</a>&nbsp;&nbsp;&nbsp;__aeabi_dmul
</UL>

<P><STRONG><a name="[d7]"></a>_drem</STRONG> (Thumb, 134 bytes, Stack size 48 bytes, drem.o(.text))
<BR><BR>[Stack]<UL><LI>Max Depth = 88<LI>Call Chain = _drem &rArr; _double_epilogue &rArr; _double_round
</UL>
<BR>[Calls]<UL><LI><a href="#[c9]">&gt;&gt;</a>&nbsp;&nbsp;&nbsp;_double_epilogue
</UL>
<BR>[Called By]<UL><LI><a href="#[29a]">&gt;&gt;</a>&nbsp;&nbsp;&nbsp;__hardfp_fmod
</UL>

<P><STRONG><a name="[bb]"></a>__scatterload</STRONG> (Thumb, 38 bytes, Stack size 0 bytes, init.o(.text))
<BR><BR>[Calls]<UL><LI><a href="#[d8]">&gt;&gt;</a>&nbsp;&nbsp;&nbsp;__main_after_scatterload
</UL>
<BR>[Called By]<UL><LI><a href="#[ba]">&gt;&gt;</a>&nbsp;&nbsp;&nbsp;_main_scatterload
</UL>

<P><STRONG><a name="[312]"></a>__scatterload_rt2</STRONG> (Thumb, 0 bytes, Stack size 0 bytes, init.o(.text), UNUSED)

<P><STRONG><a name="[313]"></a>__aeabi_uidiv</STRONG> (Thumb, 0 bytes, Stack size 12 bytes, uidiv.o(.text), UNUSED)

<P><STRONG><a name="[302]"></a>__aeabi_uidivmod</STRONG> (Thumb, 44 bytes, Stack size 12 bytes, uidiv.o(.text), UNUSED)
<BR><BR>[Called By]<UL><LI><a href="#[2f6]">&gt;&gt;</a>&nbsp;&nbsp;&nbsp;_printf_core
</UL>

<P><STRONG><a name="[d6]"></a>__rt_ddtor_pointer_addr</STRONG> (Thumb, 4 bytes, Stack size 0 bytes, cpp_dtor.o(.text))
<BR><BR>[Called By]<UL><LI><a href="#[be]">&gt;&gt;</a>&nbsp;&nbsp;&nbsp;__cxa_finalize
<LI><a href="#[c6]">&gt;&gt;</a>&nbsp;&nbsp;&nbsp;__aeabi_atexit
</UL>

<P><STRONG><a name="[be]"></a>__cxa_finalize</STRONG> (Thumb, 66 bytes, Stack size 24 bytes, cxa_finalize.o(.text))
<BR><BR>[Stack]<UL><LI>Max Depth = 32<LI>Call Chain = __cxa_finalize &rArr; free
</UL>
<BR>[Calls]<UL><LI><a href="#[d9]">&gt;&gt;</a>&nbsp;&nbsp;&nbsp;free
<LI><a href="#[d6]">&gt;&gt;</a>&nbsp;&nbsp;&nbsp;__rt_ddtor_pointer_addr
</UL>
<BR>[Called By]<UL><LI><a href="#[bd]">&gt;&gt;</a>&nbsp;&nbsp;&nbsp;__rt_final_cpp$nonempty
</UL>

<P><STRONG><a name="[da]"></a>__aeabi_d2ulz</STRONG> (Thumb, 48 bytes, Stack size 0 bytes, dfixul.o(.text), UNUSED)
<BR><BR>[Calls]<UL><LI><a href="#[c0]">&gt;&gt;</a>&nbsp;&nbsp;&nbsp;__aeabi_llsr
<LI><a href="#[c1]">&gt;&gt;</a>&nbsp;&nbsp;&nbsp;__aeabi_llsl
</UL>
<BR>[Called By]<UL><LI><a href="#[2fe]">&gt;&gt;</a>&nbsp;&nbsp;&nbsp;_fp_digits
</UL>

<P><STRONG><a name="[2ff]"></a>__aeabi_cdrcmple</STRONG> (Thumb, 48 bytes, Stack size 0 bytes, cdrcmple.o(.text), UNUSED)
<BR><BR>[Called By]<UL><LI><a href="#[2fe]">&gt;&gt;</a>&nbsp;&nbsp;&nbsp;_fp_digits
</UL>

<P><STRONG><a name="[314]"></a>__I$use$semihosting$fputc</STRONG> (Thumb, 0 bytes, Stack size 0 bytes, iusesemip.o(.text), UNUSED)

<P><STRONG><a name="[315]"></a>__rt_lib_shutdown_cpp_2</STRONG> (Thumb, 2 bytes, Stack size 0 bytes, cpp_final.o(.text), UNUSED)

<P><STRONG><a name="[316]"></a>__semihosting_library_function</STRONG> (Thumb, 0 bytes, Stack size 0 bytes, semi.o(.text), UNUSED)

<P><STRONG><a name="[4]"></a>BusFault_Handler</STRONG> (Thumb, 4 bytes, Stack size 0 bytes, stm32f4xx_it.o(.text.BusFault_Handler))
<BR>[Address Reference Count : 1]<UL><LI> startup_stm32f427xx.o(RESET)
</UL>
<P><STRONG><a name="[1e]"></a>CAN1_RX0_IRQHandler</STRONG> (Thumb, 16 bytes, Stack size 8 bytes, stm32f4xx_it.o(.text.CAN1_RX0_IRQHandler))
<BR><BR>[Stack]<UL><LI>Max Depth = 308<LI>Call Chain = CAN1_RX0_IRQHandler &rArr; HAL_CAN_IRQHandler &rArr; HAL_CAN_RxFifo0MsgPendingCallback &rArr; HAL::CAN::get_can_bus_instance() &rArr; HAL::CAN::CanBus::instance() &rArr; HAL::CAN::CanBus::CanBus() &rArr; HAL::CAN::CanDevice::CanDevice(CAN_HandleTypeDef*, unsigned int, unsigned int) &rArr; std::__2::vector&lang;std::__2::function&lang;void (HAL::CAN::Frame const&)&rang;, std::__2::allocator&lang;std::__2::function&lang;void (HAL::CAN::Frame const&)&rang;&rang;&rang;::vector__sub_object[abi:v180000]() &rArr; std::__2::__compressed_pair&lang;std::__2::function&lang;void (HAL::CAN::Frame const&)&rang;*, std::__2::allocator&lang;std::__2::function&lang;void (HAL::CAN::Frame const&)&rang;&rang;&rang;::__compressed_pair__sub_object[abi:v180000]&lang;std::nullptr_t, std::__2::__default_init_tag&rang;(std::nullptr_t&&, std::__2::__default_init_tag&&) &rArr; std::__2::__compressed_pair_elem&lang;std::__2::allocator&lang;std::__2::function&lang;void (HAL::CAN::Frame const&)&rang;&rang;, 1, true&rang;::__compressed_pair_elem__sub_object[abi:v180000](std::__2::__default_init_tag) &rArr; std::__2::allocator&lang;std::__2::function&lang;void (HAL::CAN::Frame const&)&rang;&rang;::allocator__sub_object[abi:v180000]() &rArr; std::__2::__non_trivial_if&lang;true, std::__2::allocator&lang;std::__2::function&lang;void (HAL::CAN::Frame const&)&rang;&rang;&rang;::__non_trivial_if__sub_object[abi:v180000]()
</UL>
<BR>[Calls]<UL><LI><a href="#[db]">&gt;&gt;</a>&nbsp;&nbsp;&nbsp;HAL_CAN_IRQHandler
</UL>
<BR>[Address Reference Count : 1]<UL><LI> startup_stm32f427xx.o(RESET)
</UL>
<P><STRONG><a name="[1f]"></a>CAN1_RX1_IRQHandler</STRONG> (Thumb, 16 bytes, Stack size 8 bytes, stm32f4xx_it.o(.text.CAN1_RX1_IRQHandler))
<BR><BR>[Stack]<UL><LI>Max Depth = 308<LI>Call Chain = CAN1_RX1_IRQHandler &rArr; HAL_CAN_IRQHandler &rArr; HAL_CAN_RxFifo0MsgPendingCallback &rArr; HAL::CAN::get_can_bus_instance() &rArr; HAL::CAN::CanBus::instance() &rArr; HAL::CAN::CanBus::CanBus() &rArr; HAL::CAN::CanDevice::CanDevice(CAN_HandleTypeDef*, unsigned int, unsigned int) &rArr; std::__2::vector&lang;std::__2::function&lang;void (HAL::CAN::Frame const&)&rang;, std::__2::allocator&lang;std::__2::function&lang;void (HAL::CAN::Frame const&)&rang;&rang;&rang;::vector__sub_object[abi:v180000]() &rArr; std::__2::__compressed_pair&lang;std::__2::function&lang;void (HAL::CAN::Frame const&)&rang;*, std::__2::allocator&lang;std::__2::function&lang;void (HAL::CAN::Frame const&)&rang;&rang;&rang;::__compressed_pair__sub_object[abi:v180000]&lang;std::nullptr_t, std::__2::__default_init_tag&rang;(std::nullptr_t&&, std::__2::__default_init_tag&&) &rArr; std::__2::__compressed_pair_elem&lang;std::__2::allocator&lang;std::__2::function&lang;void (HAL::CAN::Frame const&)&rang;&rang;, 1, true&rang;::__compressed_pair_elem__sub_object[abi:v180000](std::__2::__default_init_tag) &rArr; std::__2::allocator&lang;std::__2::function&lang;void (HAL::CAN::Frame const&)&rang;&rang;::allocator__sub_object[abi:v180000]() &rArr; std::__2::__non_trivial_if&lang;true, std::__2::allocator&lang;std::__2::function&lang;void (HAL::CAN::Frame const&)&rang;&rang;&rang;::__non_trivial_if__sub_object[abi:v180000]()
</UL>
<BR>[Calls]<UL><LI><a href="#[db]">&gt;&gt;</a>&nbsp;&nbsp;&nbsp;HAL_CAN_IRQHandler
</UL>
<BR>[Address Reference Count : 1]<UL><LI> startup_stm32f427xx.o(RESET)
</UL>
<P><STRONG><a name="[4a]"></a>CAN2_RX0_IRQHandler</STRONG> (Thumb, 16 bytes, Stack size 8 bytes, stm32f4xx_it.o(.text.CAN2_RX0_IRQHandler))
<BR><BR>[Stack]<UL><LI>Max Depth = 308<LI>Call Chain = CAN2_RX0_IRQHandler &rArr; HAL_CAN_IRQHandler &rArr; HAL_CAN_RxFifo0MsgPendingCallback &rArr; HAL::CAN::get_can_bus_instance() &rArr; HAL::CAN::CanBus::instance() &rArr; HAL::CAN::CanBus::CanBus() &rArr; HAL::CAN::CanDevice::CanDevice(CAN_HandleTypeDef*, unsigned int, unsigned int) &rArr; std::__2::vector&lang;std::__2::function&lang;void (HAL::CAN::Frame const&)&rang;, std::__2::allocator&lang;std::__2::function&lang;void (HAL::CAN::Frame const&)&rang;&rang;&rang;::vector__sub_object[abi:v180000]() &rArr; std::__2::__compressed_pair&lang;std::__2::function&lang;void (HAL::CAN::Frame const&)&rang;*, std::__2::allocator&lang;std::__2::function&lang;void (HAL::CAN::Frame const&)&rang;&rang;&rang;::__compressed_pair__sub_object[abi:v180000]&lang;std::nullptr_t, std::__2::__default_init_tag&rang;(std::nullptr_t&&, std::__2::__default_init_tag&&) &rArr; std::__2::__compressed_pair_elem&lang;std::__2::allocator&lang;std::__2::function&lang;void (HAL::CAN::Frame const&)&rang;&rang;, 1, true&rang;::__compressed_pair_elem__sub_object[abi:v180000](std::__2::__default_init_tag) &rArr; std::__2::allocator&lang;std::__2::function&lang;void (HAL::CAN::Frame const&)&rang;&rang;::allocator__sub_object[abi:v180000]() &rArr; std::__2::__non_trivial_if&lang;true, std::__2::allocator&lang;std::__2::function&lang;void (HAL::CAN::Frame const&)&rang;&rang;&rang;::__non_trivial_if__sub_object[abi:v180000]()
</UL>
<BR>[Calls]<UL><LI><a href="#[db]">&gt;&gt;</a>&nbsp;&nbsp;&nbsp;HAL_CAN_IRQHandler
</UL>
<BR>[Address Reference Count : 1]<UL><LI> startup_stm32f427xx.o(RESET)
</UL>
<P><STRONG><a name="[4b]"></a>CAN2_RX1_IRQHandler</STRONG> (Thumb, 16 bytes, Stack size 8 bytes, stm32f4xx_it.o(.text.CAN2_RX1_IRQHandler))
<BR><BR>[Stack]<UL><LI>Max Depth = 308<LI>Call Chain = CAN2_RX1_IRQHandler &rArr; HAL_CAN_IRQHandler &rArr; HAL_CAN_RxFifo0MsgPendingCallback &rArr; HAL::CAN::get_can_bus_instance() &rArr; HAL::CAN::CanBus::instance() &rArr; HAL::CAN::CanBus::CanBus() &rArr; HAL::CAN::CanDevice::CanDevice(CAN_HandleTypeDef*, unsigned int, unsigned int) &rArr; std::__2::vector&lang;std::__2::function&lang;void (HAL::CAN::Frame const&)&rang;, std::__2::allocator&lang;std::__2::function&lang;void (HAL::CAN::Frame const&)&rang;&rang;&rang;::vector__sub_object[abi:v180000]() &rArr; std::__2::__compressed_pair&lang;std::__2::function&lang;void (HAL::CAN::Frame const&)&rang;*, std::__2::allocator&lang;std::__2::function&lang;void (HAL::CAN::Frame const&)&rang;&rang;&rang;::__compressed_pair__sub_object[abi:v180000]&lang;std::nullptr_t, std::__2::__default_init_tag&rang;(std::nullptr_t&&, std::__2::__default_init_tag&&) &rArr; std::__2::__compressed_pair_elem&lang;std::__2::allocator&lang;std::__2::function&lang;void (HAL::CAN::Frame const&)&rang;&rang;, 1, true&rang;::__compressed_pair_elem__sub_object[abi:v180000](std::__2::__default_init_tag) &rArr; std::__2::allocator&lang;std::__2::function&lang;void (HAL::CAN::Frame const&)&rang;&rang;::allocator__sub_object[abi:v180000]() &rArr; std::__2::__non_trivial_if&lang;true, std::__2::allocator&lang;std::__2::function&lang;void (HAL::CAN::Frame const&)&rang;&rang;&rang;::__non_trivial_if__sub_object[abi:v180000]()
</UL>
<BR>[Calls]<UL><LI><a href="#[db]">&gt;&gt;</a>&nbsp;&nbsp;&nbsp;HAL_CAN_IRQHandler
</UL>
<BR>[Address Reference Count : 1]<UL><LI> startup_stm32f427xx.o(RESET)
</UL>
<P><STRONG><a name="[78]"></a>Communication</STRONG> (Thumb, 16 bytes, Stack size 16 bytes, communicationtask.o(.text.Communication))
<BR><BR>[Stack]<UL><LI>Max Depth = 132<LI>Call Chain = Communication &rArr; osDelay &rArr; vTaskDelay &rArr; xTaskResumeAll &rArr; xTaskIncrementTick &rArr; vListInsertEnd
</UL>
<BR>[Calls]<UL><LI><a href="#[dc]">&gt;&gt;</a>&nbsp;&nbsp;&nbsp;osDelay
</UL>
<BR>[Address Reference Count : 1]<UL><LI> freertos.o(.rodata..L__const.MX_FREERTOS_Init.os_thread_def_Dispatch)
</UL>
<P><STRONG><a name="[76]"></a>Control</STRONG> (Thumb, 90 bytes, Stack size 48 bytes, controltask.o(.text.Control))
<BR><BR>[Stack]<UL><LI>Max Depth = 392<LI>Call Chain = Control &rArr; main_loop_chassis(unsigned char, unsigned char, bool, bool*) &rArr; SetTarget() &rArr; Follow_SetTarget() &rArr; CalculateTranslation_xy(float, float, float, float, float*, float*, float) &rArr; std::__2::__promote&lang;float, double, void&rang;::type std::__2::__math::fmod[abi:v180000]&lang;float, double, 0&rang;(float, double) &rArr; double std::__2::__math::fmod[abi:v180000]&lang;int&rang;(double, double) &rArr; __hardfp_fmod &rArr; _drem &rArr; _double_epilogue &rArr; _double_round
</UL>
<BR>[Calls]<UL><LI><a href="#[dc]">&gt;&gt;</a>&nbsp;&nbsp;&nbsp;osDelay
<LI><a href="#[e0]">&gt;&gt;</a>&nbsp;&nbsp;&nbsp;BSP::WATCH_STATE::BuzzerManagerSimple::update()
<LI><a href="#[de]">&gt;&gt;</a>&nbsp;&nbsp;&nbsp;BSP::WATCH_STATE::BuzzerManagerSimple::init()
<LI><a href="#[dd]">&gt;&gt;</a>&nbsp;&nbsp;&nbsp;BSP::WATCH_STATE::BuzzerManagerSimple::getInstance()
<LI><a href="#[e4]">&gt;&gt;</a>&nbsp;&nbsp;&nbsp;main_loop_chassis(unsigned char, unsigned char, bool, bool*)
<LI><a href="#[e2]">&gt;&gt;</a>&nbsp;&nbsp;&nbsp;BSP::REMOTE_CONTROL::RemoteController::get_s2() const
<LI><a href="#[e1]">&gt;&gt;</a>&nbsp;&nbsp;&nbsp;BSP::REMOTE_CONTROL::RemoteController::get_s1() const
<LI><a href="#[df]">&gt;&gt;</a>&nbsp;&nbsp;&nbsp;fsm_init()
<LI><a href="#[e3]">&gt;&gt;</a>&nbsp;&nbsp;&nbsp;check_online()
</UL>
[...]
<LI><a href="#[224]">&gt;&gt;</a>&nbsp;&nbsp;&nbsp;std::__2::__function::__default_alloc_func&lang;SerivalInit()::$_0, void (HAL::UART::Data const&)&rang;::__default_alloc_func__sub_object[abi:v180000](SerivalInit()::$_0&&)
<LI><a href="#[223]">&gt;&gt;</a>&nbsp;&nbsp;&nbsp;std::__2::__function::__policy const* std::__2::__function::__policy::__create[abi:v180000]&lang;std::__2::__function::__default_alloc_func&lang;SerivalInit()::$_0, void (HAL::UART::Data const&)&rang;&rang;()
<LI><a href="#[222]">&gt;&gt;</a>&nbsp;&nbsp;&nbsp;std::__2::__function::__policy_invoker&lang;void (HAL::UART::Data const&)&rang; std::__2::__function::__policy_invoker&lang;void (HAL::UART::Data const&)&rang;::__create[abi:v180000]&lang;std::__2::__function::__default_alloc_func&lang;SerivalInit()::$_0, void (HAL::UART::Data const&)&rang;&rang;()
<LI><a href="#[221]">&gt;&gt;</a>&nbsp;&nbsp;&nbsp;bool std::__2::__function::__not_null[abi:v180000]&lang;SerivalInit()::$_0&rang;(SerivalInit()::$_0 const&)
</UL>
<BR>[Called By]<UL><LI><a href="#[160]">&gt;&gt;</a>&nbsp;&nbsp;&nbsp;std::__2::function&lang;void (HAL::UART::Data const&)&rang;::function__sub_object&lang;SerivalInit()::$_0, void&rang;(SerivalInit()::$_0)
</UL>

<P><STRONG><a name="[221]"></a>bool std::__2::__function::__not_null[abi:v180000]&lang;SerivalInit()::$_0&rang;(SerivalInit()::$_0 const&)</STRONG> (Thumb, 10 bytes, Stack size 4 bytes, serialtask.o(.text._ZNSt3__210__function10__not_nullB7v180000IZ11SerivalInitvE3$_0EEbRKT_))
<BR><BR>[Stack]<UL><LI>Max Depth = 4<LI>Call Chain = bool std::__2::__function::__not_null[abi:v180000]&lang;SerivalInit()::$_0&rang;(SerivalInit()::$_0 const&)
</UL>
<BR>[Called By]<UL><LI><a href="#[220]">&gt;&gt;</a>&nbsp;&nbsp;&nbsp;std::__2::__function::__policy_func&lang;void (HAL::UART::Data const&)&rang;::__policy_func__sub_object[abi:v180000]&lang;SerivalInit()::$_0, 0&rang;(SerivalInit()::$_0&&)
</UL>

<P><STRONG><a name="[222]"></a>std::__2::__function::__policy_invoker&lang;void (HAL::UART::Data const&)&rang; std::__2::__function::__policy_invoker&lang;void (HAL::UART::Data const&)&rang;::__create[abi:v180000]&lang;std::__2::__function::__default_alloc_func&lang;SerivalInit()::$_0, void (HAL::UART::Data const&)&rang;&rang;()</STRONG> (Thumb, 24 bytes, Stack size 16 bytes, serialtask.o(.text._ZNSt3__210__function16__policy_invokerIFvRKN3HAL4UART4DataEEE8__createB7v180000INS0_20__default_alloc_funcIZ11SerivalInitvE3$_0S7_EEEES8_v))
<BR><BR>[Stack]<UL><LI>Max Depth = 24<LI>Call Chain = std::__2::__function::__policy_invoker&lang;void (HAL::UART::Data const&)&rang; std::__2::__function::__policy_invoker&lang;void (HAL::UART::Data const&)&rang;::__create[abi:v180000]&lang;std::__2::__function::__default_alloc_func&lang;SerivalInit()::$_0, void (HAL::UART::Data const&)&rang;&rang;() &rArr; std::__2::__function::__policy_invoker&lang;void (HAL::UART::Data const&)&rang;::__policy_invoker__sub_object[abi:v180000](void (*)(std::__2::__function::__policy_storage const*, HAL::UART::Data const&))
</UL>
<BR>[Calls]<UL><LI><a href="#[229]">&gt;&gt;</a>&nbsp;&nbsp;&nbsp;std::__2::__function::__policy_invoker&lang;void (HAL::UART::Data const&)&rang;::__policy_invoker__sub_object[abi:v180000](void (*)(std::__2::__function::__policy_storage const*, HAL::UART::Data const&))
</UL>
<BR>[Called By]<UL><LI><a href="#[220]">&gt;&gt;</a>&nbsp;&nbsp;&nbsp;std::__2::__function::__policy_func&lang;void (HAL::UART::Data const&)&rang;::__policy_func__sub_object[abi:v180000]&lang;SerivalInit()::$_0, 0&rang;(SerivalInit()::$_0&&)
</UL>

<P><STRONG><a name="[223]"></a>std::__2::__function::__policy const* std::__2::__function::__policy::__create[abi:v180000]&lang;std::__2::__function::__default_alloc_func&lang;SerivalInit()::$_0, void (HAL::UART::Data const&)&rang;&rang;()</STRONG> (Thumb, 12 bytes, Stack size 16 bytes, serialtask.o(.text._ZNSt3__210__function8__policy8__createB7v180000INS0_20__default_alloc_funcIZ11SerivalInitvE3$_0FvRKN3HAL4UART4DataEEEEEEPKS1_v))
<BR><BR>[Stack]<UL><LI>Max Depth = 20<LI>Call Chain = std::__2::__function::__policy const* std::__2::__function::__policy::__create[abi:v180000]&lang;std::__2::__function::__default_alloc_func&lang;SerivalInit()::$_0, void (HAL::UART::Data const&)&rang;&rang;() &rArr; std::__2::__function::__policy const* std::__2::__function::__policy::__choose_policy[abi:v180000]&lang;std::__2::__function::__default_alloc_func&lang;SerivalInit()::$_0, void (HAL::UART::Data const&)&rang;&rang;(std::__2::integral_constant&lang;bool, true&rang;)
</UL>
<BR>[Calls]<UL><LI><a href="#[22c]">&gt;&gt;</a>&nbsp;&nbsp;&nbsp;std::__2::__function::__policy const* std::__2::__function::__policy::__choose_policy[abi:v180000]&lang;std::__2::__function::__default_alloc_func&lang;SerivalInit()::$_0, void (HAL::UART::Data const&)&rang;&rang;(std::__2::integral_constant&lang;bool, true&rang;)
</UL>
<BR>[Called By]<UL><LI><a href="#[220]">&gt;&gt;</a>&nbsp;&nbsp;&nbsp;std::__2::__function::__policy_func&lang;void (HAL::UART::Data const&)&rang;::__policy_func__sub_object[abi:v180000]&lang;SerivalInit()::$_0, 0&rang;(SerivalInit()::$_0&&)
</UL>

<P><STRONG><a name="[224]"></a>std::__2::__function::__default_alloc_func&lang;SerivalInit()::$_0, void (HAL::UART::Data const&)&rang;::__default_alloc_func__sub_object[abi:v180000](SerivalInit()::$_0&&)</STRONG> (Thumb, 12 bytes, Stack size 8 bytes, serialtask.o(.text._ZNSt3__210__function20__default_alloc_funcIZ11SerivalInitvE3$_0FvRKN3HAL4UART4DataEEEC2B7v180000EOS2_))
<BR><BR>[Stack]<UL><LI>Max Depth = 8<LI>Call Chain = std::__2::__function::__default_alloc_func&lang;SerivalInit()::$_0, void (HAL::UART::Data const&)&rang;::__default_alloc_func__sub_object[abi:v180000](SerivalInit()::$_0&&)
</UL>
<BR>[Called By]<UL><LI><a href="#[220]">&gt;&gt;</a>&nbsp;&nbsp;&nbsp;std::__2::__function::__policy_func&lang;void (HAL::UART::Data const&)&rang;::__policy_func__sub_object[abi:v180000]&lang;SerivalInit()::$_0, 0&rang;(SerivalInit()::$_0&&)
</UL>

<P><STRONG><a name="[6f]"></a>void std::__2::__function::__policy_invoker&lang;void (HAL::UART::Data const&)&rang;::__call_impl[abi:v180000]&lang;std::__2::__function::__default_alloc_func&lang;SerivalInit()::$_0, void (HAL::UART::Data const&)&rang;&rang;(std::__2::__function::__policy_storage const*, HAL::UART::Data const&)</STRONG> (Thumb, 24 bytes, Stack size 24 bytes, serialtask.o(.text._ZNSt3__210__function16__policy_invokerIFvRKN3HAL4UART4DataEEE11__call_implB7v180000INS0_20__default_alloc_funcIZ11SerivalInitvE3$_0S7_EEEEvPKNS0_16__policy_storageES6_))
<BR><BR>[Stack]<UL><LI>Max Depth = 244<LI>Call Chain = void std::__2::__function::__policy_invoker&lang;void (HAL::UART::Data const&)&rang;::__call_impl[abi:v180000]&lang;std::__2::__function::__default_alloc_func&lang;SerivalInit()::$_0, void (HAL::UART::Data const&)&rang;&rang;(std::__2::__function::__policy_storage const*, HAL::UART::Data const&) &rArr; std::__2::__function::__default_alloc_func&lang;SerivalInit()::$_0, void (HAL::UART::Data const&)&rang;::operator()[abi:v180000](HAL::UART::Data const&) &rArr; void std::__2::__invoke_void_return_wrapper&lang;void, true&rang;::__call[abi:v180000]&lang;SerivalInit()::$_0&, HAL::UART::Data const&&rang;(SerivalInit()::$_0&, HAL::UART::Data const&) &rArr; decltype(std::declval&lang;SerivalInit()::$_0&&rang;()(std::declval&lang;HAL::UART::Data const&&rang;())) std::__2::__invoke[abi:v180000]&lang;SerivalInit()::$_0&, HAL::UART::Data const&&rang;(SerivalInit()::$_0&, HAL::UART::Data const&) &rArr; SerivalInit()::$_0::operator()(HAL::UART::Data const&) const &rArr; BoardCommunication::ParseProtocol(unsigned char const*, unsigned short) &rArr; BSP::REMOTE_CONTROL::RemoteController::parseData(unsigned char const*) &rArr; BSP::REMOTE_CONTROL::RemoteController::mapChannelValue(unsigned short) const &rArr; short const& std::__2::min[abi:v180000]&lang;short&rang;(short const&, short const&) &rArr; short const& std::__2::min[abi:v180000]&lang;short, std::__2::__less&lang;void, void&rang;&rang;(short const&, short const&, std::__2::__less&lang;void, void&rang;) &rArr; bool std::__2::__less&lang;void, void&rang;::operator()[abi:v180000]&lang;short, short&rang;(short const&, short const&) const
</UL>
<BR>[Calls]<UL><LI><a href="#[228]">&gt;&gt;</a>&nbsp;&nbsp;&nbsp;std::__2::__function::__default_alloc_func&lang;SerivalInit()::$_0, void (HAL::UART::Data const&)&rang;::operator()[abi:v180000](HAL::UART::Data const&)
</UL>
<BR>[Address Reference Count : 1]<UL><LI> serialtask.o(.text._ZNSt3__210__function16__policy_invokerIFvRKN3HAL4UART4DataEEE8__createB7v180000INS0_20__default_alloc_funcIZ11SerivalInitvE3$_0S7_EEEES8_v)
</UL>
<P><STRONG><a name="[22c]"></a>std::__2::__function::__policy const* std::__2::__function::__policy::__choose_policy[abi:v180000]&lang;std::__2::__function::__default_alloc_func&lang;SerivalInit()::$_0, void (HAL::UART::Data const&)&rang;&rang;(std::__2::integral_constant&lang;bool, true&rang;)</STRONG> (Thumb, 14 bytes, Stack size 4 bytes, serialtask.o(.text._ZNSt3__210__function8__policy15__choose_policyB7v180000INS0_20__default_alloc_funcIZ11SerivalInitvE3$_0FvRKN3HAL4UART4DataEEEEEEPKS1_NS_17integral_constantIbLb1EEE))
<BR><BR>[Stack]<UL><LI>Max Depth = 4<LI>Call Chain = std::__2::__function::__policy const* std::__2::__function::__policy::__choose_policy[abi:v180000]&lang;std::__2::__function::__default_alloc_func&lang;SerivalInit()::$_0, void (HAL::UART::Data const&)&rang;&rang;(std::__2::integral_constant&lang;bool, true&rang;)
</UL>
<BR>[Called By]<UL><LI><a href="#[223]">&gt;&gt;</a>&nbsp;&nbsp;&nbsp;std::__2::__function::__policy const* std::__2::__function::__policy::__create[abi:v180000]&lang;std::__2::__function::__default_alloc_func&lang;SerivalInit()::$_0, void (HAL::UART::Data const&)&rang;&rang;()
</UL>

<P><STRONG><a name="[228]"></a>std::__2::__function::__default_alloc_func&lang;SerivalInit()::$_0, void (HAL::UART::Data const&)&rang;::operator()[abi:v180000](HAL::UART::Data const&)</STRONG> (Thumb, 20 bytes, Stack size 16 bytes, serialtask.o(.text._ZNSt3__210__function20__default_alloc_funcIZ11SerivalInitvE3$_0FvRKN3HAL4UART4DataEEEclB7v180000ES7_))
<BR><BR>[Stack]<UL><LI>Max Depth = 220<LI>Call Chain = std::__2::__function::__default_alloc_func&lang;SerivalInit()::$_0, void (HAL::UART::Data const&)&rang;::operator()[abi:v180000](HAL::UART::Data const&) &rArr; void std::__2::__invoke_void_return_wrapper&lang;void, true&rang;::__call[abi:v180000]&lang;SerivalInit()::$_0&, HAL::UART::Data const&&rang;(SerivalInit()::$_0&, HAL::UART::Data const&) &rArr; decltype(std::declval&lang;SerivalInit()::$_0&&rang;()(std::declval&lang;HAL::UART::Data const&&rang;())) std::__2::__invoke[abi:v180000]&lang;SerivalInit()::$_0&, HAL::UART::Data const&&rang;(SerivalInit()::$_0&, HAL::UART::Data const&) &rArr; SerivalInit()::$_0::operator()(HAL::UART::Data const&) const &rArr; BoardCommunication::ParseProtocol(unsigned char const*, unsigned short) &rArr; BSP::REMOTE_CONTROL::RemoteController::parseData(unsigned char const*) &rArr; BSP::REMOTE_CONTROL::RemoteController::mapChannelValue(unsigned short) const &rArr; short const& std::__2::min[abi:v180000]&lang;short&rang;(short const&, short const&) &rArr; short const& std::__2::min[abi:v180000]&lang;short, std::__2::__less&lang;void, void&rang;&rang;(short const&, short const&, std::__2::__less&lang;void, void&rang;) &rArr; bool std::__2::__less&lang;void, void&rang;::operator()[abi:v180000]&lang;short, short&rang;(short const&, short const&) const
</UL>
<BR>[Calls]<UL><LI><a href="#[22a]">&gt;&gt;</a>&nbsp;&nbsp;&nbsp;void std::__2::__invoke_void_return_wrapper&lang;void, true&rang;::__call[abi:v180000]&lang;SerivalInit()::$_0&, HAL::UART::Data const&&rang;(SerivalInit()::$_0&, HAL::UART::Data const&)
</UL>
<BR>[Called By]<UL><LI><a href="#[6f]">&gt;&gt;</a>&nbsp;&nbsp;&nbsp;void std::__2::__function::__policy_invoker&lang;void (HAL::UART::Data const&)&rang;::__call_impl[abi:v180000]&lang;std::__2::__function::__default_alloc_func&lang;SerivalInit()::$_0, void (HAL::UART::Data const&)&rang;&rang;(std::__2::__function::__policy_storage const*, HAL::UART::Data const&)
</UL>

<P><STRONG><a name="[22a]"></a>void std::__2::__invoke_void_return_wrapper&lang;void, true&rang;::__call[abi:v180000]&lang;SerivalInit()::$_0&, HAL::UART::Data const&&rang;(SerivalInit()::$_0&, HAL::UART::Data const&)</STRONG> (Thumb, 20 bytes, Stack size 16 bytes, serialtask.o(.text._ZNSt3__228__invoke_void_return_wrapperIvLb1EE6__callB7v180000IJRZ11SerivalInitvE3$_0RKN3HAL4UART4DataEEEEvDpOT_))
<BR><BR>[Stack]<UL><LI>Max Depth = 204<LI>Call Chain = void std::__2::__invoke_void_return_wrapper&lang;void, true&rang;::__call[abi:v180000]&lang;SerivalInit()::$_0&, HAL::UART::Data const&&rang;(SerivalInit()::$_0&, HAL::UART::Data const&) &rArr; decltype(std::declval&lang;SerivalInit()::$_0&&rang;()(std::declval&lang;HAL::UART::Data const&&rang;())) std::__2::__invoke[abi:v180000]&lang;SerivalInit()::$_0&, HAL::UART::Data const&&rang;(SerivalInit()::$_0&, HAL::UART::Data const&) &rArr; SerivalInit()::$_0::operator()(HAL::UART::Data const&) const &rArr; BoardCommunication::ParseProtocol(unsigned char const*, unsigned short) &rArr; BSP::REMOTE_CONTROL::RemoteController::parseData(unsigned char const*) &rArr; BSP::REMOTE_CONTROL::RemoteController::mapChannelValue(unsigned short) const &rArr; short const& std::__2::min[abi:v180000]&lang;short&rang;(short const&, short const&) &rArr; short const& std::__2::min[abi:v180000]&lang;short, std::__2::__less&lang;void, void&rang;&rang;(short const&, short const&, std::__2::__less&lang;void, void&rang;) &rArr; bool std::__2::__less&lang;void, void&rang;::operator()[abi:v180000]&lang;short, short&rang;(short const&, short const&) const
</UL>
<BR>[Calls]<UL><LI><a href="#[283]">&gt;&gt;</a>&nbsp;&nbsp;&nbsp;decltype(std::declval&lang;SerivalInit()::$_0&&rang;()(std::declval&lang;HAL::UART::Data const&&rang;())) std::__2::__invoke[abi:v180000]&lang;SerivalInit()::$_0&, HAL::UART::Data const&&rang;(SerivalInit()::$_0&, HAL::UART::Data const&)
</UL>
<BR>[Called By]<UL><LI><a href="#[228]">&gt;&gt;</a>&nbsp;&nbsp;&nbsp;std::__2::__function::__default_alloc_func&lang;SerivalInit()::$_0, void (HAL::UART::Data const&)&rang;::operator()[abi:v180000](HAL::UART::Data const&)
</UL>

<P><STRONG><a name="[283]"></a>decltype(std::declval&lang;SerivalInit()::$_0&&rang;()(std::declval&lang;HAL::UART::Data const&&rang;())) std::__2::__invoke[abi:v180000]&lang;SerivalInit()::$_0&, HAL::UART::Data const&&rang;(SerivalInit()::$_0&, HAL::UART::Data const&)</STRONG> (Thumb, 20 bytes, Stack size 16 bytes, serialtask.o(.text._ZNSt3__28__invokeB7v180000IRZ11SerivalInitvE3$_0JRKN3HAL4UART4DataEEEEDTclclsr3stdE7declvalIT_EEspclsr3stdE7declvalIT0_EEEEOS8_DpOS9_))
<BR><BR>[Stack]<UL><LI>Max Depth = 188<LI>Call Chain = decltype(std::declval&lang;SerivalInit()::$_0&&rang;()(std::declval&lang;HAL::UART::Data const&&rang;())) std::__2::__invoke[abi:v180000]&lang;SerivalInit()::$_0&, HAL::UART::Data const&&rang;(SerivalInit()::$_0&, HAL::UART::Data const&) &rArr; SerivalInit()::$_0::operator()(HAL::UART::Data const&) const &rArr; BoardCommunication::ParseProtocol(unsigned char const*, unsigned short) &rArr; BSP::REMOTE_CONTROL::RemoteController::parseData(unsigned char const*) &rArr; BSP::REMOTE_CONTROL::RemoteController::mapChannelValue(unsigned short) const &rArr; short const& std::__2::min[abi:v180000]&lang;short&rang;(short const&, short const&) &rArr; short const& std::__2::min[abi:v180000]&lang;short, std::__2::__less&lang;void, void&rang;&rang;(short const&, short const&, std::__2::__less&lang;void, void&rang;) &rArr; bool std::__2::__less&lang;void, void&rang;::operator()[abi:v180000]&lang;short, short&rang;(short const&, short const&) const
</UL>
<BR>[Calls]<UL><LI><a href="#[2bb]">&gt;&gt;</a>&nbsp;&nbsp;&nbsp;SerivalInit()::$_0::operator()(HAL::UART::Data const&) const
</UL>
<BR>[Called By]<UL><LI><a href="#[22a]">&gt;&gt;</a>&nbsp;&nbsp;&nbsp;void std::__2::__invoke_void_return_wrapper&lang;void, true&rang;::__call[abi:v180000]&lang;SerivalInit()::$_0&, HAL::UART::Data const&&rang;(SerivalInit()::$_0&, HAL::UART::Data const&)
</UL>

<P><STRONG><a name="[2bb]"></a>SerivalInit()::$_0::operator()(HAL::UART::Data const&) const</STRONG> (Thumb, 50 bytes, Stack size 16 bytes, serialtask.o(.text._ZZ11SerivalInitvENK3$_0clERKN3HAL4UART4DataE))
<BR><BR>[Stack]<UL><LI>Max Depth = 172<LI>Call Chain = SerivalInit()::$_0::operator()(HAL::UART::Data const&) const &rArr; BoardCommunication::ParseProtocol(unsigned char const*, unsigned short) &rArr; BSP::REMOTE_CONTROL::RemoteController::parseData(unsigned char const*) &rArr; BSP::REMOTE_CONTROL::RemoteController::mapChannelValue(unsigned short) const &rArr; short const& std::__2::min[abi:v180000]&lang;short&rang;(short const&, short const&) &rArr; short const& std::__2::min[abi:v180000]&lang;short, std::__2::__less&lang;void, void&rang;&rang;(short const&, short const&, std::__2::__less&lang;void, void&rang;) &rArr; bool std::__2::__less&lang;void, void&rang;::operator()[abi:v180000]&lang;short, short&rang;(short const&, short const&) const
</UL>
<BR>[Calls]<UL><LI><a href="#[18c]">&gt;&gt;</a>&nbsp;&nbsp;&nbsp;BoardCommunication::ParseProtocol(unsigned char const*, unsigned short)
</UL>
<BR>[Called By]<UL><LI><a href="#[283]">&gt;&gt;</a>&nbsp;&nbsp;&nbsp;decltype(std::declval&lang;SerivalInit()::$_0&&rang;()(std::declval&lang;HAL::UART::Data const&&rang;())) std::__2::__invoke[abi:v180000]&lang;SerivalInit()::$_0&, HAL::UART::Data const&&rang;(SerivalInit()::$_0&, HAL::UART::Data const&)
</UL>

<P><STRONG><a name="[b8]"></a>_GLOBAL__sub_I_SerialTask.cpp</STRONG> (Thumb, 8 bytes, Stack size 8 bytes, serialtask.o(.text._GLOBAL__sub_I_SerialTask.cpp))
<BR><BR>[Stack]<UL><LI>Max Depth = 48<LI>Call Chain = _GLOBAL__sub_I_SerialTask.cpp &rArr; __cxx_global_var_init &rArr; BSP::REMOTE_CONTROL::RemoteController::RemoteController__sub_object(int) &rArr; BSP::WATCH_STATE::StateWatch::StateWatch__sub_object(unsigned int)
</UL>
<BR>[Calls]<UL><LI><a href="#[15f]">&gt;&gt;</a>&nbsp;&nbsp;&nbsp;__cxx_global_var_init
</UL>
<BR>[Address Reference Count : 1]<UL><LI> serialtask.o(.init_array)
</UL>
<P><STRONG><a name="[2fe]"></a>_fp_digits</STRONG> (Thumb, 366 bytes, Stack size 64 bytes, printfa.o(i._fp_digits), UNUSED)
<BR><BR>[Calls]<UL><LI><a href="#[ce]">&gt;&gt;</a>&nbsp;&nbsp;&nbsp;__aeabi_ddiv
<LI><a href="#[da]">&gt;&gt;</a>&nbsp;&nbsp;&nbsp;__aeabi_d2ulz
<LI><a href="#[2ff]">&gt;&gt;</a>&nbsp;&nbsp;&nbsp;__aeabi_cdrcmple
<LI><a href="#[bf]">&gt;&gt;</a>&nbsp;&nbsp;&nbsp;__aeabi_uldivmod
<LI><a href="#[c7]">&gt;&gt;</a>&nbsp;&nbsp;&nbsp;__aeabi_dadd
<LI><a href="#[cd]">&gt;&gt;</a>&nbsp;&nbsp;&nbsp;__aeabi_dmul
</UL>
<BR>[Called By]<UL><LI><a href="#[2f6]">&gt;&gt;</a>&nbsp;&nbsp;&nbsp;_printf_core
</UL>

<P><STRONG><a name="[2f6]"></a>_printf_core</STRONG> (Thumb, 1744 bytes, Stack size 136 bytes, printfa.o(i._printf_core), UNUSED)
<BR><BR>[Calls]<UL><LI><a href="#[300]">&gt;&gt;</a>&nbsp;&nbsp;&nbsp;_printf_pre_padding
<LI><a href="#[301]">&gt;&gt;</a>&nbsp;&nbsp;&nbsp;_printf_post_padding
<LI><a href="#[2fe]">&gt;&gt;</a>&nbsp;&nbsp;&nbsp;_fp_digits
<LI><a href="#[bf]">&gt;&gt;</a>&nbsp;&nbsp;&nbsp;__aeabi_uldivmod
<LI><a href="#[302]">&gt;&gt;</a>&nbsp;&nbsp;&nbsp;__aeabi_uidivmod
</UL>
<BR>[Called By]<UL><LI><a href="#[2f5]">&gt;&gt;</a>&nbsp;&nbsp;&nbsp;__0vfprintf
</UL>

<P><STRONG><a name="[301]"></a>_printf_post_padding</STRONG> (Thumb, 36 bytes, Stack size 24 bytes, printfa.o(i._printf_post_padding), UNUSED)
<BR><BR>[Called By]<UL><LI><a href="#[2f6]">&gt;&gt;</a>&nbsp;&nbsp;&nbsp;_printf_core
</UL>

<P><STRONG><a name="[300]"></a>_printf_pre_padding</STRONG> (Thumb, 46 bytes, Stack size 24 bytes, printfa.o(i._printf_pre_padding), UNUSED)
<BR><BR>[Called By]<UL><LI><a href="#[2f6]">&gt;&gt;</a>&nbsp;&nbsp;&nbsp;_printf_core
</UL>
<P>
<H3>
Undefined Global Symbols
</H3><HR></body></html>
